10-18 11:48:29.811   540  2950 D audio_hw_primary: disable_snd_device: snd_device(69: vi-feedback)
10-18 11:48:29.811   540  2950 D audio_hw_primary: disable_audio_route: reset and update mixer path: spkr-vi-record
10-18 11:48:29.813   540  2950 I soundtrigger: audio_extn_sound_trigger_update_device_status: device 0x2 of type 0 for Event 0
10-18 11:48:29.815   540  2950 D audio_hw_primary: out_set_parameters: enter: usecase(1: low-latency-playback) kvpairs: routing=2
10-18 11:48:29.828   540  2950 D audio_hw_primary: select_devices: out_snd_device(2: speaker) in_snd_device(0: none)
10-18 11:48:29.828   540  2950 D msm8974_platform: platform_send_audio_calibration: sending audio calibration for snd_device(2) acdb_id(101)
10-18 11:48:29.828   540  2950 I soundtrigger: audio_extn_sound_trigger_update_device_status: device 0x2 of type 0 for Event 1
10-18 11:48:29.831   540  2950 D msm8974_platform: platform_send_audio_calibration: sending audio calibration for snd_device(69) acdb_id(102)
10-18 11:48:29.831   540  2950 D audio_hw_primary: enable_snd_device: snd_device(69: vi-feedback)
10-18 11:48:29.831   540  2950 D audio_hw_primary: enable_audio_route: apply and update mixer path: spkr-vi-record
10-18 11:48:29.857   540  2950 D msm8974_platform: platform_send_audio_calibration: sending audio calibration for snd_device(27) acdb_id(4)
10-18 11:48:29.857   540  2950 I ACDB-LOADER: ACDB AFE returned = -19
10-18 11:48:29.857   540  2950 D audio_hw_primary: enable_audio_route: apply and update mixer path: low-latency-playback
10-18 11:48:29.927   540  2950 D AudioFlinger: mixer(0xf3f00000) throttle end: throttle time(12)
10-18 11:48:30.408   540  2950 D audio_hw_primary: disable_audio_route: reset and update mixer path: low-latency-playback
10-18 11:48:30.411   540  2950 D audio_hw_primary: disable_snd_device: snd_device(2: speaker)
10-18 11:48:30.425   540  2950 D audio_hw_primary: disable_snd_device: snd_device(69: vi-feedback)
10-18 11:48:30.425   540  2950 D audio_hw_primary: disable_audio_route: reset and update mixer path: spkr-vi-record
10-18 11:48:30.429   540  2950 I soundtrigger: audio_extn_sound_trigger_update_device_status: device 0x2 of type 0 for Event 0
10-18 11:48:54.787   612   612 E QCALOG  : [MessageQ] ProcessNewMessage: [LOWI-SERVER] unknown deliver target [OS-Agent]
10-18 11:49:35.069   953  2954 I chatty  : uid=1000(system) WifiStateMachin expire 11 lines
10-18 11:49:36.096   953   969 E KernelCpuSpeedReader: Failed to read cpu-freq: /sys/devices/system/cpu/cpu4/cpufreq/stats/time_in_state: open failed: ENOENT (No such file or directory)
10-18 11:49:39.814   953 14868 I chatty  : uid=1000 system_server expire 11 lines
10-18 11:49:54.788   612   612 E QCALOG  : [MessageQ] ProcessNewMessage: [LOWI-SERVER] unknown deliver target [OS-Agent]
10-18 11:50:16.480   953  2962 D ConnectivityService: updateNetworkScore for NetworkAgentInfo [WIFI () - 103] to 56
10-18 11:50:17.544   953  8118 I ActivityManager: Killing 19017:com.android.calendar/u0a35 (adj 13): empty for 1802s
10-18 11:50:17.572   953  8118 I ActivityManager: Killing 19048:com.android.providers.calendar/u0a1 (adj 13): empty for 1803s
10-18 11:50:17.598   953  8118 I ActivityManager: Killing 19060:com.qualcomm.timeservice/1000 (adj 15): empty for 1803s
10-18 11:50:18.417 18861 18861 D HopeBay : HCFSMgmtReceiver(onReceive): action=hbt.intent.action.NOTIFY_INSUFFICIENT_PIN_SPACE
10-18 11:50:18.418 18861 18861 D HopeBay : HCFSMgmtReceiver(onReceive): isTeraAppLogin=true
10-18 11:50:18.430 18861 18861 D HopeBay : TeraMgmtService(onStartCommand): action=hbt.intent.action.NOTIFY_INSUFFICIENT_PIN_SPACE
10-18 11:50:19.387 18861 19868 D HopeBay : TeraMgmtService(onStartCommand): notifyRatio=80, ratio=6.922339666042136
10-18 11:50:19.490   953  2962 D ConnectivityService: updateNetworkScore for NetworkAgentInfo [WIFI () - 103] to 60
10-18 11:50:49.623   953  2962 D ConnectivityService: updateNetworkScore for NetworkAgentInfo [WIFI () - 103] to 56
10-18 11:50:52.634   953  2962 D ConnectivityService: updateNetworkScore for NetworkAgentInfo [WIFI () - 103] to 60
10-18 11:50:54.788   612   612 E QCALOG  : [MessageQ] ProcessNewMessage: [LOWI-SERVER] unknown deliver target [OS-Agent]
10-18 11:50:58.082  5018  6013 I PlayCommon: [224] com.google.android.play.a.g.e(790): Preparing logs for uploading
10-18 11:50:58.083  5018  6013 I PlayCommon: [224] com.google.android.play.a.g.e(792): No file ready to send
10-18 11:51:00.025   953   967 I ProcessStatsService: Prepared write state in 17ms
10-18 11:51:40.846   953  2962 D ConnectivityService: updateNetworkScore for NetworkAgentInfo [WIFI () - 103] to 56
10-18 11:51:43.858   953  2962 D ConnectivityService: updateNetworkScore for NetworkAgentInfo [WIFI () - 103] to 60
10-18 11:51:54.789   612   612 E QCALOG  : [MessageQ] ProcessNewMessage: [LOWI-SERVER] unknown deliver target [OS-Agent]
10-18 11:52:54.789   612   612 E QCALOG  : [MessageQ] ProcessNewMessage: [LOWI-SERVER] unknown deliver target [OS-Agent]
10-18 11:52:59.828   953  2954 I chatty  : uid=1000(system) WifiStateMachin expire 11 lines
10-18 11:53:38.300   953  2962 D ConnectivityService: updateNetworkScore for NetworkAgentInfo [WIFI () - 103] to 56
10-18 11:53:41.314   953  2962 D ConnectivityService: updateNetworkScore for NetworkAgentInfo [WIFI () - 103] to 60
10-18 11:53:53.373   953  2962 D ConnectivityService: updateNetworkScore for NetworkAgentInfo [WIFI () - 103] to 56
10-18 11:53:54.791   612   612 E QCALOG  : [MessageQ] ProcessNewMessage: [LOWI-SERVER] unknown deliver target [OS-Agent]
10-18 11:53:56.383   953  2962 D ConnectivityService: updateNetworkScore for NetworkAgentInfo [WIFI () - 103] to 60
10-18 11:54:08.425   953  2962 D ConnectivityService: updateNetworkScore for NetworkAgentInfo [WIFI () - 103] to 56
10-18 11:54:17.458   953  2962 D ConnectivityService: updateNetworkScore for NetworkAgentInfo [WIFI () - 103] to 60
10-18 11:54:43.044   953   969 I UsbPortManager: USB port changed: port=UsbPort{id=otg_default, supportedModes=dual}, status=UsbPortStatus{connected=false, currentMode=none, currentPowerRole=no-power, currentDataRole=no-data, supportedRoleCombinations=[no-power:no-data]}, canChangeMode=true, canChangePowerRole=false, canChangeDataRole=false
10-18 11:54:43.165   953  3071 W WindowManager: Attempted to remove non-existing token: android.os.Binder@b309b86
10-18 11:54:43.249  8225  8225 I iu.Environment: update battery state; isPlugged? false*
10-18 11:54:43.265  8225 19263 I iu.UploadsManager: num queued entries: 0
10-18 11:54:43.272  8225 19263 I iu.UploadsManager: num updated entries: 0
10-18 11:54:43.286  8225 19263 I iu.SyncManager: NEXT; no task
10-18 11:54:54.793   612   612 E QCALOG  : [MessageQ] ProcessNewMessage: [LOWI-SERVER] unknown deliver target [OS-Agent]
10-18 11:55:19.944   953  2954 I chatty  : uid=1000(system) WifiStateMachin expire 10 lines
10-18 11:55:21.770   953   974 I PowerManagerService: Going to sleep due to screen timeout (uid 1000)...
10-18 11:55:21.816   953   974 I chatty  : uid=1000(system) PowerManagerSer expire 10 lines
10-18 11:55:22.101 18861 18861 D HopeBay : OverviewFragment(onPause): 
10-18 11:55:22.101 18861 19114 D HopeBay : OverviewFragment->Runnable(run): UiRefreshThread is interrupted
10-18 11:55:22.102 18861 18861 D HopeBay : TeraMgmtService(onStartCommand): action=hbt.intent.action.ONGOING_NOTIFICATION
10-18 11:55:22.112   953  2656 I chatty  : uid=1000(system) HubConnection expire 11 lines
10-18 11:55:22.116   953   972 I DisplayManagerService: Display device changed state: "Built-in Screen", OFF
10-18 11:55:22.132   370   370 I chatty  : uid=1000(system) /system/bin/surfaceflinger expire 6 lines
10-18 11:55:22.244   370   438 I chatty  : uid=1000(system) hwcVsyncThread expire 2 lines
10-18 11:55:22.248   953  3039 I chatty  : uid=1000(system) PhotonicModulat expire 2 lines
10-18 11:55:22.254   953   974 I DreamManagerService: Entering dreamland.
10-18 11:55:22.254   953   974 I PowerManagerService: Dozing...
10-18 11:55:22.255   953   969 I DreamController: Starting dream: name=ComponentInfo{com.android.systemui/com.android.systemui.doze.DozeService}, isTest=false, canDoze=true, userId=0
10-18 11:55:22.319   953  5266 I chatty  : uid=1000(system) Binder_A expire 4 lines
10-18 11:55:22.329   540  3289 D audio_hw_primary: adev_set_parameters: enter: screen_state=on
10-18 11:55:22.799  3505 20219 D NfcService: Discovery configuration equal, not updating.
10-18 11:55:22.889   540  2968 D audio_hw_primary: adev_set_parameters: enter: screen_state=off
10-18 11:55:22.910  3505  3830 E NxpTml  : _i2c_write() errno : 5
10-18 11:55:22.911  3505  3830 E NxpTml  : PN54X - Error in I2C Write.....
10-18 11:55:22.911  3505  3832 E NxpHal  : write error status = 0x1ff
10-18 11:55:22.911  3505  3765 E NxpHal  : write_unlocked failed - PN54X Maybe in Standby Mode - Retry
10-18 11:55:26.887  3097  3097 D PhoneStatusBar: disable: < expand ICONS* alerts SYSTEM_INFO* back home recent clock search quick_settings >
10-18 11:55:26.963  3097  3097 D PhoneStatusBar: disable: < expand ICONS alerts SYSTEM_INFO back HOME* RECENT* clock SEARCH* quick_settings >
10-18 11:56:19.785   953 14868 I chatty  : uid=1000 system_server expire 4 lines
10-18 12:00:18.207 18861 18861 D HopeBay : HCFSMgmtReceiver(onReceive): action=hbt.intent.action.NOTIFY_INSUFFICIENT_PIN_SPACE
10-18 12:00:18.207 18861 18861 D HopeBay : HCFSMgmtReceiver(onReceive): isTeraAppLogin=true
10-18 12:00:18.208 18861 18861 D HopeBay : TeraMgmtService(onStartCommand): action=hbt.intent.action.NOTIFY_INSUFFICIENT_PIN_SPACE
10-18 12:00:18.254   953  3612 I chatty  : uid=1000(system) Binder_7 expire 2 lines
10-18 12:00:18.297  8151  8151 I Auth    : [AuthDelegateWrapper] Service intent: Intent { cmp=com.google.android.gms/.auth.account.authenticator.DefaultAuthDelegateService }.
10-18 12:00:18.298  8151  8151 I Auth    : [AuthDelegateWrapper] Service intent: Intent { cmp=com.google.android.gms/.auth.account.authenticator.DefaultAuthDelegateService }.
10-18 12:00:18.342   953  8119 I chatty  : uid=1000(system) Binder_D expire 1 line
10-18 12:00:19.150 18861 20150 D HopeBay : TeraMgmtService(onStartCommand): notifyRatio=80, ratio=6.922958450315493
10-18 12:00:30.214   953  2656 I chatty  : uid=1000(system) HubConnection expire 13 lines
10-18 12:02:40.922   612   612 E QCALOG  : [MessageQ] ProcessNewMessage: [LOWI-SERVER] unknown deliver target [OS-Agent]
10-18 12:04:20.448  5018  6013 I PlayCommon: [224] com.google.android.play.a.g.e(790): Preparing logs for uploading
10-18 12:04:20.448  5018  6013 I PlayCommon: [224] com.google.android.play.a.g.e(792): No file ready to send
10-18 12:09:17.283 18861 18861 D HopeBay : HCFSMgmtReceiver(onReceive): action=hbt.intent.action.NOTIFY_INSUFFICIENT_PIN_SPACE
10-18 12:09:17.283 18861 18861 D HopeBay : HCFSMgmtReceiver(onReceive): isTeraAppLogin=true
10-18 12:09:17.285 18861 18861 D HopeBay : TeraMgmtService(onStartCommand): action=hbt.intent.action.NOTIFY_INSUFFICIENT_PIN_SPACE
10-18 12:09:17.328  8225 20309 I EventLogChimeraService: Aggregate from 1476761796420 (log), 1476761796420 (data)
10-18 12:10:45.469 18861 20150 D HopeBay : TeraMgmtService(onStartCommand): notifyRatio=80, ratio=6.922463422896809
10-18 12:12:35.057   953  2934 I PowerManagerService: Waking up from dozing (uid 1000)...
10-18 12:12:35.059   953   953 I chatty  : uid=1000 system_server expire 1 line
10-18 12:12:35.063   953  2934 I chatty  : uid=1000(system) InputReader expire 1 line
10-18 12:12:35.081   953   974 I DisplayPowerController: Blocking screen on until initial contents have been drawn.
10-18 12:12:35.099   540   540 D audio_hw_primary: adev_set_parameters: enter: screen_state=on
10-18 12:12:35.104 20334 20334 I chatty  : uid=0(root) mdss_fb0 expire 1 line
10-18 12:12:35.109   953   972 I DisplayManagerService: Display device changed state: "Built-in Screen", ON
10-18 12:12:35.193   953   968 I chatty  : uid=1000(system) android.ui expire 2 lines
10-18 12:12:35.194  3505  3765 D BrcmNfcJni: RoutingManager::nfaEeCallback: NFA_EE_SET_TECH_CFG_EVT; status=0x0
10-18 12:12:35.194   953   974 I DisplayPowerController: Unblocked screen on after 113 ms
10-18 12:12:35.194  3505  3765 D BrcmNfcJni: RoutingManager::nfaEeCallback: NFA_EE_SET_PROTO_CFG_EVT; status=0x0
10-18 12:12:35.194  3505 20368 D BrcmNfcJni: RoutingManager::commitRouting
10-18 12:12:35.194  3505  3765 D BrcmNfcJni: RoutingManager::nfaEeCallback: NFA_EE_UPDATED_EVT
10-18 12:12:35.196  3505  3830 E NxpTml  : _i2c_write() errno : 5
10-18 12:12:35.196  3505  3830 E NxpTml  : PN54X - Error in I2C Write.....
10-18 12:12:35.197  3505  3832 E NxpHal  : write error status = 0x1ff
10-18 12:12:35.197  3505  3765 E NxpHal  : write_unlocked failed - PN54X Maybe in Standby Mode - Retry
10-18 12:12:35.198   953  2656 I chatty  : uid=1000(system) HubConnection expire 3 lines
10-18 12:12:35.199   953   974 I DreamManagerService: Gently waking up from dream.
10-18 12:12:35.200   953  3612 I DreamManagerService: Leaving dreamland.
10-18 12:12:35.201   953   969 I DreamController: Stopping dream: name=ComponentInfo{com.android.systemui/com.android.systemui.doze.DozeService}, isTest=false, canDoze=true, userId=0
10-18 12:12:35.204   953  3071 I chatty  : uid=1000(system) Binder_4 expire 1 line
10-18 12:12:39.183   953   969 I UsbPortManager: USB port changed: port=UsbPort{id=otg_default, supportedModes=dual}, status=UsbPortStatus{connected=true, currentMode=ufp, currentPowerRole=sink, currentDataRole=device, supportedRoleCombinations=[source:host, sink:device]}, canChangeMode=true, canChangePowerRole=false, canChangeDataRole=false
10-18 12:12:40.259   953   953 I EntropyMixer: Writing entropy...
10-18 12:12:40.346  8151  8151 E NetworkScheduler.SR: Invalid parameter app
10-18 12:12:40.346  8151  8151 E NetworkScheduler.SR: Invalid package name : Perhaps you didn't include a PendingIntent in the extras?
10-18 12:12:40.358  8225  8225 I iu.Environment: update battery state; isPlugged? true*
10-18 12:12:40.375  8225 19263 I iu.UploadsManager: num queued entries: 0
10-18 12:12:40.384  8225 19263 I iu.UploadsManager: num updated entries: 0
10-18 12:12:40.392  8225 19263 I iu.SyncManager: NEXT; no task
10-18 12:12:40.416  8225 20410 I iu.FingerprintManager: Start processing all media
10-18 12:12:40.416  3097  3097 W PathParser: Points are too far apart 4.030360828967057
10-18 12:12:40.417  3097  3097 W PathParser: Points are too far apart 4.030360538880159
10-18 12:12:40.423  8225 20410 I iu.FingerprintManager: Start processing media store URI: content://media/external/images/media
10-18 12:12:40.429  8225 20410 I iu.FingerprintManager: Start processing media store URI: content://media/external/video/media
10-18 12:12:40.438  8225 20410 I iu.FingerprintManager: Start processing media store URI: content://media/phoneStorage/images/media
10-18 12:12:40.442  8225 20410 I iu.FingerprintManager: Start processing media store URI: content://media/phoneStorage/video/media
10-18 12:12:40.483  8225 20410 I iu.FingerprintManager: Finished generating fingerprints; 0.067 seconds
10-18 12:12:40.484  8225 20410 I iu.FingerprintManager:   numSeen=0 numGenerated=0 numDeleted=0 numFailed=0
10-18 12:12:42.982  3097  3097 D PhoneStatusBar: disable: < expand ICONS alerts SYSTEM_INFO back HOME RECENT clock SEARCH quick_settings >
10-18 12:12:42.996 18861 18861 D HopeBay : OverviewFragment(onResume): 
10-18 12:12:42.997   540  2950 D audio_hw_primary: out_set_parameters: enter: usecase(1: low-latency-playback) kvpairs: routing=2
10-18 12:12:42.998 18861 18861 D HopeBay : OverviewFragment(onPause): UiRefreshThread is started
10-18 12:12:42.999 18861 18861 D HopeBay : TeraMgmtService(onStartCommand): action=hbt.intent.action.ONGOING_NOTIFICATION
10-18 12:12:43.001  3097  3097 D PhoneStatusBar: disable: < expand icons* alerts system_info* back HOME RECENT clock SEARCH quick_settings >
10-18 12:12:43.017  3505  3830 E NxpTml  : _i2c_write() errno : 5
10-18 12:12:43.017  3505  3830 E NxpTml  : PN54X - Error in I2C Write.....
10-18 12:12:43.017  3505  3832 E NxpHal  : write error status = 0x1ff
10-18 12:12:43.017  3505  3765 E NxpHal  : write_unlocked failed - PN54X Maybe in Standby Mode - Retry
10-18 12:12:43.018   540  2950 D audio_hw_primary: select_devices: out_snd_device(2: speaker) in_snd_device(0: none)
10-18 12:12:43.018   540  2950 D msm8974_platform: platform_send_audio_calibration: sending audio calibration for snd_device(2) acdb_id(101)
10-18 12:12:43.019   540  2950 I soundtrigger: audio_extn_sound_trigger_update_device_status: device 0x2 of type 0 for Event 1
10-18 12:12:43.022  3505  3765 E BrcmNfcJni: nfaConnectionCallback: unknown event ????
10-18 12:12:43.022  3505  3765 D BrcmNfcJni: RoutingManager::nfaEeCallback: NFA_EE_SET_TECH_CFG_EVT; status=0x0
10-18 12:12:43.023  3505  3765 D BrcmNfcJni: RoutingManager::nfaEeCallback: NFA_EE_SET_PROTO_CFG_EVT; status=0x0
10-18 12:12:43.023  3505  3727 D BrcmNfcJni: RoutingManager::commitRouting
10-18 12:12:43.023  3505  3765 D BrcmNfcJni: RoutingManager::nfaEeCallback: NFA_EE_UPDATED_EVT
10-18 12:12:43.026   540  2950 D msm8974_platform: platform_send_audio_calibration: sending audio calibration for snd_device(69) acdb_id(102)
10-18 12:12:43.027   540  2950 D audio_hw_primary: enable_snd_device: snd_device(69: vi-feedback)
10-18 12:12:43.027   540  2950 D audio_hw_primary: enable_audio_route: apply and update mixer path: spkr-vi-record
10-18 12:12:43.030   953  3071 W InputMethodManagerService: Window already focused, ignoring focus gain of: com.android.internal.view.IInputMethodClient$Stub$Proxy@b5279b5 attribute=android.view.inputmethod.EditorInfo@a31284a, token = android.os.BinderProxy@94bcf5a
10-18 12:12:43.044  3097  3097 W PathParser: Points are too far apart 4.030360828967057
10-18 12:12:43.044  3097  3097 W PathParser: Points are too far apart 4.030360538880159
10-18 12:12:43.048  3097  3097 D PhoneStatusBar: disable: < expand icons alerts system_info back home* recent* clock search* quick_settings >
10-18 12:12:43.054   540  2950 D msm8974_platform: platform_send_audio_calibration: sending audio calibration for snd_device(27) acdb_id(4)
10-18 12:12:43.054   540  2950 I ACDB-LOADER: ACDB AFE returned = -19
10-18 12:12:43.054   540  2950 D audio_hw_primary: enable_audio_route: apply and update mixer path: low-latency-playback
10-18 12:12:43.115  8225 20430 I CryptAuthSync: [DeviceStateSyncManager] The server is in sync with current state. Nothing to do
10-18 12:12:43.635   540  2950 D audio_hw_primary: disable_audio_route: reset and update mixer path: low-latency-playback
10-18 12:12:43.636   540  2950 D audio_hw_primary: disable_snd_device: snd_device(2: speaker)
10-18 12:12:43.650   540  2950 D audio_hw_primary: disable_snd_device: snd_device(69: vi-feedback)
10-18 12:12:43.651   540  2950 D audio_hw_primary: disable_audio_route: reset and update mixer path: spkr-vi-record
10-18 12:12:43.655   540  2950 I soundtrigger: audio_extn_sound_trigger_update_device_status: device 0x2 of type 0 for Event 0
10-18 12:12:44.727 18861 18861 D HopeBay : OverviewFragment(setMenuVisibility): 
10-18 12:12:44.729 18861 20420 D HopeBay : OverviewFragment->Runnable(run): UiRefreshThread is interrupted
10-18 12:12:45.455 18861 20452 D HopeBay : FileMgmtFragment(mCheckPinStatusRunnable): mCheckPinStatusRunnable is interrupted
10-18 12:12:45.455 18861 20449 D HopeBay : FileMgmtFragment(onCreate): mApiExecutorThread is interrupted
10-18 12:12:45.455 18861 20451 D HopeBay : FileMgmtFragment(AutoUiRefreshRunnable): mAutoUiRefreshThread is interrupted
10-18 12:12:45.600   540  2950 D audio_hw_primary: out_set_parameters: enter: usecase(1: low-latency-playback) kvpairs: routing=2
10-18 12:12:45.613   540  2950 D audio_hw_primary: select_devices: out_snd_device(2: speaker) in_snd_device(0: none)
10-18 12:12:45.613   540  2950 D msm8974_platform: platform_send_audio_calibration: sending audio calibration for snd_device(2) acdb_id(101)
10-18 12:12:45.613   540  2950 I soundtrigger: audio_extn_sound_trigger_update_device_status: device 0x2 of type 0 for Event 1
10-18 12:12:45.619   540  2950 D msm8974_platform: platform_send_audio_calibration: sending audio calibration for snd_device(69) acdb_id(102)
10-18 12:12:45.619   540  2950 D audio_hw_primary: enable_snd_device: snd_device(69: vi-feedback)
10-18 12:12:45.620   540  2950 D audio_hw_primary: enable_audio_route: apply and update mixer path: spkr-vi-record
10-18 12:12:45.645   540  2950 D msm8974_platform: platform_send_audio_calibration: sending audio calibration for snd_device(27) acdb_id(4)
10-18 12:12:45.645   540  2950 I ACDB-LOADER: ACDB AFE returned = -19
10-18 12:12:45.645   540  2950 D audio_hw_primary: enable_audio_route: apply and update mixer path: low-latency-playback
10-18 12:12:45.669 18861 18861 D HopeBay : AboutFragment(onViewCreated): imei_1=353627075455728
10-18 12:12:46.183   540  2950 D audio_hw_primary: disable_audio_route: reset and update mixer path: low-latency-playback
10-18 12:12:46.187   540  2950 D audio_hw_primary: disable_snd_device: snd_device(2: speaker)
10-18 12:12:46.206   540  2950 D audio_hw_primary: disable_snd_device: snd_device(69: vi-feedback)
10-18 12:12:46.206   540  2950 D audio_hw_primary: disable_audio_route: reset and update mixer path: spkr-vi-record
10-18 12:12:46.219   540  2950 I soundtrigger: audio_extn_sound_trigger_update_device_status: device 0x2 of type 0 for Event 0
10-18 12:12:47.038   540  2950 D audio_hw_primary: out_set_parameters: enter: usecase(1: low-latency-playback) kvpairs: routing=2
10-18 12:12:47.055   540  2950 D audio_hw_primary: select_devices: out_snd_device(2: speaker) in_snd_device(0: none)
10-18 12:12:47.055   540  2950 D msm8974_platform: platform_send_audio_calibration: sending audio calibration for snd_device(2) acdb_id(101)
10-18 12:12:47.056   540  2950 I soundtrigger: audio_extn_sound_trigger_update_device_status: device 0x2 of type 0 for Event 1
10-18 12:12:47.059   540  2950 D msm8974_platform: platform_send_audio_calibration: sending audio calibration for snd_device(69) acdb_id(102)
10-18 12:12:47.059   540  2950 D audio_hw_primary: enable_snd_device: snd_device(69: vi-feedback)
10-18 12:12:47.060   540  2950 D audio_hw_primary: enable_audio_route: apply and update mixer path: spkr-vi-record
10-18 12:12:47.084   540  2950 D msm8974_platform: platform_send_audio_calibration: sending audio calibration for snd_device(27) acdb_id(4)
10-18 12:12:47.084   540  2950 I ACDB-LOADER: ACDB AFE returned = -19
10-18 12:12:47.084   540  2950 D audio_hw_primary: enable_audio_route: apply and update mixer path: low-latency-playback
10-18 12:12:47.628   540  2950 D audio_hw_primary: disable_audio_route: reset and update mixer path: low-latency-playback
10-18 12:12:47.630   540  2950 D audio_hw_primary: disable_snd_device: snd_device(2: speaker)
10-18 12:12:47.646   540  2950 D audio_hw_primary: disable_snd_device: snd_device(69: vi-feedback)
10-18 12:12:47.646   540  2950 D audio_hw_primary: disable_audio_route: reset and update mixer path: spkr-vi-record
10-18 12:12:47.650   540  2950 I soundtrigger: audio_extn_sound_trigger_update_device_status: device 0x2 of type 0 for Event 0
10-18 12:12:48.279 18861 18861 D HopeBay : OverviewFragment(setMenuVisibility): 
10-18 12:12:48.279 18861 20475 D HopeBay : FileMgmtFragment(onCreate): mApiExecutorThread is interrupted
10-18 12:12:48.280 18861 20476 D HopeBay : FileMgmtFragment(AutoUiRefreshRunnable): mAutoUiRefreshThread is interrupted
10-18 12:12:48.280 18861 20478 D HopeBay : FileMgmtFragment(mCheckPinStatusRunnable): mCheckPinStatusRunnable is interrupted
10-18 12:12:48.280 18861 18861 D HopeBay : OverviewFragment(setMenuVisibility): UiRefreshThread is started
10-18 12:12:51.841   953   966 I UsageStatsService: User[0] Flushing usage stats to disk
10-18 12:13:02.273   953  2962 D ConnectivityService: updateNetworkScore for NetworkAgentInfo [WIFI () - 103] to 56
10-18 12:13:07.101 18861 18861 D HopeBay : OverviewFragment(setMenuVisibility): 
10-18 12:13:07.102 18861 20488 D HopeBay : OverviewFragment->Runnable(run): UiRefreshThread is interrupted
10-18 12:13:07.498 18861 20529 D HopeBay : FileMgmtFragment(AutoUiRefreshRunnable): mAutoUiRefreshThread is interrupted
10-18 12:13:07.498 18861 20528 D HopeBay : FileMgmtFragment(onCreate): mApiExecutorThread is interrupted
10-18 12:13:07.498 18861 20530 D HopeBay : FileMgmtFragment(mCheckPinStatusRunnable): mCheckPinStatusRunnable is interrupted
10-18 12:13:08.320   540  2950 D audio_hw_primary: out_set_parameters: enter: usecase(1: low-latency-playback) kvpairs: routing=2
10-18 12:13:08.334   540  2950 D audio_hw_primary: select_devices: out_snd_device(2: speaker) in_snd_device(0: none)
10-18 12:13:08.335   540  2950 D msm8974_platform: platform_send_audio_calibration: sending audio calibration for snd_device(2) acdb_id(101)
10-18 12:13:08.335   540  2950 I soundtrigger: audio_extn_sound_trigger_update_device_status: device 0x2 of type 0 for Event 1
10-18 12:13:08.340   540  2950 D msm8974_platform: platform_send_audio_calibration: sending audio calibration for snd_device(69) acdb_id(102)
10-18 12:13:08.340   540  2950 D audio_hw_primary: enable_snd_device: snd_device(69: vi-feedback)
10-18 12:13:08.340   540  2950 D audio_hw_primary: enable_audio_route: apply and update mixer path: spkr-vi-record
10-18 12:13:08.365   540  2950 D msm8974_platform: platform_send_audio_calibration: sending audio calibration for snd_device(27) acdb_id(4)
10-18 12:13:08.365   540  2950 I ACDB-LOADER: ACDB AFE returned = -19
10-18 12:13:08.365   540  2950 D audio_hw_primary: enable_audio_route: apply and update mixer path: low-latency-playback
10-18 12:13:08.377 18861 18861 D HopeBay : AboutFragment(onViewCreated): imei_1=353627075455728
10-18 12:13:08.928   540  2950 D audio_hw_primary: disable_audio_route: reset and update mixer path: low-latency-playback
10-18 12:13:08.932   540  2950 D audio_hw_primary: disable_snd_device: snd_device(2: speaker)
10-18 12:13:08.950   540  2950 D audio_hw_primary: disable_snd_device: snd_device(69: vi-feedback)
10-18 12:13:08.951   540  2950 D audio_hw_primary: disable_audio_route: reset and update mixer path: spkr-vi-record
10-18 12:13:08.956   540  2950 I soundtrigger: audio_extn_sound_trigger_update_device_status: device 0x2 of type 0 for Event 0
10-18 12:13:10.506   612   612 E QCALOG  : [MessageQ] ProcessNewMessage: [LOWI-SERVER] unknown deliver target [OS-Agent]
10-18 12:13:12.447 18861 18861 W InputEventReceiver: Attempted to finish an input event but the input event receiver has already been disposed.
10-18 12:13:12.448 18861 18861 W ViewRootImpl: Dropping event due to root view being removed: MotionEvent { action=ACTION_MOVE, actionButton=0, id[0]=0, x[0]=352.0, y[0]=684.0, toolType[0]=TOOL_TYPE_FINGER, buttonState=0, metaState=0, flags=0x0, edgeFlags=0x0, pointerCount=1, historySize=0, eventTime=5841042, downTime=5841034, deviceId=7, source=0x1002 }
10-18 12:13:12.448 18861 18861 W InputEventReceiver: Attempted to finish an input event but the input event receiver has already been disposed.
10-18 12:13:13.447 18861 18861 D HopeBay : OverviewFragment(setMenuVisibility): 
10-18 12:13:13.447 18861 20564 D HopeBay : FileMgmtFragment(onCreate): mApiExecutorThread is interrupted
10-18 12:13:13.447 18861 20566 D HopeBay : FileMgmtFragment(mCheckPinStatusRunnable): mCheckPinStatusRunnable is interrupted
10-18 12:13:13.447 18861 20565 D HopeBay : FileMgmtFragment(AutoUiRefreshRunnable): mAutoUiRefreshThread is interrupted
10-18 12:13:13.450 18861 18861 D HopeBay : OverviewFragment(setMenuVisibility): UiRefreshThread is started
10-18 12:13:44.605   953  2962 D ConnectivityService: updateNetworkScore for NetworkAgentInfo [WIFI () - 103] to 60
10-18 12:13:48.393 20610 20610 I chatty  : uid=0(root) app_process expire 6 lines
10-18 12:13:48.504   953  8119 I ActivityManager: Force stopping com.hopebaytech.hcfsmgmt appid=10011 user=0: from pid 20610
10-18 12:13:48.504   953  8119 I ActivityManager: Killing 18846:com.hopebaytech.hcfsmgmt:remote/u0a11 (adj 5): stop com.hopebaytech.hcfsmgmt
10-18 12:13:48.529 17994 17994 I chatty  : uid=1000(system) com.android.settings expire 2 lines
10-18 12:13:48.531  3606  3606 D TeraApiService: on Service disconnected
10-18 12:13:48.531  3606  3606 D TeraApiService: Binding to API Service
10-18 12:13:48.532 17994 17994 W ContextImpl: Calling a method in the system process without a qualified user: android.app.ContextImpl.startService:1221 android.content.ContextWrapper.startService:581 com.android.settings.teraapi.TeraService.bindAPIService:75 com.android.settings.teraapi.TeraService$1.onServiceDisconnected:58 android.app.LoadedApk$ServiceDispatcher.doDeath:1228 
10-18 12:13:48.536   953  8119 W ActivityManager: Scheduling restart of crashed service com.hopebaytech.hcfsmgmt/.terafonnapiservice.TeraFonnApiService in 1000ms
10-18 12:13:48.537   953  8119 I ActivityManager: Killing 18861:com.hopebaytech.hcfsmgmt/u0a11 (adj 0): stop com.hopebaytech.hcfsmgmt
10-18 12:13:48.575   953  5266 I chatty  : uid=1000(system) Binder_A expire 1 line
10-18 12:13:48.575   953  3618 I WindowState: WIN DEATH: Window{810e58b u0 com.hopebaytech.hcfsmgmt/com.hopebaytech.hcfsmgmt.main.MainActivity}
10-18 12:13:48.586   953  8119 W ActivityManager: Scheduling restart of crashed service com.hopebaytech.hcfsmgmt/.service.TeraMgmtService in 10950ms
10-18 12:13:48.589   953  8119 W ActivityManager: Force removing ActivityRecord{2fd78b4 u0 com.hopebaytech.hcfsmgmt/.main.MainActivity t19}: app died, no saved state
10-18 12:13:48.605   953  8119 I ActivityManager:   Force stopping service ServiceRecord{9e1a16f u0 com.hopebaytech.hcfsmgmt/.service.TeraMgmtService}
10-18 12:13:48.605   953  8119 I ActivityManager:   Force stopping service ServiceRecord{a598187 u0 com.hopebaytech.hcfsmgmt/.terafonnapiservice.TeraFonnApiService}
10-18 12:13:48.608   953  8115 W ActivityManager: Spurious death for ProcessRecord{82aa07e 0:com.hopebaytech.hcfsmgmt:remote/u0a11}, curProc for 18846: null
10-18 12:13:48.614 20619 20619 I chatty  : uid=0(root) com.hopebaytech.hcfsmgmt:remote expire 2 lines
10-18 12:13:48.621   953  3070 I ActivityManager: Start proc 20619:com.hopebaytech.hcfsmgmt:remote/u0a11 for service com.hopebaytech.hcfsmgmt/.terafonnapiservice.TeraFonnApiService
10-18 12:13:48.622   953  3821 W ActivityManager: Spurious death for ProcessRecord{44da713 0:com.hopebaytech.hcfsmgmt/u0a11}, curProc for 18861: null
10-18 12:13:48.623 17994 17994 W ContextImpl: Calling a method in the system process without a qualified user: android.app.ContextImpl.bindService:1285 android.content.ContextWrapper.bindService:604 com.android.settings.teraapi.TeraService.bindAPIService:77 com.android.settings.teraapi.TeraService$1.onServiceDisconnected:58 android.app.LoadedApk$ServiceDispatcher.doDeath:1228 
10-18 12:13:48.635   953  3821 W InputMethodManagerService: Got RemoteException sending setActive(false) notification to pid 18861 uid 10011
10-18 12:13:48.694 20619 20619 W System  : ClassLoader referenced unknown path: /system/priv-app/HopebayHCFSmgmt/lib/arm64
10-18 12:13:48.701  3606  3606 D TeraApiService: on Service connected
10-18 12:13:48.701 20619 20619 D HopeBay : TeraFonnApiService(onStartCommand): 
10-18 12:13:48.702 20619 20619 D HopeBay : TeraFonnApiService(onStartCommand): 
10-18 12:13:48.702 20619 20619 D HopeBay : TeraFonnApiService(onStartCommand): Service is running
10-18 12:13:49.175  3606  3826 W OpenGLRenderer: Incorrectly called buildLayer on View: ShortcutAndWidgetContainer, destroying layer...
10-18 12:13:49.282 20634 20634 I chatty  : uid=0(root) app_process expire 6 lines
10-18 12:13:49.385   953  3070 I ActivityManager: Force stopping io.appium.unlock appid=10066 user=0: from pid 20634
10-18 12:13:50.163 20643 20643 I chatty  : uid=0(root) app_process expire 8 lines
10-18 12:13:50.283   953  2933 I ActivityManager: START u0 {act=android.intent.action.MAIN cat=[android.intent.category.HOME] flg=0x10200000 cmp=com.android.launcher3/.Launcher (has extras)} from uid 1000 on display 0
10-18 12:13:51.075  3606 20658 D TeraApiService: clearTrackAppState
10-18 12:13:51.076  3606 20658 D TeraApiService: addTrackAppsState com.android.vending
10-18 12:13:51.228 20656 20656 I chatty  : uid=0(root) app_process expire 7 lines
10-18 12:13:51.916 20678 20678 I chatty  : uid=0(root) app_process expire 5 lines
10-18 12:13:52.000  3606  6767 D TeraApiService: onStatusChanged com.android.vending 0
10-18 12:13:52.004 20690 20690 I chatty  : uid=0(root) com.android.defcontainer expire 2 lines
10-18 12:13:52.024   953   989 I ActivityManager: Start proc 20690:com.android.defcontainer/u0a6 for service com.android.defcontainer/.DefaultContainerService
10-18 12:13:52.073  5018  5018 I Finsky  : [1] com.google.android.vending.verifier.PackageVerificationReceiver.onReceive(40): Verification requested, id = 5
10-18 12:13:52.079  5018  5178 I PackageParser: io.appium.settings: compat added android.permission.WRITE_EXTERNAL_STORAGE
10-18 12:13:52.188  5018  5178 I Finsky  : [211] com.google.android.finsky.services.ForegroundCoordinator.a(102): Task 7 requested foreground
10-18 12:13:52.189  5018  5178 I Finsky  : [211] com.google.android.finsky.services.ForegroundCoordinator.a(114): Not entering foreground
10-18 12:13:52.252   953  8120 W BackupManagerService: dataChanged but no participant pkg='com.android.launcher3' uid=10013
10-18 12:13:52.665  5018  5018 I Finsky  : [1] com.google.android.vending.verifier.ak.a_(1744): Verification id=5 response=0
10-18 12:13:52.669  5018  5018 I Finsky  : [1] com.google.android.vending.verifier.ae.c(192): Verification complete: id=5, package_name=io.appium.settings
10-18 12:13:52.673  5018  5018 I Finsky  : [1] com.google.android.vending.verifier.ae.f(12971): Verifying id=5, result=1
10-18 12:13:52.699 20690 20701 D DefContainer: Copying /data/local/tmp/settings_apk-debug.apk to base.apk
10-18 12:13:52.744   953   989 I PackageParser: io.appium.settings: compat added android.permission.WRITE_EXTERNAL_STORAGE
10-18 12:13:52.808   953   989 I chatty  : uid=1000(system) PackageManager expire 6 lines
10-18 12:13:52.982 20718 20718 I dex2oat : /system/bin/dex2oat -j2 --debuggable
10-18 12:13:53.017 20718 20718 I dex2oat : dex2oat took 36.630ms (threads: 2) arena alloc=15KB java alloc=62KB native alloc=955KB free=1092KB
10-18 12:13:53.043   953   989 W PackageManager: Attempt to re-install io.appium.settings without first uninstalling.
10-18 12:13:53.184 20678 20678 I chatty  : uid=0(root) app_process expire 2 lines
10-18 12:13:53.698 20729 20729 I chatty  : uid=0(root) app_process expire 7 lines
10-18 12:13:53.798  5018  5018 I Finsky  : [1] com.google.android.vending.verifier.PackageVerificationReceiver.onReceive(40): Verification requested, id = 6
10-18 12:13:53.832  5018  5775 I Finsky  : [214] com.google.android.finsky.services.ForegroundCoordinator.a(102): Task 7 requested foreground
10-18 12:13:53.833  5018  5775 I Finsky  : [214] com.google.android.finsky.services.ForegroundCoordinator.a(114): Not entering foreground
10-18 12:13:54.202  5018  5018 I Finsky  : [1] com.google.android.vending.verifier.ak.a_(1744): Verification id=6 response=0
10-18 12:13:54.206  5018  5018 I Finsky  : [1] com.google.android.vending.verifier.ae.c(192): Verification complete: id=6, package_name=io.appium.unlock
10-18 12:13:54.208  5018  5018 I Finsky  : [1] com.google.android.vending.verifier.ae.f(12971): Verifying id=6, result=1
10-18 12:13:54.221 20690 20702 D DefContainer: Copying /data/local/tmp/unlock_apk-debug.apk to base.apk
10-18 12:13:54.367 20740 20740 I dex2oat : /system/bin/dex2oat -j2 --debuggable
10-18 12:13:54.395 20740 20740 I dex2oat : dex2oat took 29.214ms (threads: 2) arena alloc=8KB java alloc=48KB native alloc=906KB free=885KB
10-18 12:13:54.425   953   989 W PackageManager: Attempt to re-install io.appium.unlock without first uninstalling.
10-18 12:13:55.633 20755 20755 I chatty  : uid=0(root) app_process expire 7 lines
10-18 12:13:56.501 20771 20771 I chatty  : uid=0(root) app_process expire 5 lines
10-18 12:13:56.587   953  3821 I ActivityManager: Force stopping com.hopebaytech.hcfsmgmt appid=10011 user=0: from pid 20771
10-18 12:13:56.588   953  3821 I ActivityManager: Killing 20619:com.hopebaytech.hcfsmgmt:remote/u0a11 (adj 1): stop com.hopebaytech.hcfsmgmt
10-18 12:13:56.613  3606  3606 D TeraApiService: on Service disconnected
10-18 12:13:56.613  3606  3606 D TeraApiService: Binding to API Service
10-18 12:13:56.613 17994 17994 I chatty  : uid=1000(system) com.android.settings expire 6 lines
10-18 12:13:56.614   953  3821 W ActivityManager: Scheduling restart of crashed service com.hopebaytech.hcfsmgmt/.terafonnapiservice.TeraFonnApiService in 1000ms
10-18 12:13:56.616   953  3821 I ActivityManager:   Force stopping service ServiceRecord{1f3d5d9 u0 com.hopebaytech.hcfsmgmt/.terafonnapiservice.TeraFonnApiService}
10-18 12:13:56.617 17994 17994 W ContextImpl: Calling a method in the system process without a qualified user: android.app.ContextImpl.startService:1221 android.content.ContextWrapper.startService:581 com.android.settings.teraapi.TeraService.bindAPIService:75 com.android.settings.teraapi.TeraService$1.onServiceDisconnected:58 android.app.LoadedApk$ServiceDispatcher.doDeath:1228 
10-18 12:13:56.617   953  3473 W ActivityManager: Spurious death for ProcessRecord{6b39c57 0:com.hopebaytech.hcfsmgmt:remote/u0a11}, curProc for 20619: null
10-18 12:13:56.624 20780 20780 I chatty  : uid=0(root) com.hopebaytech.hcfsmgmt:remote expire 2 lines
10-18 12:13:56.633   953  3473 I ActivityManager: Start proc 20780:com.hopebaytech.hcfsmgmt:remote/u0a11 for service com.hopebaytech.hcfsmgmt/.terafonnapiservice.TeraFonnApiService
10-18 12:13:56.634 17994 17994 W ContextImpl: Calling a method in the system process without a qualified user: android.app.ContextImpl.bindService:1285 android.content.ContextWrapper.bindService:604 com.android.settings.teraapi.TeraService.bindAPIService:77 com.android.settings.teraapi.TeraService$1.onServiceDisconnected:58 android.app.LoadedApk$ServiceDispatcher.doDeath:1228 
10-18 12:13:56.674 20780 20780 W System  : ClassLoader referenced unknown path: /system/priv-app/HopebayHCFSmgmt/lib/arm64
10-18 12:13:56.681  3606  3606 D TeraApiService: on Service connected
10-18 12:13:56.682 20780 20780 D HopeBay : TeraFonnApiService(onStartCommand): 
10-18 12:13:56.682 20780 20780 D HopeBay : TeraFonnApiService(onStartCommand): 
10-18 12:13:56.682 20780 20780 D HopeBay : TeraFonnApiService(onStartCommand): Service is running
10-18 12:13:56.869   953  8118 I ActivityManager: START u0 {act=android.intent.action.MAIN cat=[android.intent.category.LAUNCHER] flg=0x10200000 cmp=com.hopebaytech.hcfsmgmt/.main.MainActivity} from uid 0 on display 0
10-18 12:13:56.890 20771 20771 I chatty  : uid=0(root) app_process expire 1 line
10-18 12:13:56.894 20795 20795 I chatty  : uid=0(root) com.hopebaytech.hcfsmgmt expire 2 lines
10-18 12:13:56.910   953  8120 I ActivityManager: Start proc 20795:com.hopebaytech.hcfsmgmt/u0a11 for activity com.hopebaytech.hcfsmgmt/.main.MainActivity
10-18 12:13:56.945 20795 20795 W System  : ClassLoader referenced unknown path: /system/priv-app/HopebayHCFSmgmt/lib/arm64
10-18 12:13:56.958 20795 20795 D FirebaseApp: com.google.firebase.auth.FirebaseAuth is not linked. Skipping initialization.
10-18 12:13:56.975 20795 20795 D FirebaseApp: com.google.firebase.crash.FirebaseCrash is not linked. Skipping initialization.
10-18 12:13:56.988 20795 20795 I FA      : App measurement is starting up, version: 9256
10-18 12:13:56.989 20795 20795 I FA      : To enable debug logging run: adb shell setprop log.tag.FA VERBOSE
10-18 12:13:57.006 20795 20795 I FirebaseInitProvider: FirebaseApp initialization successful
10-18 12:13:57.073 20795 20795 D HopeBay : CustomPagerTabStrip(setCustomFont): 
10-18 12:13:57.162 20795 20795 D HopeBay : HCFSMgmtUtils(startResetXferAlarm): 
10-18 12:13:57.163 20795 20795 D HopeBay : HCFSMgmtUtils(startNotifyLocalStorageUsedRatioAlarm): 
10-18 12:13:57.164 20795 20795 D HopeBay : HCFSMgmtUtils(startNotifyInsufficientPinSpaceAlarm): 
10-18 12:13:57.172 20795 20813 D OpenGLRenderer: Use EGL_SWAP_BEHAVIOR_PRESERVED: true
10-18 12:13:57.184 20795 20795 D HopeBay : TeraMgmtService(onStartCommand): action=hbt.intent.action.ONGOING_NOTIFICATION
10-18 12:13:57.195 20795 20795 D HopeBay : OverviewFragment(setMenuVisibility): 
10-18 12:13:57.200   953 14868 I chatty  : uid=1000 system_server expire 1 line
10-18 12:13:57.205 20795 20795 D HopeBay : OverviewFragment(setMenuVisibility): 
10-18 12:13:57.233 20795 20795 W FragmentManager: moveToState: Fragment state for FileMgmtFragment{df3faca #1 id=0x7f0d010c} not updated inline; expected state 3 found 2
10-18 12:13:57.280 20795 20795 D HopeBay : SettingsFragment(onViewCreated): 
10-18 12:13:57.337 20795 20795 W FragmentManager: moveToState: Fragment state for SettingsFragment{eae6a5 #2 id=0x7f0d010c} not updated inline; expected state 3 found 2
10-18 12:13:57.362 20795 20795 D HopeBay : HelpFragment(onViewCreated): 
10-18 12:13:57.363 20795 20795 W FragmentManager: moveToState: Fragment state for HelpFragment{6ee0ed2 #3 id=0x7f0d010c} not updated inline; expected state 3 found 2
10-18 12:13:57.501 20755 20768 I chatty  : uid=0(root) app_process expire 1 line
10-18 12:13:57.503 20795 20795 D HopeBay : OverviewFragment(onResume): 
10-18 12:13:57.503 20795 20795 D HopeBay : OverviewFragment(onPause): UiRefreshThread is started
10-18 12:13:57.561 20795 20813 I Adreno  : QUALCOMM build                   : fcf4852, I1af360237c
10-18 12:13:57.561 20795 20813 I Adreno  : Build Date                       : 09/23/15
10-18 12:13:57.561 20795 20813 I Adreno  : OpenGL ES Shader Compiler Version: XE031.05.13.02
10-18 12:13:57.561 20795 20813 I Adreno  : Local Branch                     : mybranch14465806
10-18 12:13:57.561 20795 20813 I Adreno  : Remote Branch                    : quic/LA.BF64.1.2.9_v2
10-18 12:13:57.561 20795 20813 I Adreno  : Remote Branch                    : NONE
10-18 12:13:57.561 20795 20813 I Adreno  : Reconstruct Branch               : NOTHING
10-18 12:13:57.567 20795 20813 I OpenGLRenderer: Initialized EGL, version 1.4
10-18 12:13:57.630 20795 20795 D HopeBay : BitmapBase64Factory(decodeBase64): 
10-18 12:13:57.631 20795 20795 W View    : requestLayout() improperly called by com.hopebaytech.hcfsmgmt.customview.FontTextView{4430d14 V.ED..... ......ID 0,212-0,262 #7f0d00d1 app:id/email} during layout: running second layout pass
10-18 12:13:57.631 20795 20795 W View    : requestLayout() improperly called by android.support.v7.widget.AppCompatImageView{4145326 V.ED..... ......ID 0,0-126,126 #7f0d0056 app:id/icon} during layout: running second layout pass
10-18 12:13:57.697   953   972 I chatty  : uid=1000(system) android.display expire 2 lines
10-18 12:13:57.706 20795 20795 D HopeBay : FileMgmtFragment->SectionedRecyclerViewAdapter(init): 
10-18 12:13:57.706 20795 20795 D HopeBay : FileMgmtFragment->SectionedRecyclerViewAdapter(shutdownSubAdapterExecutor): 
10-18 12:13:57.707 20795 20795 D HopeBay : FileMgmtFragment(showTypeContent): 
10-18 12:13:58.277 20795 20815 D HopeBay : DisplayTypeFactory(getListOfInstalledApps): externalPath=/storage/emulated/0/Android
10-18 12:13:58.370 20795 20795 D HopeBay : FileMgmtFragment->SectionedRecyclerViewAdapter(onChanged): mBaseAdapter.getItemCount()=4
10-18 12:13:58.370 20795 20795 D HopeBay : FileMgmtFragment->SectionedRecyclerViewAdapter(onChanged): hasChildItem=true
10-18 12:13:58.384 20795 20826 D HopeBay : HCFSMgmtUtils(isAppPinned): Appium Settings
10-18 12:13:58.387 20795 20827 D HopeBay : HCFSMgmtUtils(isAppPinned): Data Usage Monitor
10-18 12:13:58.390 20795 20828 D HopeBay : HCFSMgmtUtils(isAppPinned): Vysor
10-18 12:13:58.398 20795 20829 D HopeBay : HCFSMgmtUtils(isAppPinned): Unlock
10-18 12:13:59.355 20755 20755 I chatty  : uid=0(root) app_process expire 20 lines
10-18 12:14:03.127   540  2950 D audio_hw_primary: out_set_parameters: enter: usecase(1: low-latency-playback) kvpairs: routing=2
10-18 12:14:03.141   540  2950 D audio_hw_primary: select_devices: out_snd_device(2: speaker) in_snd_device(0: none)
10-18 12:14:03.141   540  2950 D msm8974_platform: platform_send_audio_calibration: sending audio calibration for snd_device(2) acdb_id(101)
10-18 12:14:03.141   540  2950 I soundtrigger: audio_extn_sound_trigger_update_device_status: device 0x2 of type 0 for Event 1
10-18 12:14:03.147   540  2950 D msm8974_platform: platform_send_audio_calibration: sending audio calibration for snd_device(69) acdb_id(102)
10-18 12:14:03.147   540  2950 D audio_hw_primary: enable_snd_device: snd_device(69: vi-feedback)
10-18 12:14:03.147   540  2950 D audio_hw_primary: enable_audio_route: apply and update mixer path: spkr-vi-record
10-18 12:14:03.172   540  2950 D msm8974_platform: platform_send_audio_calibration: sending audio calibration for snd_device(27) acdb_id(4)
10-18 12:14:03.172   540  2950 I ACDB-LOADER: ACDB AFE returned = -19
10-18 12:14:03.172   540  2950 D audio_hw_primary: enable_audio_route: apply and update mixer path: low-latency-playback
10-18 12:14:03.725   540  2950 D audio_hw_primary: disable_audio_route: reset and update mixer path: low-latency-playback
10-18 12:14:03.727   540  2950 D audio_hw_primary: disable_snd_device: snd_device(2: speaker)
10-18 12:14:03.741   540  2950 D audio_hw_primary: disable_snd_device: snd_device(69: vi-feedback)
10-18 12:14:03.741   540  2950 D audio_hw_primary: disable_audio_route: reset and update mixer path: spkr-vi-record
10-18 12:14:03.745   540  2950 I soundtrigger: audio_extn_sound_trigger_update_device_status: device 0x2 of type 0 for Event 0
10-18 12:14:04.706 20795 20795 D HopeBay : OverviewFragment(setMenuVisibility): 
10-18 12:14:04.708   540  2950 D audio_hw_primary: out_set_parameters: enter: usecase(1: low-latency-playback) kvpairs: routing=2
10-18 12:14:04.721   540  2950 D audio_hw_primary: select_devices: out_snd_device(2: speaker) in_snd_device(0: none)
10-18 12:14:04.722   540  2950 D msm8974_platform: platform_send_audio_calibration: sending audio calibration for snd_device(2) acdb_id(101)
10-18 12:14:04.722   540  2950 I soundtrigger: audio_extn_sound_trigger_update_device_status: device 0x2 of type 0 for Event 1
10-18 12:14:04.725   540  2950 D msm8974_platform: platform_send_audio_calibration: sending audio calibration for snd_device(69) acdb_id(102)
10-18 12:14:04.725   540  2950 D audio_hw_primary: enable_snd_device: snd_device(69: vi-feedback)
10-18 12:14:04.725   540  2950 D audio_hw_primary: enable_audio_route: apply and update mixer path: spkr-vi-record
10-18 12:14:04.750   540  2950 D msm8974_platform: platform_send_audio_calibration: sending audio calibration for snd_device(27) acdb_id(4)
10-18 12:14:04.751   540  2950 I ACDB-LOADER: ACDB AFE returned = -19
10-18 12:14:04.751   540  2950 D audio_hw_primary: enable_audio_route: apply and update mixer path: low-latency-playback
10-18 12:14:05.193 20795 20817 D HopeBay : OverviewFragment->Runnable(run): UiRefreshThread is interrupted
10-18 12:14:05.302   540  2950 D audio_hw_primary: disable_audio_route: reset and update mixer path: low-latency-playback
10-18 12:14:05.305   540  2950 D audio_hw_primary: disable_snd_device: snd_device(2: speaker)
10-18 12:14:05.319   540  2950 D audio_hw_primary: disable_snd_device: snd_device(69: vi-feedback)
10-18 12:14:05.319   540  2950 D audio_hw_primary: disable_audio_route: reset and update mixer path: spkr-vi-record
10-18 12:14:05.322   540  2950 I soundtrigger: audio_extn_sound_trigger_update_device_status: device 0x2 of type 0 for Event 0
10-18 12:14:07.650   540  2950 D audio_hw_primary: out_set_parameters: enter: usecase(1: low-latency-playback) kvpairs: routing=2
10-18 12:14:07.663   540  2950 D audio_hw_primary: select_devices: out_snd_device(2: speaker) in_snd_device(0: none)
10-18 12:14:07.664   540  2950 D msm8974_platform: platform_send_audio_calibration: sending audio calibration for snd_device(2) acdb_id(101)
10-18 12:14:07.664   540  2950 I soundtrigger: audio_extn_sound_trigger_update_device_status: device 0x2 of type 0 for Event 1
10-18 12:14:07.670   540  2950 D msm8974_platform: platform_send_audio_calibration: sending audio calibration for snd_device(69) acdb_id(102)
10-18 12:14:07.671   540  2950 D audio_hw_primary: enable_snd_device: snd_device(69: vi-feedback)
10-18 12:14:07.671   540  2950 D audio_hw_primary: enable_audio_route: apply and update mixer path: spkr-vi-record
10-18 12:14:07.696   540  2950 D msm8974_platform: platform_send_audio_calibration: sending audio calibration for snd_device(27) acdb_id(4)
10-18 12:14:07.696   540  2950 I ACDB-LOADER: ACDB AFE returned = -19
10-18 12:14:07.696   540  2950 D audio_hw_primary: enable_audio_route: apply and update mixer path: low-latency-playback
10-18 12:14:08.246   540  2950 D audio_hw_primary: disable_audio_route: reset and update mixer path: low-latency-playback
10-18 12:14:08.249   540  2950 D audio_hw_primary: disable_snd_device: snd_device(2: speaker)
10-18 12:14:08.262   540  2950 D audio_hw_primary: disable_snd_device: snd_device(69: vi-feedback)
10-18 12:14:08.262   540  2950 D audio_hw_primary: disable_audio_route: reset and update mixer path: spkr-vi-record
10-18 12:14:08.267   540  2950 I soundtrigger: audio_extn_sound_trigger_update_device_status: device 0x2 of type 0 for Event 0
10-18 12:14:09.081 20795 20795 D HopeBay : OverviewFragment(setMenuVisibility): 
10-18 12:14:09.082 20795 20795 D HopeBay : OverviewFragment(setMenuVisibility): UiRefreshThread is started
