10-18 11:23:04.930   953  3612 W InputMethodManagerService: Window already focused, ignoring focus gain of: com.android.internal.view.IInputMethodClient$Stub$Proxy@550e6bb attribute=null, token = android.os.BinderProxy@94bcf5a
10-18 11:23:04.945  3097  3097 D PhoneStatusBar: disable: < expand icons* alerts system_info* back home recent clock search quick_settings >
10-18 11:23:07.448   549   629 I chatty  : uid=0(root) /system/bin/thermal-engine expire 8 lines
10-18 11:23:11.450   953  2962 D ConnectivityService: handlePromptUnvalidated 101
10-18 11:23:17.938 19772 19772 I chatty  : uid=0(root) app_process expire 6 lines
10-18 11:23:18.034   953  3612 D WifiService: setWifiEnabled: false pid=19772, uid=0
10-18 11:23:18.034   953  3612 E WifiService: Invoking mWifiStateMachine.setWifiEnabled
10-18 11:23:18.052  8151 19674 V NativeCrypto: Read error: ssl=0x7f64239000: I/O error during system call, Connection timed out
10-18 11:23:18.054  8151 19674 V NativeCrypto: SSL shutdown failed: ssl=0x7f64239000: I/O error during system call, Broken pipe
10-18 11:23:18.058  8151 19674 E GCM     : Wifi connection closed with errorCode 20
10-18 11:23:18.058   953  8120 D ConnectivityService: reportNetworkConnectivity(101, false) by 10017
10-18 11:23:18.062   953  2962 D ConnectivityService: NetworkAgentInfo [WIFI () - 101] EVENT_NETWORK_INFO_CHANGED, going from CONNECTED to DISCONNECTED
10-18 11:23:18.062   953  2962 D ConnectivityService: NetworkAgentInfo [WIFI () - 101] got DISCONNECTED, was satisfying 3
10-18 11:23:18.063   561   561 I chatty  : uid=1000(system) /system/bin/cnd expire 1 line
10-18 11:23:18.069   953  2954 I chatty  : uid=1000(system) WifiStateMachin expire 8 lines
10-18 11:23:18.072   953  2962 D ConnectivityService: notifyType LOST for NetworkAgentInfo [WIFI () - 101]
10-18 11:23:18.081 19562 19562 I wpa_supplicant: wlan0: CTRL-EVENT-DISCONNECTED bssid=14:dd:a9:c9:d8:84 reason=3 locally_generated=1
10-18 11:23:18.127   953  2962 D CSLegacyTypeTracker: Sending DISCONNECTED broadcast for type 1 NetworkAgentInfo [WIFI () - 101] isDefaultNetwork=true
10-18 11:23:18.128   953  2962 D ConnectivityService: sendStickyBroadcast: action=android.net.conn.CONNECTIVITY_CHANGE
10-18 11:23:18.134 18861 18861 D HopeBay : HCFSMgmtReceiver(onReceive): action=android.net.conn.CONNECTIVITY_CHANGE
10-18 11:23:18.134 18861 18861 D HopeBay : HCFSMgmtReceiver(onReceive): isTeraAppLogin=true
10-18 11:23:18.144 19562 19562 I wpa_supplicant: nl80211: deinit ifname=wlan0 disabled_11b_rates=0
10-18 11:23:18.153 18861 18861 D HopeBay : HCFSMgmtUtils(changeCloudSyncStatus): 
10-18 11:23:18.153 18861 18861 D HopeBay : TeraCloudConfig(stopSyncToCloud): Wifi is not connected
10-18 11:23:18.174 19562 19562 I wpa_supplicant: wlan0: CTRL-EVENT-TERMINATING 
10-18 11:23:18.179   953  2962 E ConnectivityService: EVENT_NETWORK_INFO_CHANGED from unknown NetworkAgent
10-18 11:23:18.180   953  2962 D ConnectivityService: setProvNotificationVisibleIntent null visible=false networkType=MOBILE extraInfo=null highPriority=false
10-18 11:23:18.185 19562 19562 I wpa_supplicant: nl80211: deinit ifname=p2p0 disabled_11b_rates=0
10-18 11:23:18.196 19562 19562 I wpa_supplicant: p2p0: CTRL-EVENT-TERMINATING 
10-18 11:23:18.196 19562 19562 I wpa_supplicant: CTRL_IFACE: Detach monitor /data/misc/wifi/sockets/wpa_ctrl_953-5\x00 that cannot receive messages
10-18 11:23:18.279  8151  8302 W Settings: Setting airplane_mode_on has moved from android.provider.Settings.System to android.provider.Settings.Global, returning read-only value.
10-18 11:23:18.325 18861 18861 D HopeBay : TeraCloudConfig(stopSyncToCloud): {"result":true,"code":0,"data":{}}
10-18 11:23:18.329 19219 19219 I UpdateCheckReceiver: Got connectivity change, has connection: false
10-18 11:23:18.331 19245 19245 D SprintDMReceiver: Received intent: android.net.conn.CONNECTIVITY_CHANGE
10-18 11:23:18.335 19245 19245 D SprintDMHelper: simOperator: 46692
10-18 11:23:18.335 19245 19245 D SprintDMReceiver: Not Sprint UICC, don't do anything.
10-18 11:23:18.362  8225  8225 I iu.Environment: update connectivity state; isNetworkMetered? false, isRoaming? false, isBackgroundDataAllowed? false*
10-18 11:23:18.391  8225 19263 I iu.UploadsManager: num queued entries: 0
10-18 11:23:18.403  8225 19263 I iu.UploadsManager: num updated entries: 0
10-18 11:23:18.415  8225 19263 I iu.SyncManager: NEXT; no task
10-18 11:23:18.605 19796 19796 I chatty  : uid=0(root) app_process expire 6 lines
10-18 11:23:54.777   612   612 E QCALOG  : [MessageQ] ProcessNewMessage: [LOWI-SERVER] unknown deliver target [OS-Agent]
10-18 11:24:18.184   953  2962 D ConnectivityService: Failed to find a new network - expiring NetTransition Wakelock
10-18 11:24:54.777   612   612 E QCALOG  : [MessageQ] ProcessNewMessage: [LOWI-SERVER] unknown deliver target [OS-Agent]
10-18 11:25:25.334  5018  5060 I PlayCommon: [201] com.google.android.play.a.g.e(790): Preparing logs for uploading
10-18 11:25:25.335  5018  5060 I PlayCommon: [201] com.google.android.play.a.g.e(792): No file ready to send
10-18 11:25:54.777   612   612 E QCALOG  : [MessageQ] ProcessNewMessage: [LOWI-SERVER] unknown deliver target [OS-Agent]
10-18 11:25:57.348  5018  6013 I PlayCommon: [224] com.google.android.play.a.g.e(790): Preparing logs for uploading
10-18 11:25:57.348  5018  6013 I PlayCommon: [224] com.google.android.play.a.g.e(792): No file ready to send
10-18 11:26:18.579   535   949 I chatty  : uid=0(root) /system/bin/netd expire 1 line
10-18 11:26:54.778   612   612 E QCALOG  : [MessageQ] ProcessNewMessage: [LOWI-SERVER] unknown deliver target [OS-Agent]
10-18 11:27:11.145 19462 19468 I chatty  : uid=0(root) app_process expire 4 lines
10-18 11:27:54.778   612   612 E QCALOG  : [MessageQ] ProcessNewMessage: [LOWI-SERVER] unknown deliver target [OS-Agent]
10-18 11:28:05.535  8225 19682 V NativeCrypto: SSL shutdown failed: ssl=0x7f82b31b80: I/O error during system call, Connection timed out
10-18 11:28:25.671 18861 18861 D HopeBay : HCFSMgmtReceiver(onReceive): action=hbt.intent.action.NOTIFY_INSUFFICIENT_PIN_SPACE
10-18 11:28:25.671 18861 18861 D HopeBay : HCFSMgmtReceiver(onReceive): isTeraAppLogin=true
10-18 11:28:25.682 18861 18861 D HopeBay : TeraMgmtService(onStartCommand): action=hbt.intent.action.NOTIFY_INSUFFICIENT_PIN_SPACE
10-18 11:28:25.813  8225 27613 I MS_RegisterService: RegisterService intent:Intent { act=com.google.android.gms.matchstick.register_intent_action cat=[targeted_intent_op_prefix:com.google.android.libraries.matchstick.net.SilentRegisterIntentOperation] flg=0x4 cmp=com.google.android.gms/.chimera.GmsIntentOperationService (has extras) } isPeriodic:false
10-18 11:28:25.870  8225 27613 I MS_PhoneUtils: Phone type: 1
10-18 11:28:25.917  8225 27613 I MS_ScheduledTaskService: Scheduling task with tag:gms:matchstick:register
10-18 11:28:25.964  8151  8303 W ContentTaskController: Invalid newTask was provided to startTracking.
10-18 11:28:26.026 18861 27603 D HopeBay : TeraMgmtService(onStartCommand): notifyRatio=80, ratio=6.920421434794731
10-18 11:28:54.778   612   612 E QCALOG  : [MessageQ] ProcessNewMessage: [LOWI-SERVER] unknown deliver target [OS-Agent]
10-18 11:29:37.222 18861 18871 I art     : Background sticky concurrent mark sweep GC freed 199425(8MB) AllocSpace objects, 0(0B) LOS objects, 37% free, 14MB/23MB, paused 5.741ms total 37.764ms
10-18 11:29:51.834 18861 18871 I art     : Background sticky concurrent mark sweep GC freed 199315(8MB) AllocSpace objects, 0(0B) LOS objects, 37% free, 14MB/23MB, paused 1.332ms total 240.612ms
10-18 11:29:54.778   612   612 E QCALOG  : [MessageQ] ProcessNewMessage: [LOWI-SERVER] unknown deliver target [OS-Agent]
10-18 11:30:25.440  5018  5060 I PlayCommon: [201] com.google.android.play.a.g.e(790): Preparing logs for uploading
10-18 11:30:25.440  5018  5060 I PlayCommon: [201] com.google.android.play.a.g.e(792): No file ready to send
10-18 11:30:34.276   953   969 E KernelCpuSpeedReader: Failed to read cpu-freq: /sys/devices/system/cpu/cpu4/cpufreq/stats/time_in_state: open failed: ENOENT (No such file or directory)
10-18 11:30:54.778   612   612 E QCALOG  : [MessageQ] ProcessNewMessage: [LOWI-SERVER] unknown deliver target [OS-Agent]
10-18 11:30:57.627  5018  6013 I PlayCommon: [224] com.google.android.play.a.g.e(790): Preparing logs for uploading
10-18 11:30:57.627  5018  6013 I PlayCommon: [224] com.google.android.play.a.g.e(792): No file ready to send
10-18 11:31:25.717   953   967 E KernelCpuSpeedReader: Failed to read cpu-freq: /sys/devices/system/cpu/cpu4/cpufreq/stats/time_in_state: open failed: ENOENT (No such file or directory)
10-18 11:31:54.779   612   612 E QCALOG  : [MessageQ] ProcessNewMessage: [LOWI-SERVER] unknown deliver target [OS-Agent]
10-18 11:32:25.701   953   969 E KernelCpuSpeedReader: Failed to read cpu-freq: /sys/devices/system/cpu/cpu4/cpufreq/stats/time_in_state: open failed: ENOENT (No such file or directory)
10-18 11:32:39.984   953   966 I UsageStatsService: User[0] Flushing usage stats to disk
10-18 11:32:42.997   953   967 E KernelCpuSpeedReader: Failed to read cpu-freq: /sys/devices/system/cpu/cpu4/cpufreq/stats/time_in_state: open failed: ENOENT (No such file or directory)
10-18 11:32:43.022   953   967 W ProcessCpuTracker: Skipping unknown process pid 5490
10-18 11:32:43.023   953   967 W ProcessCpuTracker: Skipping unknown process pid 5492
10-18 11:32:54.779   612   612 E QCALOG  : [MessageQ] ProcessNewMessage: [LOWI-SERVER] unknown deliver target [OS-Agent]
10-18 11:33:54.780   612   612 E QCALOG  : [MessageQ] ProcessNewMessage: [LOWI-SERVER] unknown deliver target [OS-Agent]
10-18 11:34:54.780   612   612 E QCALOG  : [MessageQ] ProcessNewMessage: [LOWI-SERVER] unknown deliver target [OS-Agent]
10-18 11:35:12.802   953   967 W ProcessCpuTracker: Skipping unknown process pid 11127
10-18 11:35:12.808   953   967 W ProcessCpuTracker: Skipping unknown process pid 11129
10-18 11:35:25.538  5018  5060 I PlayCommon: [201] com.google.android.play.a.g.e(790): Preparing logs for uploading
10-18 11:35:25.539  5018  5060 I PlayCommon: [201] com.google.android.play.a.g.e(792): No file ready to send
10-18 11:35:54.780   612   612 E QCALOG  : [MessageQ] ProcessNewMessage: [LOWI-SERVER] unknown deliver target [OS-Agent]
10-18 11:35:57.734  5018  6013 I PlayCommon: [224] com.google.android.play.a.g.e(790): Preparing logs for uploading
10-18 11:35:57.735  5018  6013 I PlayCommon: [224] com.google.android.play.a.g.e(792): No file ready to send
10-18 11:36:36.420  8225 13435 I EventLogChimeraService: Aggregate from 1476759996298 (log), 1476759996298 (data)
10-18 11:36:36.613  8340 13433 E SQLiteLog: (266) statement aborts at 1: [BEGIN EXCLUSIVE;] disk I/O error
10-18 11:36:36.684  8340  8397 E Fabric  : An error occurred in the fatal exception logger
10-18 11:36:36.684  8340  8397 E Fabric  : java.io.IOException: write failed: EIO (I/O error)
10-18 11:36:36.684  8340  8397 E Fabric  : 	at libcore.io.IoBridge.write(IoBridge.java:498)
10-18 11:36:36.684  8340  8397 E Fabric  : 	at java.io.FileOutputStream.write(FileOutputStream.java:186)
10-18 11:36:36.684  8340  8397 E Fabric  : 	at com.crashlytics.android.CodedOutputStream.refreshBuffer(CodedOutputStream.java:668)
10-18 11:36:36.684  8340  8397 E Fabric  : 	at com.crashlytics.android.CodedOutputStream.writeRawBytes(CodedOutputStream.java:794)
10-18 11:36:36.684  8340  8397 E Fabric  : 	at com.crashlytics.android.CodedOutputStream.writeRawBytes(CodedOutputStream.java:740)
10-18 11:36:36.684  8340  8397 E Fabric  : 	at com.crashlytics.android.CodedOutputStream.writeBytesNoTag(CodedOutputStream.java:325)
10-18 11:36:36.684  8340  8397 E Fabric  : 	at com.crashlytics.android.CodedOutputStream.writeBytes(CodedOutputStream.java:204)
10-18 11:36:36.684  8340  8397 E Fabric  : 	at com.crashlytics.android.CrashlyticsUncaughtExceptionHandler.writeFrame(CrashlyticsUncaughtExceptionHandler.java:1705)
10-18 11:36:36.684  8340  8397 E Fabric  : 	at com.crashlytics.android.CrashlyticsUncaughtExceptionHandler.writeThread(CrashlyticsUncaughtExceptionHandler.java:1688)
10-18 11:36:36.684  8340  8397 E Fabric  : 	at com.crashlytics.android.CrashlyticsUncaughtExceptionHandler.writeSessionEventAppExecution(CrashlyticsUncaughtExceptionHandler.java:1611)
10-18 11:36:36.684  8340  8397 E Fabric  : 	at com.crashlytics.android.CrashlyticsUncaughtExceptionHandler.writeSessionEventApp(CrashlyticsUncaughtExceptionHandler.java:1583)
10-18 11:36:36.684  8340  8397 E Fabric  : 	at com.crashlytics.android.CrashlyticsUncaughtExceptionHandler.writeSessionEvent(CrashlyticsUncaughtExceptionHandler.java:1572)
10-18 11:36:36.684  8340  8397 E Fabric  : 	at com.crashlytics.android.CrashlyticsUncaughtExceptionHandler.writeFatal(CrashlyticsUncaughtExceptionHandler.java:444)
10-18 11:36:36.684  8340  8397 E Fabric  : 	at com.crashlytics.android.CrashlyticsUncaughtExceptionHandler.handleUncaughtException(CrashlyticsUncaughtExceptionHandler.java:344)
10-18 11:36:36.684  8340  8397 E Fabric  : 	at com.crashlytics.android.CrashlyticsUncaughtExceptionHandler.access$200(CrashlyticsUncaughtExceptionHandler.java:71)
10-18 11:36:36.684  8340  8397 E Fabric  : 	at com.crashlytics.android.CrashlyticsUncaughtExceptionHandler$7.call(CrashlyticsUncaughtExceptionHandler.java:324)
10-18 11:36:36.684  8340  8397 E Fabric  : 	at com.crashlytics.android.CrashlyticsUncaughtExceptionHandler$7.call(CrashlyticsUncaughtExceptionHandler.java:321)
10-18 11:36:36.684  8340  8397 E Fabric  : 	at java.util.concurrent.FutureTask.run(FutureTask.java:237)
10-18 11:36:36.684  8340  8397 E Fabric  : 	at java.util.concurrent.ThreadPoolExecutor.runWorker(ThreadPoolExecutor.java:1113)
10-18 11:36:36.684  8340  8397 E Fabric  : 	at java.util.concurrent.ThreadPoolExecutor$Worker.run(ThreadPoolExecutor.java:588)
10-18 11:36:36.684  8340  8397 E Fabric  : 	at c.a.a.a.a.b.x.onRun(ExecutorUtils.java:46)
10-18 11:36:36.684  8340  8397 E Fabric  : 	at c.a.a.a.a.b.l.run(BackgroundPriorityRunnable.java:13)
10-18 11:36:36.684  8340  8397 E Fabric  : 	at java.lang.Thread.run(Thread.java:818)
10-18 11:36:36.684  8340  8397 E Fabric  : Caused by: android.system.ErrnoException: write failed: EIO (I/O error)
10-18 11:36:36.684  8340  8397 E Fabric  : 	at libcore.io.Posix.writeBytes(Native Method)
10-18 11:36:36.684  8340  8397 E Fabric  : 	at libcore.io.Posix.write(Posix.java:271)
10-18 11:36:36.684  8340  8397 E Fabric  : 	at libcore.io.BlockGuardOs.write(BlockGuardOs.java:313)
10-18 11:36:36.684  8340  8397 E Fabric  : 	at libcore.io.IoBridge.write(IoBridge.java:493)
10-18 11:36:36.684  8340  8397 E Fabric  : 	... 22 more
10-18 11:36:36.689  8340  8397 E Fabric  : Failed to flush to session begin file.
10-18 11:36:36.689  8340  8397 E Fabric  : java.io.IOException: write failed: EIO (I/O error)
10-18 11:36:36.689  8340  8397 E Fabric  : 	at libcore.io.IoBridge.write(IoBridge.java:498)
10-18 11:36:36.689  8340  8397 E Fabric  : 	at java.io.FileOutputStream.write(FileOutputStream.java:186)
10-18 11:36:36.689  8340  8397 E Fabric  : 	at com.crashlytics.android.CodedOutputStream.refreshBuffer(CodedOutputStream.java:668)
10-18 11:36:36.689  8340  8397 E Fabric  : 	at com.crashlytics.android.CodedOutputStream.flush(CodedOutputStream.java:678)
10-18 11:36:36.689  8340  8397 E Fabric  : 	at c.a.a.a.a.b.m.a(CommonUtils.java:758)
10-18 11:36:36.689  8340  8397 E Fabric  : 	at com.crashlytics.android.CrashlyticsUncaughtExceptionHandler.writeFatal(CrashlyticsUncaughtExceptionHandler.java:454)
10-18 11:36:36.689  8340  8397 E Fabric  : 	at com.crashlytics.android.CrashlyticsUncaughtExceptionHandler.handleUncaughtException(CrashlyticsUncaughtExceptionHandler.java:344)
10-18 11:36:36.689  8340  8397 E Fabric  : 	at com.crashlytics.android.CrashlyticsUncaughtExceptionHandler.access$200(CrashlyticsUncaughtExceptionHandler.java:71)
10-18 11:36:36.689  8340  8397 E Fabric  : 	at com.crashlytics.android.CrashlyticsUncaughtExceptionHandler$7.call(CrashlyticsUncaughtExceptionHandler.java:324)
10-18 11:36:36.689  8340  8397 E Fabric  : 	at com.crashlytics.android.CrashlyticsUncaughtExceptionHandler$7.call(CrashlyticsUncaughtExceptionHandler.java:321)
10-18 11:36:36.689  8340  8397 E Fabric  : 	at java.util.concurrent.FutureTask.run(FutureTask.java:237)
10-18 11:36:36.689  8340  8397 E Fabric  : 	at java.util.concurrent.ThreadPoolExecutor.runWorker(ThreadPoolExecutor.java:1113)
10-18 11:36:36.689  8340  8397 E Fabric  : 	at java.util.concurrent.ThreadPoolExecutor$Worker.run(ThreadPoolExecutor.java:588)
10-18 11:36:36.689  8340  8397 E Fabric  : 	at c.a.a.a.a.b.x.onRun(ExecutorUtils.java:46)
10-18 11:36:36.689  8340  8397 E Fabric  : 	at c.a.a.a.a.b.l.run(BackgroundPriorityRunnable.java:13)
10-18 11:36:36.689  8340  8397 E Fabric  : 	at java.lang.Thread.run(Thread.java:818)
10-18 11:36:36.689  8340  8397 E Fabric  : Caused by: android.system.ErrnoException: write failed: EIO (I/O error)
10-18 11:36:36.689  8340  8397 E Fabric  : 	at libcore.io.Posix.writeBytes(Native Method)
10-18 11:36:36.689  8340  8397 E Fabric  : 	at libcore.io.Posix.write(Posix.java:271)
10-18 11:36:36.689  8340  8397 E Fabric  : 	at libcore.io.BlockGuardOs.write(BlockGuardOs.java:313)
10-18 11:36:36.689  8340  8397 E Fabric  : 	at libcore.io.IoBridge.write(IoBridge.java:493)
10-18 11:36:36.689  8340  8397 E Fabric  : 	... 15 more
10-18 11:36:36.747  8340  8397 E Fabric  : Failed to write session file for session ID: 580588760118-0001-2094-6063C57AC3D0
10-18 11:36:36.747  8340  8397 E Fabric  : java.io.IOException: read failed: EIO (I/O error)
10-18 11:36:36.747  8340  8397 E Fabric  : 	at libcore.io.IoBridge.read(IoBridge.java:478)
10-18 11:36:36.747  8340  8397 E Fabric  : 	at java.io.FileInputStream.read(FileInputStream.java:177)
10-18 11:36:36.747  8340  8397 E Fabric  : 	at com.crashlytics.android.CrashlyticsUncaughtExceptionHandler.writeToCosFromFile(CrashlyticsUncaughtExceptionHandler.java:1494)
10-18 11:36:36.747  8340  8397 E Fabric  : 	at com.crashlytics.android.CrashlyticsUncaughtExceptionHandler.writeSessionPartsToSessionFile(CrashlyticsUncaughtExceptionHandler.java:1165)
10-18 11:36:36.747  8340  8397 E Fabric  : 	at com.crashlytics.android.CrashlyticsUncaughtExceptionHandler.doCloseSessions(CrashlyticsUncaughtExceptionHandler.java:627)
10-18 11:36:36.747  8340  8397 E Fabric  : 	at com.crashlytics.android.CrashlyticsUncaughtExceptionHandler.handleUncaughtException(CrashlyticsUncaughtExceptionHandler.java:346)
10-18 11:36:36.747  8340  8397 E Fabric  : 	at com.crashlytics.android.CrashlyticsUncaughtExceptionHandler.access$200(CrashlyticsUncaughtExceptionHandler.java:71)
10-18 11:36:36.747  8340  8397 E Fabric  : 	at com.crashlytics.android.CrashlyticsUncaughtExceptionHandler$7.call(CrashlyticsUncaughtExceptionHandler.java:324)
10-18 11:36:36.747  8340  8397 E Fabric  : 	at com.crashlytics.android.CrashlyticsUncaughtExceptionHandler$7.call(CrashlyticsUncaughtExceptionHandler.java:321)
10-18 11:36:36.747  8340  8397 E Fabric  : 	at java.util.concurrent.FutureTask.run(FutureTask.java:237)
10-18 11:36:36.747  8340  8397 E Fabric  : 	at java.util.concurrent.ThreadPoolExecutor.runWorker(ThreadPoolExecutor.java:1113)
10-18 11:36:36.747  8340  8397 E Fabric  : 	at java.util.concurrent.ThreadPoolExecutor$Worker.run(ThreadPoolExecutor.java:588)
10-18 11:36:36.747  8340  8397 E Fabric  : 	at c.a.a.a.a.b.x.onRun(ExecutorUtils.java:46)
10-18 11:36:36.747  8340  8397 E Fabric  : 	at c.a.a.a.a.b.l.run(BackgroundPriorityRunnable.java:13)
10-18 11:36:36.747  8340  8397 E Fabric  : 	at java.lang.Thread.run(Thread.java:818)
10-18 11:36:36.747  8340  8397 E Fabric  : Caused by: android.system.ErrnoException: read failed: EIO (I/O error)
10-18 11:36:36.747  8340  8397 E Fabric  : 	at libcore.io.Posix.readBytes(Native Method)
10-18 11:36:36.747  8340  8397 E Fabric  : 	at libcore.io.Posix.read(Posix.java:169)
10-18 11:36:36.747  8340  8397 E Fabric  : 	at libcore.io.BlockGuardOs.read(BlockGuardOs.java:230)
10-18 11:36:36.747  8340  8397 E Fabric  : 	at libcore.io.IoBridge.read(IoBridge.java:468)
10-18 11:36:36.747  8340  8397 E Fabric  : 	... 14 more
10-18 11:36:36.859  8340  8397 E Fabric  : Failed to flush to session OS file.
10-18 11:36:36.859  8340  8397 E Fabric  : java.io.IOException: write failed: EIO (I/O error)
10-18 11:36:36.859  8340  8397 E Fabric  : 	at libcore.io.IoBridge.write(IoBridge.java:498)
10-18 11:36:36.859  8340  8397 E Fabric  : 	at java.io.FileOutputStream.write(FileOutputStream.java:186)
10-18 11:36:36.859  8340  8397 E Fabric  : 	at com.crashlytics.android.CodedOutputStream.refreshBuffer(CodedOutputStream.java:668)
10-18 11:36:36.859  8340  8397 E Fabric  : 	at com.crashlytics.android.CodedOutputStream.flush(CodedOutputStream.java:678)
10-18 11:36:36.859  8340  8397 E Fabric  : 	at c.a.a.a.a.b.m.a(CommonUtils.java:758)
10-18 11:36:36.859  8340  8397 E Fabric  : 	at com.crashlytics.android.CrashlyticsUncaughtExceptionHandler.writeSessionOS(CrashlyticsUncaughtExceptionHandler.java:1402)
10-18 11:36:36.859  8340  8397 E Fabric  : 	at com.crashlytics.android.CrashlyticsUncaughtExceptionHandler.doOpenSession(CrashlyticsUncaughtExceptionHandler.java:596)
10-18 11:36:36.859  8340  8397 E Fabric  : 	at com.crashlytics.android.CrashlyticsUncaughtExceptionHandler.handleUncaughtException(CrashlyticsUncaughtExceptionHandler.java:347)
10-18 11:36:36.859  8340  8397 E Fabric  : 	at com.crashlytics.android.CrashlyticsUncaughtExceptionHandler.access$200(CrashlyticsUncaughtExceptionHandler.java:71)
10-18 11:36:36.859  8340  8397 E Fabric  : 	at com.crashlytics.android.CrashlyticsUncaughtExceptionHandler$7.call(CrashlyticsUncaughtExceptionHandler.java:324)
10-18 11:36:36.859  8340  8397 E Fabric  : 	at com.crashlytics.android.CrashlyticsUncaughtExceptionHandler$7.call(CrashlyticsUncaughtExceptionHandler.java:321)
10-18 11:36:36.859  8340  8397 E Fabric  : 	at java.util.concurrent.FutureTask.run(FutureTask.java:237)
10-18 11:36:36.859  8340  8397 E Fabric  : 	at java.util.concurrent.ThreadPoolExecutor.runWorker(ThreadPoolExecutor.java:1113)
10-18 11:36:36.859  8340  8397 E Fabric  : 	at java.util.concurrent.ThreadPoolExecutor$Worker.run(ThreadPoolExecutor.java:588)
10-18 11:36:36.859  8340  8397 E Fabric  : 	at c.a.a.a.a.b.x.onRun(ExecutorUtils.java:46)
10-18 11:36:36.859  8340  8397 E Fabric  : 	at c.a.a.a.a.b.l.run(BackgroundPriorityRunnable.java:13)
10-18 11:36:36.859  8340  8397 E Fabric  : 	at java.lang.Thread.run(Thread.java:818)
10-18 11:36:36.859  8340  8397 E Fabric  : Caused by: android.system.ErrnoException: write failed: EIO (I/O error)
10-18 11:36:36.859  8340  8397 E Fabric  : 	at libcore.io.Posix.writeBytes(Native Method)
10-18 11:36:36.859  8340  8397 E Fabric  : 	at libcore.io.Posix.write(Posix.java:271)
10-18 11:36:36.859  8340  8397 E Fabric  : 	at libcore.io.BlockGuardOs.write(BlockGuardOs.java:313)
10-18 11:36:36.859  8340  8397 E Fabric  : 	at libcore.io.IoBridge.write(IoBridge.java:493)
10-18 11:36:36.859  8340  8397 E Fabric  : 	... 16 more
10-18 11:36:36.885  8340  8397 E Fabric  : Failed to flush session device info.
10-18 11:36:36.885  8340  8397 E Fabric  : java.io.IOException: write failed: EIO (I/O error)
10-18 11:36:36.885  8340  8397 E Fabric  : 	at libcore.io.IoBridge.write(IoBridge.java:498)
10-18 11:36:36.885  8340  8397 E Fabric  : 	at java.io.FileOutputStream.write(FileOutputStream.java:186)
10-18 11:36:36.885  8340  8397 E Fabric  : 	at com.crashlytics.android.CodedOutputStream.refreshBuffer(CodedOutputStream.java:668)
10-18 11:36:36.885  8340  8397 E Fabric  : 	at com.crashlytics.android.CodedOutputStream.flush(CodedOutputStream.java:678)
10-18 11:36:36.885  8340  8397 E Fabric  : 	at c.a.a.a.a.b.m.a(CommonUtils.java:758)
10-18 11:36:36.885  8340  8397 E Fabric  : 	at com.crashlytics.android.CrashlyticsUncaughtExceptionHandler.writeSessionDevice(CrashlyticsUncaughtExceptionHandler.java:1472)
10-18 11:36:36.885  8340  8397 E Fabric  : 	at com.crashlytics.android.CrashlyticsUncaughtExceptionHandler.doOpenSession(CrashlyticsUncaughtExceptionHandler.java:597)
10-18 11:36:36.885  8340  8397 E Fabric  : 	at com.crashlytics.android.CrashlyticsUncaughtExceptionHandler.handleUncaughtException(CrashlyticsUncaughtExceptionHandler.java:347)
10-18 11:36:36.885  8340  8397 E Fabric  : 	at com.crashlytics.android.CrashlyticsUncaughtExceptionHandler.access$200(CrashlyticsUncaughtExceptionHandler.java:71)
10-18 11:36:36.885  8340  8397 E Fabric  : 	at com.crashlytics.android.CrashlyticsUncaughtExceptionHandler$7.call(CrashlyticsUncaughtExceptionHandler.java:324)
10-18 11:36:36.885  8340  8397 E Fabric  : 	at com.crashlytics.android.CrashlyticsUncaughtExceptionHandler$7.call(CrashlyticsUncaughtExceptionHandler.java:321)
10-18 11:36:36.885  8340  8397 E Fabric  : 	at java.util.concurrent.FutureTask.run(FutureTask.java:237)
10-18 11:36:36.885  8340  8397 E Fabric  : 	at java.util.concurrent.ThreadPoolExecutor.runWorker(ThreadPoolExecutor.java:1113)
10-18 11:36:36.885  8340  8397 E Fabric  : 	at java.util.concurrent.ThreadPoolExecutor$Worker.run(ThreadPoolExecutor.java:588)
10-18 11:36:36.885  8340  8397 E Fabric  : 	at c.a.a.a.a.b.x.onRun(ExecutorUtils.java:46)
10-18 11:36:36.885  8340  8397 E Fabric  : 	at c.a.a.a.a.b.l.run(BackgroundPriorityRunnable.java:13)
10-18 11:36:36.885  8340  8397 E Fabric  : 	at java.lang.Thread.run(Thread.java:818)
10-18 11:36:36.885  8340  8397 E Fabric  : Caused by: android.system.ErrnoException: write failed: EIO (I/O error)
10-18 11:36:36.885  8340  8397 E Fabric  : 	at libcore.io.Posix.writeBytes(Native Method)
10-18 11:36:36.885  8340  8397 E Fabric  : 	at libcore.io.Posix.write(Posix.java:271)
10-18 11:36:36.885  8340  8397 E Fabric  : 	at libcore.io.BlockGuardOs.write(BlockGuardOs.java:313)
10-18 11:36:36.885  8340  8397 E Fabric  : 	at libcore.io.IoBridge.write(IoBridge.java:493)
10-18 11:36:36.885  8340  8397 E Fabric  : 	... 16 more
--------- beginning of crash
10-18 11:36:36.908  8340 13433 E AndroidRuntime: FATAL EXCEPTION: IntentService[TrafficJournalAggregateService]
10-18 11:36:36.908  8340 13433 E AndroidRuntime: Process: com.andcreate.app.trafficmonitor, PID: 8340
10-18 11:36:36.908  8340 13433 E AndroidRuntime: android.database.sqlite.SQLiteDiskIOException: disk I/O error (code 266)
10-18 11:36:36.908  8340 13433 E AndroidRuntime: 	at android.database.sqlite.SQLiteConnection.nativeExecute(Native Method)
10-18 11:36:36.908  8340 13433 E AndroidRuntime: 	at android.database.sqlite.SQLiteConnection.execute(SQLiteConnection.java:553)
10-18 11:36:36.908  8340 13433 E AndroidRuntime: 	at android.database.sqlite.SQLiteSession.beginTransactionUnchecked(SQLiteSession.java:323)
10-18 11:36:36.908  8340 13433 E AndroidRuntime: 	at android.database.sqlite.SQLiteSession.beginTransaction(SQLiteSession.java:298)
10-18 11:36:36.908  8340 13433 E AndroidRuntime: 	at android.database.sqlite.SQLiteDatabase.beginTransaction(SQLiteDatabase.java:505)
10-18 11:36:36.908  8340 13433 E AndroidRuntime: 	at android.database.sqlite.SQLiteDatabase.beginTransaction(SQLiteDatabase.java:416)
10-18 11:36:36.908  8340 13433 E AndroidRuntime: 	at b.a.a.a.a(AbstractDao.java:334)
10-18 11:36:36.908  8340 13433 E AndroidRuntime: 	at b.a.a.a.a(AbstractDao.java:283)
10-18 11:36:36.908  8340 13433 E AndroidRuntime: 	at com.andcreate.app.trafficmonitor.aggregate.a.d(TrafficJournalAggregateEngine.java:454)
10-18 11:36:36.908  8340 13433 E AndroidRuntime: 	at com.andcreate.app.trafficmonitor.aggregate.a.a(TrafficJournalAggregateEngine.java:68)
10-18 11:36:36.908  8340 13433 E AndroidRuntime: 	at com.andcreate.app.trafficmonitor.aggregate.TrafficJournalAggregateService.onHandleIntent(TrafficJournalAggregateService.java:74)
10-18 11:36:36.908  8340 13433 E AndroidRuntime: 	at android.app.IntentService$ServiceHandler.handleMessage(IntentService.java:66)
10-18 11:36:36.908  8340 13433 E AndroidRuntime: 	at android.os.Handler.dispatchMessage(Handler.java:102)
10-18 11:36:36.908  8340 13433 E AndroidRuntime: 	at android.os.Looper.loop(Looper.java:148)
10-18 11:36:36.908  8340 13433 E AndroidRuntime: 	at android.os.HandlerThread.run(HandlerThread.java:61)
10-18 11:36:37.053   953 13454 I chatty  : uid=1000(system) RenderThread expire 3 lines
10-18 11:36:37.790 19462 19473 I chatty  : uid=0(root) app_process expire 7 lines
10-18 11:36:39.001  8340 13433 I Process : Sending signal. PID: 8340 SIG: 9
10-18 11:36:39.002   540  2950 I chatty  : uid=1013(media) AudioOut_2 expire 15 lines
10-18 11:36:39.012   953  3473 W InputMethodManagerService: Window already focused, ignoring focus gain of: com.android.internal.view.IInputMethodClient$Stub$Proxy@4b524f attribute=null, token = android.os.BinderProxy@94bcf5a
10-18 11:36:39.035   953   972 W AppOps  : Finishing op nesting under-run: uid 1000 pkg android code 24 time=0 duration=0 nesting=0
10-18 11:36:39.047   953  3602 I ActivityManager: Process com.andcreate.app.trafficmonitor (pid 8340) has died
10-18 11:36:39.047   953  3602 W ActivityManager: Scheduling restart of crashed service com.andcreate.app.trafficmonitor/.aggregate.TrafficJournalAggregateService in 1000ms
10-18 11:36:45.712   549   629 I chatty  : uid=0(root) /system/bin/thermal-engine expire 8 lines
10-18 11:36:54.782   612   612 E QCALOG  : [MessageQ] ProcessNewMessage: [LOWI-SERVER] unknown deliver target [OS-Agent]
10-18 11:37:54.782   612   612 E QCALOG  : [MessageQ] ProcessNewMessage: [LOWI-SERVER] unknown deliver target [OS-Agent]
10-18 11:38:38.986 18861 18871 I art     : Background sticky concurrent mark sweep GC freed 211100(9MB) AllocSpace objects, 0(0B) LOS objects, 39% free, 13MB/23MB, paused 6.572ms total 43.021ms
10-18 11:38:53.960 13939 13939 I chatty  : uid=0(root) app_process expire 6 lines
10-18 11:38:54.782   612   612 E QCALOG  : [MessageQ] ProcessNewMessage: [LOWI-SERVER] unknown deliver target [OS-Agent]
10-18 11:38:55.468 18861 18861 E JavaBinder: !!! FAILED BINDER TRANSACTION !!!  (parcel size = 18896)
10-18 11:38:55.476   953   964 W WindowManager: Attempted to remove non-existing token: android.os.Binder@63b3a34
10-18 11:38:59.600 13963 13963 I chatty  : uid=0(root) app_process expire 7 lines
10-18 11:39:00.599 13975 13975 I chatty  : uid=0(root) app_process expire 6 lines
10-18 11:39:00.750   953   953 I chatty  : uid=1000 system_server expire 2 lines
10-18 11:39:00.775  3505  3505 W Settings: Setting airplane_mode_on has moved from android.provider.Settings.System to android.provider.Settings.Global, returning read-only value.
10-18 11:39:00.779  3579  3579 W Settings: Setting airplane_mode_on has moved from android.provider.Settings.System to android.provider.Settings.Global, returning read-only value.
10-18 11:39:00.781  8151  8302 W Settings: Setting airplane_mode_on has moved from android.provider.Settings.System to android.provider.Settings.Global, returning read-only value.
10-18 11:39:02.094 18861 18861 E JavaBinder: !!! FAILED BINDER TRANSACTION !!!  (parcel size = 18896)
10-18 11:39:02.108   953  8120 W WindowManager: Attempted to remove non-existing token: android.os.Binder@d4a5dba
10-18 11:39:06.218 13995 13995 I chatty  : uid=0(root) app_process expire 7 lines
10-18 11:39:07.238 14007 14007 I chatty  : uid=0(root) app_process expire 6 lines
10-18 11:39:08.276 14017 14017 I chatty  : uid=0(root) app_process expire 6 lines
10-18 11:39:09.741   953   964 W WindowManager: Attempted to remove non-existing token: android.os.Binder@914c46b
10-18 11:39:13.906 14036 14036 I chatty  : uid=0(root) app_process expire 7 lines
10-18 11:39:14.958 14048 14048 I chatty  : uid=0(root) app_process expire 6 lines
10-18 11:39:16.069 14058 14058 I chatty  : uid=0(root) app_process expire 6 lines
10-18 11:39:17.110 14068 14068 I chatty  : uid=0(root) app_process expire 6 lines
10-18 11:39:18.419 18861 18861 D HopeBay : HCFSMgmtReceiver(onReceive): action=hbt.intent.action.NOTIFY_INSUFFICIENT_PIN_SPACE
10-18 11:39:18.419 18861 18861 D HopeBay : HCFSMgmtReceiver(onReceive): isTeraAppLogin=true
10-18 11:39:18.429 18861 18861 D HopeBay : TeraMgmtService(onStartCommand): action=hbt.intent.action.NOTIFY_INSUFFICIENT_PIN_SPACE
10-18 11:39:19.062 18861 14078 D HopeBay : TeraMgmtService(onStartCommand): notifyRatio=80, ratio=6.920421434794731
10-18 11:39:22.178  3097  3097 D PhoneStatusBar: disable: < expand ICONS* alerts SYSTEM_INFO* back home recent clock search quick_settings >
10-18 11:39:22.311 14036 14047 I chatty  : uid=0(root) app_process expire 35 lines
10-18 11:39:22.867   953   963 I chatty  : uid=1000(system) HeapTaskDaemon expire 1 line
10-18 11:39:24.998   953  8120 W InputMethodManagerService: Window already focused, ignoring focus gain of: com.android.internal.view.IInputMethodClient$Stub$Proxy@4939e5b attribute=null, token = android.os.BinderProxy@94bcf5a
10-18 11:39:25.011  3097  3097 D PhoneStatusBar: disable: < expand icons* alerts system_info* back home recent clock search quick_settings >
10-18 11:39:54.784   612   612 E QCALOG  : [MessageQ] ProcessNewMessage: [LOWI-SERVER] unknown deliver target [OS-Agent]
10-18 11:39:56.210  3097  3097 D PhoneStatusBar: disable: < expand ICONS* alerts SYSTEM_INFO* back home recent clock search quick_settings >
10-18 11:39:56.285 14036 14047 I chatty  : uid=0(root) app_process expire 14 lines
10-18 11:39:58.744   953  8119 W InputMethodManagerService: Window already focused, ignoring focus gain of: com.android.internal.view.IInputMethodClient$Stub$Proxy@ef3a009 attribute=null, token = android.os.BinderProxy@94bcf5a
10-18 11:39:58.759  3097  3097 D PhoneStatusBar: disable: < expand icons* alerts system_info* back home recent clock search quick_settings >
10-18 11:40:25.636  5018  5060 I PlayCommon: [201] com.google.android.play.a.g.e(790): Preparing logs for uploading
10-18 11:40:25.637  5018  5060 I PlayCommon: [201] com.google.android.play.a.g.e(792): No file ready to send
10-18 11:40:32.922 14175 14175 I chatty  : uid=0(root) app_process expire 6 lines
10-18 11:40:33.062   953  8118 D WifiService: setWifiEnabled: true pid=14175, uid=0
10-18 11:40:33.062   953  8118 E WifiService: Invoking mWifiStateMachine.setWifiEnabled
10-18 11:40:33.913   953   971 I chatty  : uid=1000(system) android.io expire 5 lines
10-18 11:40:33.929   535   949 I chatty  : uid=0(root) /system/bin/netd expire 10 lines
10-18 11:40:33.931   953  2954 E NetdConnector: NDC Command {1505 softap fwreload wlan0 STA} took too long (867ms)
10-18 11:40:33.935   557   557 I chatty  : uid=1000(system) /system/bin/cnss-daemon expire 3 lines
10-18 11:40:33.943   953  2954 I chatty  : uid=1000(system) WifiStateMachin expire 58 lines
10-18 11:40:33.971   953 14199 I chatty  : uid=1000 system_server expire 3 lines
10-18 11:40:34.064 14200 14200 I wpa_supplicant: Successfully initialized wpa_supplicant
10-18 11:40:34.068 14200 14200 I wpa_supplicant: rfkill: Cannot open RFKILL control device
10-18 11:40:34.119 14200 14200 I wpa_supplicant: rfkill: Cannot open RFKILL control device
10-18 11:40:34.132 14200 14200 I wpa_supplicant: wlan0: CTRL-EVENT-AVOID-FREQ ranges=
10-18 11:40:34.133 14200 14200 I wpa_supplicant: wlan0: CTRL-EVENT-REGDOM-CHANGE init=USER type=UNKNOWN
10-18 11:40:34.157   953  3019 I chatty  : uid=1000(system) WifiRttService expire 1 line
10-18 11:40:34.158   953  3017 I chatty  : uid=1000(system) WifiScanningSer expire 3 lines
10-18 11:40:34.160   953  2944 I chatty  : uid=1000(system) WifiP2pService expire 3 lines
10-18 11:40:34.178 14200 14200 I wpa_supplicant: p2p0: CTRL-EVENT-REGDOM-CHANGE init=USER type=COUNTRY alpha2=TW
10-18 11:40:51.902 14200 14200 I wpa_supplicant: wlan0: Trying to associate with SSID 'HB-Terafonn-5G'
10-18 11:40:51.961 14200 14200 I wpa_supplicant: wlan0: Associated with 14:dd:a9:c9:d8:84
10-18 11:40:52.028 14200 14200 I wpa_supplicant: wlan0: WPA: Key negotiation completed with 14:dd:a9:c9:d8:84 [PTK=CCMP GTK=CCMP]
10-18 11:40:52.028 14200 14200 I wpa_supplicant: wlan0: CTRL-EVENT-CONNECTED - Connection to 14:dd:a9:c9:d8:84 completed [id=0 id_str=]
10-18 11:40:52.036   953  2954 D ConnectivityService: registerNetworkAgent NetworkAgentInfo{ ni{[type: WIFI[], state: CONNECTING/CONNECTING, reason: (unspecified), extra: "HB-Terafonn-5G", roaming: false, failover: false, isAvailable: true]}  network{102}  lp{{LinkAddresses: []  Routes: [] DnsAddresses: [] Domains: null MTU: 0 TcpBufferSizes: 524288,6291456,8291456,524288,6291456,8291456}}  nc{[ Transports: WIFI Capabilities: INTERNET&NOT_RESTRICTED&TRUSTED&NOT_VPN LinkUpBandwidth>=1048576Kbps LinkDnBandwidth>=1048576Kbps]}  Score{20}  everValidated{false}  lastValidated{false}  created{false} lingering{false} explicitlySelected{false} acceptUnvalidated{false} everCaptivePortalDetected{false} lastCaptivePortalDetected{false} }
10-18 11:40:52.036   953  2954 I chatty  : uid=1000(system) WifiStateMachin expire 11 lines
10-18 11:40:52.036   953  2962 D ConnectivityService: NetworkAgentInfo [WIFI () - 102] EVENT_NETWORK_INFO_CHANGED, going from null to CONNECTING
10-18 11:40:52.077   953 14221 I chatty  : uid=1000 system_server expire 3 lines
10-18 11:40:52.078   953  2962 D ConnectivityService: notifyType CAP_CHANGED for NetworkAgentInfo [WIFI () - 102]
10-18 11:40:52.078   953  2962 D ConnectivityService: updateNetworkScore for NetworkAgentInfo [WIFI () - 102] to 60
10-18 11:40:52.087   953 14220 I chatty  : uid=1000 system_server expire 7 lines
10-18 11:40:54.784   612   612 E QCALOG  : [MessageQ] ProcessNewMessage: [LOWI-SERVER] unknown deliver target [OS-Agent]
10-18 11:40:57.120   953  2962 D ConnectivityService: notifyType CAP_CHANGED for NetworkAgentInfo [WIFI () - 102]
10-18 11:40:57.121   953  2962 D ConnectivityService: NetworkAgentInfo [WIFI () - 102] EVENT_NETWORK_INFO_CHANGED, going from CONNECTING to CONNECTED
10-18 11:40:57.127   953  2962 D ConnectivityService: Adding iface wlan0 to network 102
10-18 11:40:57.174   953  2962 E ConnectivityService: Unexpected mtu value: 0, wlan0
10-18 11:40:57.174   953  2962 D ConnectivityService: Adding Route [fe80::/64 -> :: wlan0] to network 102
10-18 11:40:57.175   953  2962 D ConnectivityService: Adding Route [192.168.1.0/24 -> 0.0.0.0 wlan0] to network 102
10-18 11:40:57.177   953  2962 D ConnectivityService: Adding Route [0.0.0.0/0 -> 192.168.1.1 wlan0] to network 102
10-18 11:40:57.178   953  2962 D ConnectivityService: Setting Dns servers for network 102 to [/172.16.40.254, /192.168.1.1]
10-18 11:40:57.185   953  2962 D ConnectivityService: notifyType IP_CHANGED for NetworkAgentInfo [WIFI () - 102]
10-18 11:40:57.190   953  2962 D ConnectivityService: scheduleUnvalidatedPrompt 102
10-18 11:40:57.191   953  2962 D ConnectivityService: updateSignalStrengthThresholds: CONNECT, sending [] to NetworkAgentInfo [WIFI () - 102]
10-18 11:40:57.191   953  2962 D ConnectivityService: rematch for NetworkAgentInfo [WIFI () - 102]
10-18 11:40:57.191   953  2962 D ConnectivityService:    accepting network in place of null
10-18 11:40:57.191   953  2962 D ConnectivityService: Switching to new default network: NetworkAgentInfo{ ni{[type: WIFI[], state: CONNECTED/CONNECTED, reason: (unspecified), extra: "HB-Terafonn-5G", roaming: false, failover: false, isAvailable: true]}  network{102}  lp{{InterfaceName: wlan0 LinkAddresses: [fe80::7af8:82ff:feb1:6e21/64,192.168.1.61/24,]  Routes: [fe80::/64 -> :: wlan0,192.168.1.0/24 -> 0.0.0.0 wlan0,0.0.0.0/0 -> 192.168.1.1 wlan0,] DnsAddresses: [172.16.40.254,192.168.1.1,] Domains: null MTU: 0 TcpBufferSizes: 524288,6291456,8291456,524288,6291456,8291456}}  nc{[ Transports: WIFI Capabilities: INTERNET&NOT_RESTRICTED&TRUSTED&NOT_VPN LinkUpBandwidth>=1048576Kbps LinkDnBandwidth>=1048576Kbps SignalStrength: -56]}  Score{20}  everValidated{false}  lastValidated{false}  created{true} lingering{false} explicitlySelected{false} acceptUnvalidated{false} everCaptivePortalDetected{false} lastCaptivePortalDetected{false} }
10-18 11:40:57.195   953 14219 I chatty  : uid=1000 system_server expire 1 line
10-18 11:40:57.234   953 14218 I chatty  : uid=1000 system_server expire 2 lines
10-18 11:40:57.236   953  2962 D CSLegacyTypeTracker: Sending CONNECTED broadcast for type 1 NetworkAgentInfo [WIFI () - 102] isDefaultNetwork=true
10-18 11:40:57.236   953  2962 D ConnectivityService: sendStickyBroadcast: action=android.net.conn.CONNECTIVITY_CHANGE
10-18 11:40:57.236  3496  3658 I chatty  : uid=1000(system) ConnectivityMan expire 4 lines
10-18 11:40:57.237   953  2962 D ConnectivityService: notifyType PRECHECK for NetworkAgentInfo [WIFI () - 102]
10-18 11:40:57.246 18861 18861 D HopeBay : HCFSMgmtReceiver(onReceive): action=android.net.conn.CONNECTIVITY_CHANGE
10-18 11:40:57.246 18861 18861 D HopeBay : HCFSMgmtReceiver(onReceive): isTeraAppLogin=true
10-18 11:40:57.319 18861 18861 D HopeBay : HCFSMgmtUtils(changeCloudSyncStatus): 
10-18 11:40:57.320 18861 18861 D HopeBay : TeraCloudConfig(startSyncToCloud): Wifi is connected
10-18 11:40:57.364 18861 18861 D HopeBay : TeraCloudConfig(startSyncToCloud): {"result":true,"code":0,"data":{}}
10-18 11:40:57.386 19219 19219 I UpdateCheckReceiver: Got connectivity change, has connection: true
10-18 11:40:57.386 19219 19219 I UpdateCheckReceiver: Scheduling future, repeating update checks.
10-18 11:40:57.398 19245 19245 D SprintDMReceiver: Received intent: android.net.conn.CONNECTIVITY_CHANGE
10-18 11:40:57.403 19245 19245 D SprintDMHelper: simOperator: 46692
10-18 11:40:57.403 19245 19245 D SprintDMReceiver: Not Sprint UICC, don't do anything.
10-18 11:40:57.408   953  2962 D ConnectivityService: setProvNotificationVisibleIntent null visible=false networkType=MOBILE extraInfo=null highPriority=false
10-18 11:40:57.409   953  2962 D ConnectivityService: NetworkAgentInfo [WIFI () - 102] validation  passed
10-18 11:40:57.409   953  2962 D ConnectivityService: notifyType CAP_CHANGED for NetworkAgentInfo [WIFI () - 102]
10-18 11:40:57.410   953  2962 D ConnectivityService: sendStickyBroadcast: action=android.net.conn.INET_CONDITION_ACTION
10-18 11:40:57.461  8225  8225 I iu.Environment: update connectivity state; isNetworkMetered? false, isRoaming? false, isBackgroundDataAllowed? true*
10-18 11:40:57.468 14248 14248 W main    : type=1400 audit(0.0:77): avc: denied { unmount } for scontext=u:r:zygote:s0 tcontext=u:object_r:labeledfs:s0 tclass=filesystem permissive=0
10-18 11:40:57.476 14248 14248 I chatty  : uid=0(root) com.andcreate.app.trafficmonitor expire 1 line
10-18 11:40:57.477   953  3618 I ActivityManager: Start proc 14248:com.andcreate.app.trafficmonitor/u0a67 for broadcast com.andcreate.app.trafficmonitor/.receiver.NetworkStateChangeReceiver
10-18 11:40:57.533  8151  8151 W ContentTaskController: Invalid task was provided to stopTracking.
10-18 11:40:57.542  8225 19263 I iu.UploadsManager: num queued entries: 0
10-18 11:40:57.557  8225 19263 I iu.UploadsManager: num updated entries: 0
10-18 11:40:57.564  5018  5018 I Finsky  : [1] com.google.android.finsky.autoupdate.ReschedulerUsingJobScheduler$CheckPreconditionsAndAutoUpdateJobService.onStartJob(149): JobScheduler invoked, loading libraries.
10-18 11:40:57.571  8225 19263 I iu.SyncManager: NEXT; no task
10-18 11:40:57.575   953  8120 I chatty  : uid=1000(system) Binder_E expire 1 line
10-18 11:40:57.690  8151  8151 W ContentTaskController: Invalid task was provided to stopTracking.
10-18 11:40:57.717 14248 14248 W System  : ClassLoader referenced unknown path: /data/app/com.andcreate.app.trafficmonitor-1/lib/arm64
10-18 11:40:57.845  5018  6013 I PlayCommon: [224] com.google.android.play.a.g.e(790): Preparing logs for uploading
10-18 11:40:57.848  5018  6013 I PlayCommon: [224] com.google.android.play.a.g.e(792): No file ready to send
10-18 11:40:57.854  8151  8303 W art     : Long monitor contention event with owner method=void pzn.a(qag, int) from :com.google.android.gms:343 waiters=0 for 216ms
10-18 11:40:57.866 14248 14248 D FirebaseApp: com.google.firebase.auth.FirebaseAuth is not linked. Skipping initialization.
10-18 11:40:57.872   953   965 I chatty  : uid=1000(system) Binder_2 expire 1 line
10-18 11:40:57.939  8151  8151 I Auth    : [AuthDelegateWrapper] Service intent: Intent { cmp=com.google.android.gms/.auth.account.authenticator.DefaultAuthDelegateService }.
10-18 11:40:57.955  8151  8151 I Auth    : [AuthDelegateWrapper] Service intent: Intent { cmp=com.google.android.gms/.auth.account.authenticator.DefaultAuthDelegateService }.
10-18 11:40:57.956  8151  8151 I Auth    : [AuthDelegateWrapper] Service intent: Intent { cmp=com.google.android.gms/.auth.account.authenticator.DefaultAuthDelegateService }.
10-18 11:40:58.093  8151  8161 I art     : Background partial concurrent mark sweep GC freed 55012(4MB) AllocSpace objects, 13(260KB) LOS objects, 40% free, 20MB/34MB, paused 1.170ms total 149.867ms
10-18 11:40:58.168  8151  8151 I Auth    : [AuthDelegateWrapper] Service intent: Intent { cmp=com.google.android.gms/.auth.account.authenticator.DefaultAuthDelegateService }.
10-18 11:40:58.287  8151 14283 I PhenotypeFlagCommitter: Experiment Configs successfully retrieved for com.google.android.gms.playlog.uploader
10-18 11:40:58.289  8151 14283 I GoogleURLConnFactory: Using platform SSLCertificateSocketFactory
10-18 11:40:58.321   953  3473 I chatty  : uid=1000(system) Binder_5 expire 1 line
10-18 11:40:58.323   953  5266 I chatty  : uid=1000(system) Binder_A expire 1 line
10-18 11:40:58.417  8151 14283 W Conscrypt: Could not set socket write timeout: null
10-18 11:40:58.464   953  3618 I chatty  : uid=1000(system) Binder_8 expire 1 line
10-18 11:40:58.479  5018  5018 I Finsky  : [1] com.google.android.finsky.autoupdate.ReschedulerUsingJobScheduler$CheckPreconditionsAndAutoUpdateJobService.a(188): auto-updates finished successfully.
10-18 11:40:58.501  8151 14283 W Conscrypt: Could not set socket write timeout: null
10-18 11:40:58.514  8151  8151 W ContentTaskController: Invalid newTask was provided to startTracking.
10-18 11:40:58.889  8151  8151 W ContentTaskController: Invalid task was provided to stopTracking.
10-18 11:40:58.906   953  8115 I chatty  : uid=1000(system) Binder_B expire 1 line
10-18 11:40:59.010  8225 14319 I MS_ScheduledTaskService: Executing task with tag:gms:matchstick:register
10-18 11:40:59.041  8151  8151 W ContentTaskController: Invalid newTask was provided to startTracking.
10-18 11:40:59.207  8225 14330 I MS_RegisterService: RegisterService intent:Intent { act=com.google.android.gms.matchstick.register_intent_action cat=[targeted_intent_op_prefix:com.google.android.libraries.matchstick.net.SilentRegisterIntentOperation] cmp=com.google.android.gms/.chimera.GmsIntentOperationService } isPeriodic:false
10-18 11:40:59.243  8225 14330 I MS_PhoneUtils: Phone type: 1
10-18 11:40:59.277  8225 14330 I MS_RegisterService: Doing full registration.
10-18 11:40:59.505  8225  8233 W SQLiteConnectionPool: A SQLiteConnection object for database '/data/user/0/com.google.android.gms/databases/networkstatistics.sqlite' was leaked!  Please fix your application to end transactions in progress properly and to close the database when it is no longer needed.
10-18 11:40:59.552  8225 14330 I MS_RegisterService: Throttling registration.
10-18 11:41:02.050 14248 14248 W art     : Long monitor contention event with owner method=boolean libcore.io.Posix.access(java.lang.String, int) from Posix.java:4294967294 waiters=0 for 4.164s
10-18 11:41:02.050 14248 14248 D FirebaseApp: Initialized class com.google.firebase.iid.FirebaseInstanceId.
10-18 11:41:02.051 14248 14248 D FirebaseApp: com.google.firebase.crash.FirebaseCrash is not linked. Skipping initialization.
10-18 11:41:02.120 14248 14248 I FA      : App measurement is starting up, version: 9080
10-18 11:41:02.121 14248 14248 I FA      : To enable debug logging run: adb shell setprop log.tag.FA VERBOSE
10-18 11:41:02.155 14248 14248 D FirebaseApp: Initialized class com.google.android.gms.measurement.AppMeasurement.
10-18 11:41:02.155 14248 14248 I FirebaseInitProvider: FirebaseApp initialization successful
10-18 11:41:02.211 14248 14350 V GoogleSignatureVerifier: com.google.android.gms signature not valid.  Found: 
10-18 11:41:02.211 14248 14350 V GoogleSignatureVerifier: MIIEQzCCAyugAwIBAgIJAMLgh0ZkSjCNMA0GCSqGSIb3DQEBBAUAMHQxCzAJBgNVBAYTAlVTMRMw
10-18 11:41:02.211 14248 14350 V GoogleSignatureVerifier: EQYDVQQIEwpDYWxpZm9ybmlhMRYwFAYDVQQHEw1Nb3VudGFpbiBWaWV3MRQwEgYDVQQKEwtHb29n
10-18 11:41:02.211 14248 14350 V GoogleSignatureVerifier: bGUgSW5jLjEQMA4GA1UECxMHQW5kcm9pZDEQMA4GA1UEAxMHQW5kcm9pZDAeFw0wODA4MjEyMzEz
10-18 11:41:02.211 14248 14350 V GoogleSignatureVerifier: MzRaFw0zNjAxMDcyMzEzMzRaMHQxCzAJBgNVBAYTAlVTMRMwEQYDVQQIEwpDYWxpZm9ybmlhMRYw
10-18 11:41:02.211 14248 14350 V GoogleSignatureVerifier: FAYDVQQHEw1Nb3VudGFpbiBWaWV3MRQwEgYDVQQKEwtHb29nbGUgSW5jLjEQMA4GA1UECxMHQW5k
10-18 11:41:02.211 14248 14350 V GoogleSignatureVerifier: cm9pZDEQMA4GA1UEAxMHQW5kcm9pZDCCASAwDQYJKoZIhvcNAQEBBQADggENADCCAQgCggEBAKtW
10-18 11:41:02.211 14248 14350 V GoogleSignatureVerifier: LgDYO6IIrgqWbxJOKdoR8qtW0I9Y4sypEwPpt1TTcvZApxsdyxMJZ2JORland2qSGT2y5b+3JKke
10-18 11:41:02.211 14248 14350 V GoogleSignatureVerifier: dxiLDmpHpDsz2WCbdxgxRczfey5YZnTJ4VZbH0xqWVW/8lGmPav5xVwnIiJS6HXk+BVKZF+JcWjA
10-18 11:41:02.211 14248 14350 V GoogleSignatureVerifier: sb/GEuq/eFdpuzSqeYTcfi6idkyugwfYwXFU1+5fZKUaRKYCwkkFQVfcAs1fXA5V+++FGfvjJ/Cx
10-18 11:41:02.211 14248 14350 V GoogleSignatureVerifier: URaSxaBvGdGDhfXE28LWuT9ozCl5xw4Yq5OGazvV24mZVSoOO0yZ31j7kYvtwYK6NeADwbSxDdJE
10-18 11:41:02.211 14248 14350 V GoogleSignatureVerifier: qO4k//0zOHKrUiGYXtqw/A0LFFtqoZKFjnkCAQOjgdkwgdYwHQYDVR0OBBYEFMd9jMIhF1Ylmn/T
10-18 11:41:02.211 14248 14350 V GoogleSignatureVerifier: gt9r45jk14alMIGmBgNVHSMEgZ4wgZuAFMd9jMIhF1Ylmn/Tgt9r45jk14aloXikdjB0MQswCQYD
