10-18 11:41:02.211 14248 14350 V GoogleSignatureVerifier: VQQGEwJVUzETMBEGA1UECBMKQ2FsaWZvcm5pYTEWMBQGA1UEBxMNTW91bnRhaW4gVmlldzEUMBIG
10-18 11:41:02.211 14248 14350 V GoogleSignatureVerifier: A1UEChMLR29vZ2xlIEluYy4xEDAOBgNVBAsTB0FuZHJvaWQxEDAOBgNVBAMTB0FuZHJvaWSCCQDC
10-18 11:41:02.211 14248 14350 V GoogleSignatureVerifier: 4IdGZEowjTAMBgNVHRMEBTADAQH/MA0GCSqGSIb3DQEBBAUAA4IBAQBt0lLO74UwLDYKqs6Tm8/y
10-18 11:41:02.211 14248 14350 V GoogleSignatureVerifier: zKkEu116FmH4rkaymUIE0P9KaMftGlMexFlaYjzmB2OxZyl6euNXEsQH8gjwyxCUKRJNexBiGcCE
10-18 11:41:02.211 14248 14350 V GoogleSignatureVerifier: yj6z+a1fuHHvkiaai+KL8W1EyNmgjmyy8AW7P+LLlkR+ho5zEHatRbM/YAnqGcFh5iZBqpknHf1S
10-18 11:41:02.211 14248 14350 V GoogleSignatureVerifier: KMXFh4dd239FJ1jWYfbMDMy3NS5CTMQ2XFI1MvcyUTdZPErjQfTbQe3aDQsQcafEQPD+nqActifK
10-18 11:41:02.211 14248 14350 V GoogleSignatureVerifier: Z0Np0IS9L9kR/wbNvyz6ENwPiTrjV2KRkEjH78ZMcUQXg0L3BYHJ3lc69Vs5Ddf9uUGGMYldX3Wf
10-18 11:41:02.211 14248 14350 V GoogleSignatureVerifier: MBEmh/9iFBDAaTCK
10-18 11:41:02.242 14248 14248 I Fabric  : Initializing Crashlytics 2.2.1.32
10-18 11:41:02.564 14248 14372 I art     : Waiting for a blocking GC DisableMovingGc
10-18 11:41:02.578 14248 14372 I art     : WaitForGcToComplete blocked for 13.465ms for cause DisableMovingGc
10-18 11:41:02.578 14248 14372 I art     : Starting a blocking GC DisableMovingGc
10-18 11:41:02.955   535   949 I chatty  : uid=0(root) /system/bin/netd expire 12 lines
10-18 11:41:04.180   953  2954 I chatty  : uid=1000(system) WifiStateMachin expire 6 lines
10-18 11:41:04.903 14248 14386 I Fabric  : Crashlytics report upload complete: 580588760118-0001-2094-6063C57AC3D0.cls
10-18 11:41:05.194   953  2962 D ConnectivityService: handlePromptUnvalidated 102
10-18 11:41:38.284 14754 14754 I chatty  : uid=0(root) app_process expire 6 lines
10-18 11:41:38.436   953  8118 D WifiService: setWifiEnabled: false pid=14754, uid=0
10-18 11:41:38.436   953  8118 E WifiService: Invoking mWifiStateMachine.setWifiEnabled
10-18 11:41:38.449   953 14220 I chatty  : uid=1000 system_server expire 1 line
10-18 11:41:38.453  8151 14261 V NativeCrypto: Read error: ssl=0x7f7df1de00: I/O error during system call, Connection timed out
10-18 11:41:38.456   953  2962 D ConnectivityService: NetworkAgentInfo [WIFI () - 102] EVENT_NETWORK_INFO_CHANGED, going from CONNECTED to DISCONNECTED
10-18 11:41:38.456   953  2962 D ConnectivityService: NetworkAgentInfo [WIFI () - 102] got DISCONNECTED, was satisfying 3
10-18 11:41:38.461   561   561 I chatty  : uid=1000(system) /system/bin/cnd expire 1 line
10-18 11:41:38.465   953   953 I chatty  : uid=1000 system_server expire 1 line
10-18 11:41:38.466   953  3019 I chatty  : uid=1000(system) WifiRttService expire 1 line
10-18 11:41:38.467   953  2962 D ConnectivityService: notifyType LOST for NetworkAgentInfo [WIFI () - 102]
10-18 11:41:38.469  3496  3658 I chatty  : uid=1000(system) ConnectivityMan expire 2 lines
10-18 11:41:38.472   953  2954 I chatty  : uid=1000(system) WifiStateMachin expire 3 lines
10-18 11:41:38.478  8151 14261 V NativeCrypto: SSL shutdown failed: ssl=0x7f7df1de00: I/O error during system call, Broken pipe
10-18 11:41:38.483  8151 14261 E GCM     : Wifi connection closed with errorCode 20
10-18 11:41:38.514   953 14221 I chatty  : uid=1000 system_server expire 1 line
10-18 11:41:38.515   953  2962 D CSLegacyTypeTracker: Sending DISCONNECTED broadcast for type 1 NetworkAgentInfo [WIFI () - 102] isDefaultNetwork=true
10-18 11:41:38.516   953  2962 D ConnectivityService: sendStickyBroadcast: action=android.net.conn.CONNECTIVITY_CHANGE
10-18 11:41:38.517   953   971 I chatty  : uid=1000(system) android.io expire 1 line
10-18 11:41:38.518 18861 18861 D HopeBay : HCFSMgmtReceiver(onReceive): action=android.net.conn.CONNECTIVITY_CHANGE
10-18 11:41:38.519 18861 18861 D HopeBay : HCFSMgmtReceiver(onReceive): isTeraAppLogin=true
10-18 11:41:38.520   953 14220 I chatty  : uid=1000 system_server expire 1 line
10-18 11:41:38.526 14200 14200 I wpa_supplicant: wlan0: CTRL-EVENT-DISCONNECTED bssid=14:dd:a9:c9:d8:84 reason=3 locally_generated=1
10-18 11:41:38.528   953   971 I chatty  : uid=1000(system) android.io expire 2 lines
10-18 11:41:38.542 18861 18861 D HopeBay : HCFSMgmtUtils(changeCloudSyncStatus): 
10-18 11:41:38.543 18861 18861 D HopeBay : TeraCloudConfig(stopSyncToCloud): Wifi is not connected
10-18 11:41:38.606 14200 14200 I wpa_supplicant: nl80211: deinit ifname=wlan0 disabled_11b_rates=0
10-18 11:41:38.621 18861 18861 D HopeBay : TeraCloudConfig(stopSyncToCloud): {"result":true,"code":0,"data":{}}
10-18 11:41:38.627 19219 19219 I UpdateCheckReceiver: Got connectivity change, has connection: false
10-18 11:41:38.630 19245 19245 D SprintDMReceiver: Received intent: android.net.conn.CONNECTIVITY_CHANGE
10-18 11:41:38.633 19245 19245 D SprintDMHelper: simOperator: 46692
10-18 11:41:38.633 19245 19245 D SprintDMReceiver: Not Sprint UICC, don't do anything.
10-18 11:41:38.653 14200 14200 I wpa_supplicant: wlan0: CTRL-EVENT-TERMINATING 
10-18 11:41:38.657  8225  8225 I iu.Environment: update connectivity state; isNetworkMetered? false, isRoaming? false, isBackgroundDataAllowed? false*
10-18 11:41:38.679  8225 19263 I iu.UploadsManager: num queued entries: 0
10-18 11:41:38.688  8225 19263 I iu.UploadsManager: num updated entries: 0
10-18 11:41:38.694 14200 14200 I wpa_supplicant: nl80211: deinit ifname=p2p0 disabled_11b_rates=0
10-18 11:41:38.698  8225 19263 I iu.SyncManager: NEXT; no task
10-18 11:41:38.739 14200 14200 I wpa_supplicant: p2p0: CTRL-EVENT-TERMINATING 
10-18 11:41:38.740 14200 14200 I wpa_supplicant: CTRL_IFACE: Detach monitor /data/misc/wifi/sockets/wpa_ctrl_953-7\x00 that cannot receive messages
10-18 11:41:38.756   953  2954 I chatty  : uid=1000(system) WifiStateMachin expire 6 lines
10-18 11:41:38.756   953 14199 I chatty  : uid=1000 system_server expire 5 lines
10-18 11:41:38.780  8151  8302 W Settings: Setting airplane_mode_on has moved from android.provider.Settings.System to android.provider.Settings.Global, returning read-only value.
10-18 11:41:39.285 14783 14783 I chatty  : uid=0(root) app_process expire 6 lines
10-18 11:41:54.785   612   612 E QCALOG  : [MessageQ] ProcessNewMessage: [LOWI-SERVER] unknown deliver target [OS-Agent]
10-18 11:41:55.541 14816 14816 I chatty  : uid=0(root) app_process expire 6 lines
10-18 11:41:55.695   953  8115 D WifiService: setWifiEnabled: true pid=14816, uid=0
10-18 11:41:55.695   953  8115 E WifiService: Invoking mWifiStateMachine.setWifiEnabled
10-18 11:41:56.514   953   971 I chatty  : uid=1000(system) android.io expire 3 lines
10-18 11:41:56.537   953  2954 E NetdConnector: NDC Command {1620 softap fwreload wlan0 STA} took too long (838ms)
10-18 11:41:56.539   557   557 I chatty  : uid=1000(system) /system/bin/cnss-daemon expire 3 lines
10-18 11:41:56.553   953  2954 I chatty  : uid=1000(system) WifiStateMachin expire 18 lines
10-18 11:41:56.556   953 14843 I chatty  : uid=1000 system_server expire 4 lines
10-18 11:41:56.595 14844 14844 I wpa_supplicant: Successfully initialized wpa_supplicant
10-18 11:41:56.597 14844 14844 I wpa_supplicant: rfkill: Cannot open RFKILL control device
10-18 11:41:56.667 14844 14844 I wpa_supplicant: rfkill: Cannot open RFKILL control device
10-18 11:41:56.690 14844 14844 I wpa_supplicant: wlan0: CTRL-EVENT-AVOID-FREQ ranges=
10-18 11:41:56.691 14844 14844 I wpa_supplicant: wlan0: CTRL-EVENT-REGDOM-CHANGE init=USER type=UNKNOWN
10-18 11:41:56.698   953  2954 I chatty  : uid=1000(system) WifiStateMachin expire 29 lines
10-18 11:41:56.712   953   953 I chatty  : uid=1000 system_server expire 1 line
10-18 11:41:56.712   953  3019 I chatty  : uid=1000(system) WifiRttService expire 1 line
10-18 11:41:56.713   953  3017 I chatty  : uid=1000(system) WifiScanningSer expire 3 lines
10-18 11:41:56.713   535   949 I chatty  : uid=0(root) /system/bin/netd expire 6 lines
10-18 11:41:56.715   953  2944 I chatty  : uid=1000(system) WifiP2pService expire 3 lines
10-18 11:41:56.717   953  2954 I chatty  : uid=1000(system) WifiStateMachin expire 10 lines
10-18 11:41:56.752 14844 14844 I wpa_supplicant: p2p0: CTRL-EVENT-REGDOM-CHANGE init=USER type=COUNTRY alpha2=TW
10-18 11:42:14.445 14844 14844 I wpa_supplicant: wlan0: Trying to associate with SSID 'HB-Terafonn-5G'
10-18 11:42:14.505 14844 14844 I wpa_supplicant: wlan0: Associated with 14:dd:a9:c9:d8:84
10-18 11:42:14.509   953   971 I chatty  : uid=1000(system) android.io expire 1 line
10-18 11:42:14.585 14844 14844 I wpa_supplicant: wlan0: WPA: Key negotiation completed with 14:dd:a9:c9:d8:84 [PTK=CCMP GTK=CCMP]
10-18 11:42:14.585 14844 14844 I wpa_supplicant: wlan0: CTRL-EVENT-CONNECTED - Connection to 14:dd:a9:c9:d8:84 completed [id=0 id_str=]
10-18 11:42:14.593   953  2954 D ConnectivityService: registerNetworkAgent NetworkAgentInfo{ ni{[type: WIFI[], state: CONNECTING/CONNECTING, reason: (unspecified), extra: "HB-Terafonn-5G", roaming: false, failover: false, isAvailable: true]}  network{103}  lp{{LinkAddresses: []  Routes: [] DnsAddresses: [] Domains: null MTU: 0 TcpBufferSizes: 524288,6291456,8291456,524288,6291456,8291456}}  nc{[ Transports: WIFI Capabilities: INTERNET&NOT_RESTRICTED&TRUSTED&NOT_VPN LinkUpBandwidth>=1048576Kbps LinkDnBandwidth>=1048576Kbps]}  Score{20}  everValidated{false}  lastValidated{false}  created{false} lingering{false} explicitlySelected{false} acceptUnvalidated{false} everCaptivePortalDetected{false} lastCaptivePortalDetected{false} }
10-18 11:42:14.593   953  2954 I chatty  : uid=1000(system) WifiStateMachin expire 5 lines
10-18 11:42:14.593   953  2962 D ConnectivityService: NetworkAgentInfo [WIFI () - 103] EVENT_NETWORK_INFO_CHANGED, going from null to CONNECTING
10-18 11:42:14.633   953  2962 D ConnectivityService: notifyType CAP_CHANGED for NetworkAgentInfo [WIFI () - 103]
10-18 11:42:14.633   953  2962 D ConnectivityService: updateNetworkScore for NetworkAgentInfo [WIFI () - 103] to 60
10-18 11:42:14.636   953 14870 I chatty  : uid=1000 system_server expire 2 lines
10-18 11:42:14.642   953 14869 I chatty  : uid=1000 system_server expire 6 lines
10-18 11:42:14.997   953 14870 I chatty  : uid=1000 system_server expire 1 line
10-18 11:42:15.005   953  2954 I chatty  : uid=1000(system) WifiStateMachin expire 6 lines
10-18 11:42:15.010   953  2962 D ConnectivityService: NetworkAgentInfo [WIFI () - 103] EVENT_NETWORK_INFO_CHANGED, going from CONNECTING to CONNECTED
10-18 11:42:15.012   953  2962 D ConnectivityService: Adding iface wlan0 to network 103
10-18 11:42:15.045   953  2962 E ConnectivityService: Unexpected mtu value: 0, wlan0
10-18 11:42:15.045   953  2962 D ConnectivityService: Adding Route [fe80::/64 -> :: wlan0] to network 103
10-18 11:42:15.047   953  2962 D ConnectivityService: Adding Route [192.168.1.0/24 -> 0.0.0.0 wlan0] to network 103
10-18 11:42:15.048   953  2962 D ConnectivityService: Adding Route [0.0.0.0/0 -> 192.168.1.1 wlan0] to network 103
10-18 11:42:15.050   953  2962 D ConnectivityService: Setting Dns servers for network 103 to [/172.16.40.254, /192.168.1.1]
10-18 11:42:15.057   953  2962 D ConnectivityService: notifyType IP_CHANGED for NetworkAgentInfo [WIFI () - 103]
10-18 11:42:15.062   953  2962 D ConnectivityService: scheduleUnvalidatedPrompt 103
10-18 11:42:15.063   953  2962 D ConnectivityService: updateSignalStrengthThresholds: CONNECT, sending [] to NetworkAgentInfo [WIFI () - 103]
10-18 11:42:15.063   953  2962 D ConnectivityService: rematch for NetworkAgentInfo [WIFI () - 103]
10-18 11:42:15.063   953  2962 D ConnectivityService:    accepting network in place of null
10-18 11:42:15.063   953  2962 D ConnectivityService: Switching to new default network: NetworkAgentInfo{ ni{[type: WIFI[], state: CONNECTED/CONNECTED, reason: (unspecified), extra: "HB-Terafonn-5G", roaming: false, failover: false, isAvailable: true]}  network{103}  lp{{InterfaceName: wlan0 LinkAddresses: [192.168.1.61/24,]  Routes: [fe80::/64 -> :: wlan0,192.168.1.0/24 -> 0.0.0.0 wlan0,0.0.0.0/0 -> 192.168.1.1 wlan0,] DnsAddresses: [172.16.40.254,192.168.1.1,] Domains: null MTU: 0 TcpBufferSizes: 524288,6291456,8291456,524288,6291456,8291456}}  nc{[ Transports: WIFI Capabilities: INTERNET&NOT_RESTRICTED&TRUSTED&NOT_VPN LinkUpBandwidth>=1048576Kbps LinkDnBandwidth>=1048576Kbps SignalStrength: -57]}  Score{20}  everValidated{false}  lastValidated{false}  created{true} lingering{false} explicitlySelected{false} acceptUnvalidated{false} everCaptivePortalDetected{false} lastCaptivePortalDetected{false} }
10-18 11:42:15.071   953 14868 I chatty  : uid=1000 system_server expire 1 line
10-18 11:42:15.099   953 14867 I chatty  : uid=1000 system_server expire 1 line
10-18 11:42:15.112   953  2962 D CSLegacyTypeTracker: Sending CONNECTED broadcast for type 1 NetworkAgentInfo [WIFI () - 103] isDefaultNetwork=true
10-18 11:42:15.112   953  2962 D ConnectivityService: sendStickyBroadcast: action=android.net.conn.CONNECTIVITY_CHANGE
10-18 11:42:15.112  3496  3658 I chatty  : uid=1000(system) ConnectivityMan expire 3 lines
10-18 11:42:15.113   953  2962 D ConnectivityService: notifyType PRECHECK for NetworkAgentInfo [WIFI () - 103]
10-18 11:42:15.115   953   971 I chatty  : uid=1000(system) android.io expire 1 line
10-18 11:42:15.117 18861 18861 D HopeBay : HCFSMgmtReceiver(onReceive): action=android.net.conn.CONNECTIVITY_CHANGE
10-18 11:42:15.117 18861 18861 D HopeBay : HCFSMgmtReceiver(onReceive): isTeraAppLogin=true
10-18 11:42:15.120  3496  3658 I chatty  : uid=1000(system) ConnectivityMan expire 3 lines
10-18 11:42:15.132 18861 18861 D HopeBay : HCFSMgmtUtils(changeCloudSyncStatus): 
10-18 11:42:15.133 18861 18861 D HopeBay : TeraCloudConfig(startSyncToCloud): Wifi is connected
10-18 11:42:15.144   953 14867 I chatty  : uid=1000 system_server expire 1 line
10-18 11:42:15.145   953  2962 D ConnectivityService: setProvNotificationVisibleIntent null visible=false networkType=MOBILE extraInfo=null highPriority=false
10-18 11:42:15.145   953  2962 D ConnectivityService: NetworkAgentInfo [WIFI () - 103] validation  passed
10-18 11:42:15.145   953  2962 D ConnectivityService: notifyType CAP_CHANGED for NetworkAgentInfo [WIFI () - 103]
10-18 11:42:15.146   953  2962 D ConnectivityService: sendStickyBroadcast: action=android.net.conn.INET_CONDITION_ACTION
10-18 11:42:15.275 18861 18861 D HopeBay : TeraCloudConfig(startSyncToCloud): {"result":true,"code":0,"data":{}}
10-18 11:42:15.292 19219 19219 I UpdateCheckReceiver: Got connectivity change, has connection: true
10-18 11:42:15.292 19219 19219 I UpdateCheckReceiver: Scheduling future, repeating update checks.
10-18 11:42:15.296 19245 19245 D SprintDMReceiver: Received intent: android.net.conn.CONNECTIVITY_CHANGE
10-18 11:42:15.303 19245 19245 D SprintDMHelper: simOperator: 46692
10-18 11:42:15.303 19245 19245 D SprintDMReceiver: Not Sprint UICC, don't do anything.
10-18 11:42:15.335  8225  8225 I iu.Environment: update connectivity state; isNetworkMetered? false, isRoaming? false, isBackgroundDataAllowed? true*
10-18 11:42:15.366  8225 19263 I iu.UploadsManager: num queued entries: 0
10-18 11:42:15.380  8225 19263 I iu.UploadsManager: num updated entries: 0
10-18 11:42:15.392  8225 19263 I iu.SyncManager: NEXT; no task
10-18 11:42:15.978   953  2954 I chatty  : uid=1000(system) WifiStateMachin expire 2 lines
10-18 11:42:15.986   953  2962 D ConnectivityService: notifyType IP_CHANGED for NetworkAgentInfo [WIFI () - 103]
10-18 11:42:16.112   953  2962 D ConnectivityService: NetTransition Wakelock (NetworkAgentInfo [WIFI () - 102] cleared because we found a replacement network
10-18 11:42:17.641   953  2962 D ConnectivityService: notifyType CAP_CHANGED for NetworkAgentInfo [WIFI () - 103]
10-18 11:42:23.064   953  2962 D ConnectivityService: handlePromptUnvalidated 103
10-18 11:42:25.804   953 14868 I chatty  : uid=1000 system_server expire 2 lines
10-18 11:42:53.793   953  2962 D ConnectivityService: notifyType CAP_CHANGED for NetworkAgentInfo [WIFI () - 103]
10-18 11:42:54.785   612   612 E QCALOG  : [MessageQ] ProcessNewMessage: [LOWI-SERVER] unknown deliver target [OS-Agent]
10-18 11:42:56.800   953  2962 D ConnectivityService: notifyType CAP_CHANGED for NetworkAgentInfo [WIFI () - 103]
10-18 11:43:54.786   612   612 E QCALOG  : [MessageQ] ProcessNewMessage: [LOWI-SERVER] unknown deliver target [OS-Agent]
10-18 11:44:35.136   953   969 E KernelCpuSpeedReader: Failed to read cpu-freq: /sys/devices/system/cpu/cpu4/cpufreq/stats/time_in_state: open failed: ENOENT (No such file or directory)
10-18 11:44:54.786   612   612 E QCALOG  : [MessageQ] ProcessNewMessage: [LOWI-SERVER] unknown deliver target [OS-Agent]
10-18 11:45:25.736  5018  5060 I PlayCommon: [201] com.google.android.play.a.g.e(790): Preparing logs for uploading
10-18 11:45:25.768  8151  8151 I Auth    : [AuthDelegateWrapper] Service intent: Intent { cmp=com.google.android.gms/.auth.account.authenticator.DefaultAuthDelegateService }.
10-18 11:45:25.791  8151  8151 I Auth    : [AuthDelegateWrapper] Service intent: Intent { cmp=com.google.android.gms/.auth.account.authenticator.DefaultAuthDelegateService }.
10-18 11:45:25.792  8151  8151 I Auth    : [AuthDelegateWrapper] Service intent: Intent { cmp=com.google.android.gms/.auth.account.authenticator.DefaultAuthDelegateService }.
10-18 11:45:25.847  5018  5060 I PlayCommon: [201] com.google.android.play.a.g.a(930): Connecting to server: https://play.googleapis.com/play/log?format=raw&proto_v2=true
10-18 11:45:25.985  5018  5060 I PlayCommon: [201] com.google.android.play.a.g.a(1005): Successfully uploaded logs.
10-18 11:45:54.786   612   612 E QCALOG  : [MessageQ] ProcessNewMessage: [LOWI-SERVER] unknown deliver target [OS-Agent]
10-18 11:45:56.025   953   967 E KernelCpuSpeedReader: Failed to read cpu-freq: /sys/devices/system/cpu/cpu4/cpufreq/stats/time_in_state: open failed: ENOENT (No such file or directory)
10-18 11:45:57.961  5018  6013 I PlayCommon: [224] com.google.android.play.a.g.e(790): Preparing logs for uploading
10-18 11:45:57.962  5018  6013 I PlayCommon: [224] com.google.android.play.a.g.e(792): No file ready to send
10-18 11:45:58.606  8151 14312 V NativeCrypto: SSL shutdown failed: ssl=0x7f7df1fbc0: I/O error during system call, Connection timed out
10-18 11:46:33.667   953  2962 D ConnectivityService: notifyType CAP_CHANGED for NetworkAgentInfo [WIFI () - 103]
10-18 11:46:42.699   953  2962 D ConnectivityService: notifyType CAP_CHANGED for NetworkAgentInfo [WIFI () - 103]
10-18 11:46:54.786   612   612 E QCALOG  : [MessageQ] ProcessNewMessage: [LOWI-SERVER] unknown deliver target [OS-Agent]
10-18 11:47:14.578  3097  3097 D PhoneStatusBar: disable: < expand ICONS* alerts SYSTEM_INFO* back home recent clock search quick_settings >
10-18 11:47:15.422   953  3602 W InputMethodManagerService: Window already focused, ignoring focus gain of: com.android.internal.view.IInputMethodClient$Stub$Proxy@a39927 attribute=null, token = android.os.BinderProxy@94bcf5a
10-18 11:47:15.437  3097  3097 D PhoneStatusBar: disable: < expand icons* alerts system_info* back home recent clock search quick_settings >
10-18 11:47:44.462  3097  3097 D PhoneStatusBar: disable: < expand ICONS* alerts SYSTEM_INFO* back home recent clock search quick_settings >
10-18 11:47:44.518 14036 14047 I chatty  : uid=0(root) app_process expire 103 lines
10-18 11:47:47.944   540  2950 I chatty  : uid=1013(media) AudioOut_2 expire 30 lines
10-18 11:47:48.045   953  8119 W InputMethodManagerService: Window already focused, ignoring focus gain of: com.android.internal.view.IInputMethodClient$Stub$Proxy@3e7bf35 attribute=null, token = android.os.BinderProxy@94bcf5a
10-18 11:47:48.072   953  8118 I ActivityManager: START u0 {act=android.settings.SETTINGS flg=0x14000000 cmp=com.android.settings/.Settings} from uid 10022 on display 0
10-18 11:47:48.135 18861 18861 D HopeBay : OverviewFragment(onPause): 
10-18 11:47:48.135 18861 18887 D HopeBay : OverviewFragment->Runnable(run): UiRefreshThread is interrupted
10-18 11:47:48.178   953  8115 I ActivityManager: Start proc 17994:com.android.settings/1000 for activity com.android.settings/.Settings
10-18 11:47:48.179 18861 18861 D HopeBay : TeraMgmtService(onStartCommand): action=hbt.intent.action.ONGOING_NOTIFICATION
10-18 11:47:48.194 17994 17994 I chatty  : uid=0(root) com.android.settings expire 2 lines
10-18 11:47:48.213   953   963 I chatty  : uid=1000(system) HeapTaskDaemon expire 1 line
10-18 11:47:48.215  3097  3097 D PhoneStatusBar: disable: < expand icons* alerts system_info* back home recent clock search quick_settings >
10-18 11:47:48.276   953  3618 I ActivityManager: Config changes=480 {1.0 466mcc92mnc en_US ldltr sw411dp w683dp h387dp 420dpi nrml land finger -keyb/v/h -nav/h s.6}
10-18 11:47:48.316   953  2934 I chatty  : uid=1000(system) InputReader expire 2 lines
10-18 11:47:48.407 17994 17994 I chatty  : uid=1000(system) com.android.settings expire 6 lines
10-18 11:47:48.448 18012 18012 I chatty  : uid=0(root) android.process.acore expire 2 lines
10-18 11:47:48.459   953   965 I ActivityManager: Start proc 18012:android.process.acore/u0a2 for content provider com.android.providers.contacts/.ContactsProvider2
10-18 11:47:48.492 17994 17994 W ContextImpl: Calling a method in the system process without a qualified user: android.app.ContextImpl.startService:1221 android.content.ContextWrapper.startService:581 com.android.settings.teraapi.TeraService.bindAPIService:75 com.android.settings.teraapi.TeraService.<init>:66 com.android.settings.SettingsActivity.onCreate:556 
10-18 11:47:48.494 18846 18846 D HopeBay : TeraFonnApiService(onStartCommand): 
10-18 11:47:48.494 18846 18846 D HopeBay : TeraFonnApiService(onStartCommand): Service is running
10-18 11:47:48.495 17994 17994 W ContextImpl: Calling a method in the system process without a qualified user: android.app.ContextImpl.bindService:1285 android.content.ContextWrapper.bindService:604 com.android.settings.teraapi.TeraService.bindAPIService:77 com.android.settings.teraapi.TeraService.<init>:66 com.android.settings.SettingsActivity.onCreate:556 
10-18 11:47:48.499 17994 17994 W ContextImpl: Calling a method in the system process without a qualified user: android.app.ContextImpl.startService:1221 android.content.ContextWrapper.startService:581 com.android.settings.deviceinfo.StorageTera.bindAPIService:94 com.android.settings.deviceinfo.StorageTera.<init>:81 com.android.settings.SettingsActivity.onCreate:558 
10-18 11:47:48.500 18846 18846 D HopeBay : TeraFonnApiService(onStartCommand): 
10-18 11:47:48.500 18846 18846 D HopeBay : TeraFonnApiService(onStartCommand): Service is running
10-18 11:47:48.500 17994 17994 W ContextImpl: Calling a method in the system process without a qualified user: android.app.ContextImpl.bindService:1285 android.content.ContextWrapper.bindService:604 com.android.settings.deviceinfo.StorageTera.bindAPIService:96 com.android.settings.deviceinfo.StorageTera.<init>:81 com.android.settings.SettingsActivity.onCreate:558 
10-18 11:47:48.579 18012 18012 W System  : ClassLoader referenced unknown path: /system/priv-app/ContactsProvider/lib/arm64
10-18 11:47:48.623 17994 17994 W ContextImpl: Calling a method in the system process without a qualified user: android.app.ContextImpl.startService:1221 android.content.ContextWrapper.startService:581 com.android.settings.teraapi.TeraService.bindAPIService:75 com.android.settings.teraapi.TeraService.<init>:66 com.android.settings.SettingsActivity.onResume:830 
10-18 11:47:48.625 18846 18846 D HopeBay : TeraFonnApiService(onStartCommand): 
10-18 11:47:48.625 18846 18846 D HopeBay : TeraFonnApiService(onStartCommand): Service is running
10-18 11:47:48.625 17994 17994 W ContextImpl: Calling a method in the system process without a qualified user: android.app.ContextImpl.bindService:1285 android.content.ContextWrapper.bindService:604 com.android.settings.teraapi.TeraService.bindAPIService:77 com.android.settings.teraapi.TeraService.<init>:66 com.android.settings.SettingsActivity.onResume:830 
10-18 11:47:48.630 18012 18012 W System  : ClassLoader referenced unknown path: /system/app/UserDictionaryProvider/lib/arm64
10-18 11:47:48.660 17994 18034 I chatty  : uid=1000(system) com.android.settings expire 3 lines
10-18 11:47:48.690 17994 18032 I chatty  : uid=1000(system) com.android.settings expire 3 lines
10-18 11:47:48.844 18012 18030 I ContactLocale: AddressBook Labels [en-US]: [, A, B, C, D, E, F, G, H, I, J, K, L, M, N, O, P, Q, R, S, T, U, V, W, X, Y, Z, , , , , , , , , , , , , , , , , , , , , , , , , , , , , , , , , , , , , , , , , , , , , , , , , , , , , , , , , , , , , , , , , , , , , , , , , , , , , , , , , , , , , , , , , , , , , , , , , , , , , , , , , , , , , , , , , , , , , , , , , , , , , , , , , , , , , , , , , , , , , , , , , , , , , , , , , , , , , , , , , , , , , , , , , , , , , , , , , , , , , , , , , , , #, ]
10-18 11:47:49.008   953   965 I chatty  : uid=1000(system) Binder_2 expire 1 line
10-18 11:47:49.249   953   972 V WindowManager: Layouts looping: On entry to LockedInner, mPendingLayoutChanges = 0x1
10-18 11:47:49.250   953   972 V WindowManager: Layouts looping: after finishPostLayoutPolicyLw, mPendingLayoutChanges = 0x0
10-18 11:47:49.251   953   972 V WindowManager: Layouts looping: mLayoutNeeded, mPendingLayoutChanges = 0x1
10-18 11:47:49.252   953   972 V WindowManager: Layouts looping: On entry to LockedInner, mPendingLayoutChanges = 0x1
10-18 11:47:49.252   953   972 V WindowManager: Layouts looping: after finishPostLayoutPolicyLw, mPendingLayoutChanges = 0x0
10-18 11:47:49.253   953   972 V WindowManager: Layouts looping: mLayoutNeeded, mPendingLayoutChanges = 0x1
10-18 11:47:49.254   953   972 E WindowManager: Performed 6 layouts in a row. Skipping
10-18 11:47:49.262   953   972 I chatty  : uid=1000(system) android.display expire 2 lines
10-18 11:47:49.286   953   972 I WindowManager: Screen frozen for +1s46ms due to Window{d315a6e u0 Starting com.android.settings}
10-18 11:47:49.396   953  8115 I ActivityManager: START u0 {act=android.intent.action.MAIN cmp=com.android.settings/.SubSettings (has extras)} from uid 1000 on display 0
10-18 11:47:49.431 18861 18861 D FirebaseApp: Notifying background state change listeners.
10-18 11:47:49.504   953  2961 D WifiService: New client listening to asynchronous messages
10-18 11:47:49.577 17994 18063 I chatty  : uid=1000(system) com.android.settings expire 2 lines
10-18 11:47:49.759 14036 14046 I chatty  : uid=0(root) app_process expire 5 lines
10-18 11:47:49.781 17994 18069 I chatty  : uid=1000(system) com.android.settings expire 2 lines
10-18 11:47:51.297   953   972 I chatty  : uid=1000(system) android.display expire 2 lines
10-18 11:47:54.787   612   612 E QCALOG  : [MessageQ] ProcessNewMessage: [LOWI-SERVER] unknown deliver target [OS-Agent]
10-18 11:47:58.438   953   968 I ActivityManager: Config changes=480 {1.0 466mcc92mnc en_US ldltr sw411dp w411dp h659dp 420dpi nrml port finger -keyb/v/h -nav/h s.7}
10-18 11:47:58.439   953  2934 I chatty  : uid=1000(system) InputReader expire 2 lines
10-18 11:47:58.556 14036 14047 I chatty  : uid=0(root) app_process expire 4 lines
10-18 11:47:58.642 17994 18218 I chatty  : uid=1000(system) com.android.settings expire 2 lines
10-18 11:47:58.654   953   972 I WindowManager: Screen frozen for +261ms due to Window{3de89c1 u0 com.android.settings/com.android.settings.SubSettings}
10-18 11:47:58.727 17994 18222 I chatty  : uid=1000(system) com.android.settings expire 2 lines
10-18 11:48:00.664   953   972 I chatty  : uid=1000(system) android.display expire 2 lines
10-18 11:48:01.816   540  2950 I chatty  : uid=1013(media) AudioOut_2 expire 98 lines
10-18 11:48:03.049   953   965 I ActivityManager: START u0 {act=android.intent.action.MAIN cmp=com.android.settings/.SubSettings (has extras)} from uid 1000 on display 0
10-18 11:48:03.121 17994 17994 I chatty  : uid=1000(system) com.android.settings expire 3 lines
10-18 11:48:03.347   953   972 I chatty  : uid=1000(system) android.display expire 3 lines
10-18 11:48:09.513   953  3821 W InputMethodManagerService: Window already focused, ignoring focus gain of: com.android.internal.view.IInputMethodClient$Stub$Proxy@5bffca1 attribute=null, token = android.os.BinderProxy@1157ba2
10-18 11:48:12.888   549   629 I chatty  : uid=0(root) /system/bin/thermal-engine expire 6 lines
10-18 11:48:14.547   953  3612 W InputMethodManagerService: Window already focused, ignoring focus gain of: com.android.internal.view.IInputMethodClient$Stub$Proxy@fe501b4 attribute=null, token = android.os.BinderProxy@1157ba2
10-18 11:48:15.646   540  2950 D audio_hw_primary: enable_audio_route: apply and update mixer path: spkr-vi-record
10-18 11:48:15.673   540  2950 D msm8974_platform: platform_send_audio_calibration: sending audio calibration for snd_device(27) acdb_id(4)
10-18 11:48:15.674   540  2950 I ACDB-LOADER: ACDB AFE returned = -19
10-18 11:48:15.674   540  2950 D audio_hw_primary: enable_audio_route: apply and update mixer path: low-latency-playback
10-18 11:48:15.744   540  2950 D AudioFlinger: mixer(0xf3f00000) throttle end: throttle time(12)
10-18 11:48:16.230   540  2950 D audio_hw_primary: disable_audio_route: reset and update mixer path: low-latency-playback
10-18 11:48:16.232   540  2950 D audio_hw_primary: disable_snd_device: snd_device(2: speaker)
10-18 11:48:16.249   540  2950 D audio_hw_primary: disable_snd_device: snd_device(69: vi-feedback)
10-18 11:48:16.250   540  2950 D audio_hw_primary: disable_audio_route: reset and update mixer path: spkr-vi-record
10-18 11:48:16.259   540  2950 I soundtrigger: audio_extn_sound_trigger_update_device_status: device 0x2 of type 0 for Event 0
10-18 11:48:16.604   540  2950 D audio_hw_primary: out_set_parameters: enter: usecase(1: low-latency-playback) kvpairs: routing=2
10-18 11:48:16.610 17994 17994 I chatty  : uid=1000(system) com.android.settings expire 1 line
10-18 11:48:16.612   953  3071 W InputMethodManagerService: Window already focused, ignoring focus gain of: com.android.internal.view.IInputMethodClient$Stub$Proxy@6128c23 attribute=null, token = android.os.BinderProxy@1157ba2
10-18 11:48:16.618   540  2950 D audio_hw_primary: select_devices: out_snd_device(2: speaker) in_snd_device(0: none)
10-18 11:48:16.618   540  2950 D msm8974_platform: platform_send_audio_calibration: sending audio calibration for snd_device(2) acdb_id(101)
10-18 11:48:16.618   540  2950 I soundtrigger: audio_extn_sound_trigger_update_device_status: device 0x2 of type 0 for Event 1
10-18 11:48:16.621   540  2950 D msm8974_platform: platform_send_audio_calibration: sending audio calibration for snd_device(69) acdb_id(102)
10-18 11:48:16.622   540  2950 D audio_hw_primary: enable_snd_device: snd_device(69: vi-feedback)
10-18 11:48:16.622   540  2950 D audio_hw_primary: enable_audio_route: apply and update mixer path: spkr-vi-record
10-18 11:48:16.648   540  2950 D msm8974_platform: platform_send_audio_calibration: sending audio calibration for snd_device(27) acdb_id(4)
10-18 11:48:16.648   540  2950 I ACDB-LOADER: ACDB AFE returned = -19
10-18 11:48:16.648   540  2950 D audio_hw_primary: enable_audio_route: apply and update mixer path: low-latency-playback
10-18 11:48:16.718   540  2950 D AudioFlinger: mixer(0xf3f00000) throttle end: throttle time(12)
10-18 11:48:17.186   540  2950 D audio_hw_primary: disable_audio_route: reset and update mixer path: low-latency-playback
10-18 11:48:17.187   540  2950 D audio_hw_primary: disable_snd_device: snd_device(2: speaker)
10-18 11:48:17.200   540  2950 D audio_hw_primary: disable_snd_device: snd_device(69: vi-feedback)
10-18 11:48:17.200   540  2950 D audio_hw_primary: disable_audio_route: reset and update mixer path: spkr-vi-record
10-18 11:48:17.203   540  2950 I soundtrigger: audio_extn_sound_trigger_update_device_status: device 0x2 of type 0 for Event 0
10-18 11:48:17.511   953  3473 I ActivityManager: START u0 {act=android.credentials.INSTALL_AS_USER cmp=com.android.certinstaller/.CertInstallerMain (has extras)} from uid 1000 on display 0
10-18 11:48:17.513   540  2950 D audio_hw_primary: out_set_parameters: enter: usecase(1: low-latency-playback) kvpairs: routing=2
10-18 11:48:17.526   540  2950 D audio_hw_primary: select_devices: out_snd_device(2: speaker) in_snd_device(0: none)
10-18 11:48:17.526   540  2950 D msm8974_platform: platform_send_audio_calibration: sending audio calibration for snd_device(2) acdb_id(101)
10-18 11:48:17.526   540  2950 I soundtrigger: audio_extn_sound_trigger_update_device_status: device 0x2 of type 0 for Event 1
10-18 11:48:17.530   540  2950 D msm8974_platform: platform_send_audio_calibration: sending audio calibration for snd_device(69) acdb_id(102)
10-18 11:48:17.531   540  2950 D audio_hw_primary: enable_snd_device: snd_device(69: vi-feedback)
10-18 11:48:17.531   540  2950 D audio_hw_primary: enable_audio_route: apply and update mixer path: spkr-vi-record
10-18 11:48:17.559   540  2950 D msm8974_platform: platform_send_audio_calibration: sending audio calibration for snd_device(27) acdb_id(4)
10-18 11:48:17.559   540  2950 I ACDB-LOADER: ACDB AFE returned = -19
10-18 11:48:17.559   540  2950 D audio_hw_primary: enable_audio_route: apply and update mixer path: low-latency-playback
10-18 11:48:17.579 18658 18658 I chatty  : uid=0(root) com.android.certinstaller expire 2 lines
10-18 11:48:17.579   953  8119 I ActivityManager: Start proc 18658:com.android.certinstaller/u0a37 for activity com.android.certinstaller/.CertInstallerMain
10-18 11:48:17.631   540  2950 D AudioFlinger: mixer(0xf3f00000) throttle end: throttle time(12)
10-18 11:48:17.640 18658 18658 W System  : ClassLoader referenced unknown path: /system/app/CertInstaller/lib/arm64
10-18 11:48:17.680   953  5266 I ActivityManager: START u0 {act=android.intent.action.OPEN_DOCUMENT typ=*/* cmp=com.android.documentsui/.DocumentsActivity (has extras)} from uid 10037 on display 0
10-18 11:48:17.708 18672 18672 I chatty  : uid=0(root) com.android.documentsui expire 2 lines
10-18 11:48:17.720   953  3612 I ActivityManager: Start proc 18672:com.android.documentsui/u0a38 for activity com.android.documentsui/.DocumentsActivity
10-18 11:48:17.799 18672 18672 W System  : ClassLoader referenced unknown path: /system/app/DocumentsUI/lib/arm64
10-18 11:48:17.848 18689 18689 I chatty  : uid=0(root) com.android.externalstorage expire 2 lines
10-18 11:48:17.858   953  8118 I ActivityManager: Start proc 18689:com.android.externalstorage/u0a9 for content provider com.android.externalstorage/.ExternalStorageProvider
10-18 11:48:17.895 18672 18705 D OpenGLRenderer: Use EGL_SWAP_BEHAVIOR_PRESERVED: true
10-18 11:48:17.909 18689 18689 W System  : ClassLoader referenced unknown path: /system/priv-app/ExternalStorageProvider/lib/arm64
10-18 11:48:17.916 18689 18689 D ExternalStorage: After updating volumes, found 1 active roots
10-18 11:48:17.945 18672 18705 I Adreno  : QUALCOMM build                   : fcf4852, I1af360237c
10-18 11:48:17.945 18672 18705 I Adreno  : Build Date                       : 09/23/15
10-18 11:48:17.945 18672 18705 I Adreno  : OpenGL ES Shader Compiler Version: XE031.05.13.02
10-18 11:48:17.945 18672 18705 I Adreno  : Local Branch                     : mybranch14465806
10-18 11:48:17.945 18672 18705 I Adreno  : Remote Branch                    : quic/LA.BF64.1.2.9_v2
10-18 11:48:17.945 18672 18705 I Adreno  : Remote Branch                    : NONE
10-18 11:48:17.945 18672 18705 I Adreno  : Reconstruct Branch               : NOTHING
10-18 11:48:17.951 18672 18705 I OpenGLRenderer: Initialized EGL, version 1.4
10-18 11:48:17.969   953  8120 I ActivityManager: Start proc 18708:com.android.shell/2000 for content provider com.android.shell/.BugreportStorageProvider
10-18 11:48:17.958 18708 18708 W main    : type=1400 audit(0.0:83): avc: denied { unmount } for scontext=u:r:zygote:s0 tcontext=u:object_r:labeledfs:s0 tclass=filesystem permissive=0
10-18 11:48:17.970 18708 18708 I chatty  : uid=0(root) com.android.shell expire 1 line
10-18 11:48:18.034 18708 18708 W System  : ClassLoader referenced unknown path: /system/priv-app/Shell/lib/arm64
10-18 11:48:18.056 18672 18686 D Documents: Update found 7 roots in 239ms
10-18 11:48:18.066 18672 18713 D Documents: Update found 7 roots in 94ms
10-18 11:48:18.107   540  2950 D audio_hw_primary: disable_audio_route: reset and update mixer path: low-latency-playback
10-18 11:48:18.108   540  2950 D audio_hw_primary: disable_snd_device: snd_device(2: speaker)
10-18 11:48:18.121   540  2950 D audio_hw_primary: disable_snd_device: snd_device(69: vi-feedback)
10-18 11:48:18.122   540  2950 D audio_hw_primary: disable_audio_route: reset and update mixer path: spkr-vi-record
10-18 11:48:18.123   540  2950 I soundtrigger: audio_extn_sound_trigger_update_device_status: device 0x2 of type 0 for Event 0
10-18 11:48:18.229 18672 18702 D Documents: Before filtering 0, after 0
10-18 11:48:18.229 18672 18702 D Documents: Found 1 of 1 recent queries done
10-18 11:48:18.835   540  2950 D audio_hw_primary: out_set_parameters: enter: usecase(1: low-latency-playback) kvpairs: routing=2
10-18 11:48:18.848   540  2950 D audio_hw_primary: select_devices: out_snd_device(2: speaker) in_snd_device(0: none)
10-18 11:48:18.848   540  2950 D msm8974_platform: platform_send_audio_calibration: sending audio calibration for snd_device(2) acdb_id(101)
10-18 11:48:18.848   540  2950 I soundtrigger: audio_extn_sound_trigger_update_device_status: device 0x2 of type 0 for Event 1
10-18 11:48:18.851   540  2950 D msm8974_platform: platform_send_audio_calibration: sending audio calibration for snd_device(69) acdb_id(102)
10-18 11:48:18.851   540  2950 D audio_hw_primary: enable_snd_device: snd_device(69: vi-feedback)
10-18 11:48:18.851   540  2950 D audio_hw_primary: enable_audio_route: apply and update mixer path: spkr-vi-record
10-18 11:48:18.877   540  2950 D msm8974_platform: platform_send_audio_calibration: sending audio calibration for snd_device(27) acdb_id(4)
10-18 11:48:18.877   540  2950 I ACDB-LOADER: ACDB AFE returned = -19
10-18 11:48:18.877   540  2950 D audio_hw_primary: enable_audio_route: apply and update mixer path: low-latency-playback
10-18 11:48:18.956   540  2950 D AudioFlinger: mixer(0xf3f00000) throttle end: throttle time(12)
10-18 11:48:19.432   540  2950 D audio_hw_primary: disable_audio_route: reset and update mixer path: low-latency-playback
10-18 11:48:19.434   540  2950 D audio_hw_primary: disable_snd_device: snd_device(2: speaker)
10-18 11:48:19.447   540  2950 D audio_hw_primary: disable_snd_device: snd_device(69: vi-feedback)
10-18 11:48:19.447   540  2950 D audio_hw_primary: disable_audio_route: reset and update mixer path: spkr-vi-record
10-18 11:48:19.450   540  2950 I soundtrigger: audio_extn_sound_trigger_update_device_status: device 0x2 of type 0 for Event 0
10-18 11:48:20.135   953  3070 I ActivityManager: START u0 {cmp=com.android.settings/.Settings$WifiP2pSettingsActivity} from uid 1000 on display 0
10-18 11:48:20.136   540  2950 D audio_hw_primary: out_set_parameters: enter: usecase(1: low-latency-playback) kvpairs: routing=2
10-18 11:48:20.150   540  2950 D audio_hw_primary: select_devices: out_snd_device(2: speaker) in_snd_device(0: none)
10-18 11:48:20.150   540  2950 D msm8974_platform: platform_send_audio_calibration: sending audio calibration for snd_device(2) acdb_id(101)
10-18 11:48:20.150   540  2950 I soundtrigger: audio_extn_sound_trigger_update_device_status: device 0x2 of type 0 for Event 1
10-18 11:48:20.156   540  2950 D msm8974_platform: platform_send_audio_calibration: sending audio calibration for snd_device(69) acdb_id(102)
10-18 11:48:20.157   540  2950 D audio_hw_primary: enable_snd_device: snd_device(69: vi-feedback)
10-18 11:48:20.158   540  2950 D audio_hw_primary: enable_audio_route: apply and update mixer path: spkr-vi-record
10-18 11:48:20.185   540  2950 D msm8974_platform: platform_send_audio_calibration: sending audio calibration for snd_device(27) acdb_id(4)
10-18 11:48:20.186   540  2950 I ACDB-LOADER: ACDB AFE returned = -19
10-18 11:48:20.186   540  2950 D audio_hw_primary: enable_audio_route: apply and update mixer path: low-latency-playback
10-18 11:48:20.256   540  2950 D AudioFlinger: mixer(0xf3f00000) throttle end: throttle time(12)
10-18 11:48:20.727   540  2950 D audio_hw_primary: disable_audio_route: reset and update mixer path: low-latency-playback
10-18 11:48:20.728   540  2950 D audio_hw_primary: disable_snd_device: snd_device(2: speaker)
10-18 11:48:20.740   540  2950 D audio_hw_primary: disable_snd_device: snd_device(69: vi-feedback)
10-18 11:48:20.741   540  2950 D audio_hw_primary: disable_audio_route: reset and update mixer path: spkr-vi-record
10-18 11:48:20.746   540  2950 I soundtrigger: audio_extn_sound_trigger_update_device_status: device 0x2 of type 0 for Event 0
10-18 11:48:22.729   540  2950 D audio_hw_primary: out_set_parameters: enter: usecase(1: low-latency-playback) kvpairs: routing=2
10-18 11:48:22.731 14844 14844 I wpa_supplicant: P2P-FIND-STOPPED 
10-18 11:48:22.738   953  3612 I ActivityManager: Killing 18754:com.android.defcontainer/u0a6 (adj 15): empty for 1800s
10-18 11:48:22.745   540  2950 D audio_hw_primary: select_devices: out_snd_device(2: speaker) in_snd_device(0: none)
10-18 11:48:22.745   540  2950 D msm8974_platform: platform_send_audio_calibration: sending audio calibration for snd_device(2) acdb_id(101)
10-18 11:48:22.745   540  2950 I soundtrigger: audio_extn_sound_trigger_update_device_status: device 0x2 of type 0 for Event 1
10-18 11:48:22.750   540  2950 D msm8974_platform: platform_send_audio_calibration: sending audio calibration for snd_device(69) acdb_id(102)
10-18 11:48:22.751   540  2950 D audio_hw_primary: enable_snd_device: snd_device(69: vi-feedback)
10-18 11:48:22.751   540  2950 D audio_hw_primary: enable_audio_route: apply and update mixer path: spkr-vi-record
10-18 11:48:22.775   540  2950 D msm8974_platform: platform_send_audio_calibration: sending audio calibration for snd_device(27) acdb_id(4)
10-18 11:48:22.775   540  2950 I ACDB-LOADER: ACDB AFE returned = -19
10-18 11:48:22.775   540  2950 D audio_hw_primary: enable_audio_route: apply and update mixer path: low-latency-playback
10-18 11:48:23.315   540  2950 D audio_hw_primary: disable_audio_route: reset and update mixer path: low-latency-playback
10-18 11:48:23.316   540  2950 D audio_hw_primary: disable_snd_device: snd_device(2: speaker)
10-18 11:48:23.329   540  2950 D audio_hw_primary: disable_snd_device: snd_device(69: vi-feedback)
10-18 11:48:23.329   540  2950 D audio_hw_primary: disable_audio_route: reset and update mixer path: spkr-vi-record
10-18 11:48:23.333   540  2950 I soundtrigger: audio_extn_sound_trigger_update_device_status: device 0x2 of type 0 for Event 0
10-18 11:48:27.682   540  2950 D audio_hw_primary: out_set_parameters: enter: usecase(1: low-latency-playback) kvpairs: routing=2
10-18 11:48:27.695   540  2950 D audio_hw_primary: select_devices: out_snd_device(2: speaker) in_snd_device(0: none)
10-18 11:48:27.695   540  2950 D msm8974_platform: platform_send_audio_calibration: sending audio calibration for snd_device(2) acdb_id(101)
10-18 11:48:27.696   540  2950 I soundtrigger: audio_extn_sound_trigger_update_device_status: device 0x2 of type 0 for Event 1
10-18 11:48:27.701   540  2950 D msm8974_platform: platform_send_audio_calibration: sending audio calibration for snd_device(69) acdb_id(102)
10-18 11:48:27.701   540  2950 D audio_hw_primary: enable_snd_device: snd_device(69: vi-feedback)
10-18 11:48:27.701   540  2950 D audio_hw_primary: enable_audio_route: apply and update mixer path: spkr-vi-record
10-18 11:48:27.727   540  2950 D msm8974_platform: platform_send_audio_calibration: sending audio calibration for snd_device(27) acdb_id(4)
10-18 11:48:27.728   540  2950 I ACDB-LOADER: ACDB AFE returned = -19
10-18 11:48:27.728   540  2950 D audio_hw_primary: enable_audio_route: apply and update mixer path: low-latency-playback
10-18 11:48:27.793 17994 19020 I chatty  : uid=1000(system) com.android.settings expire 2 lines
10-18 11:48:27.872 17994 19030 I chatty  : uid=1000(system) com.android.settings expire 2 lines
10-18 11:48:27.995 17994 17994 I chatty  : uid=1000(system) com.android.settings expire 23 lines
10-18 11:48:28.261 17994 17994 W ContextImpl: Calling a method in the system process without a qualified user: android.app.ContextImpl.startService:1221 android.content.ContextWrapper.startService:581 com.android.settings.deviceinfo.StorageTera.bindAPIService:94 com.android.settings.deviceinfo.StorageTera.<init>:81 com.android.settings.SettingsActivity.onCreate:558 
10-18 11:48:28.263 18846 18846 D HopeBay : TeraFonnApiService(onStartCommand): 
10-18 11:48:28.263 17994 17994 W ContextImpl: Calling a method in the system process without a qualified user: android.app.ContextImpl.bindService:1285 android.content.ContextWrapper.bindService:604 com.android.settings.deviceinfo.StorageTera.bindAPIService:96 com.android.settings.deviceinfo.StorageTera.<init>:81 com.android.settings.SettingsActivity.onCreate:558 
10-18 11:48:28.263 18846 18846 D HopeBay : TeraFonnApiService(onStartCommand): Service is running
10-18 11:48:28.277   540  2950 D audio_hw_primary: disable_audio_route: reset and update mixer path: low-latency-playback
10-18 11:48:28.278   540  2950 D audio_hw_primary: disable_snd_device: snd_device(2: speaker)
10-18 11:48:28.292   540  2950 D audio_hw_primary: disable_snd_device: snd_device(69: vi-feedback)
10-18 11:48:28.292   540  2950 D audio_hw_primary: disable_audio_route: reset and update mixer path: spkr-vi-record
10-18 11:48:28.294   540  2950 I soundtrigger: audio_extn_sound_trigger_update_device_status: device 0x2 of type 0 for Event 0
10-18 11:48:28.295   540  2950 D audio_hw_primary: out_set_parameters: enter: usecase(1: low-latency-playback) kvpairs: routing=2
10-18 11:48:28.309   540  2950 D audio_hw_primary: select_devices: out_snd_device(2: speaker) in_snd_device(0: none)
10-18 11:48:28.309   540  2950 D msm8974_platform: platform_send_audio_calibration: sending audio calibration for snd_device(2) acdb_id(101)
10-18 11:48:28.309   540  2950 I soundtrigger: audio_extn_sound_trigger_update_device_status: device 0x2 of type 0 for Event 1
10-18 11:48:28.311   540  2950 D msm8974_platform: platform_send_audio_calibration: sending audio calibration for snd_device(69) acdb_id(102)
10-18 11:48:28.312   540  2950 D audio_hw_primary: enable_snd_device: snd_device(69: vi-feedback)
10-18 11:48:28.312   540  2950 D audio_hw_primary: enable_audio_route: apply and update mixer path: spkr-vi-record
10-18 11:48:28.316 17994 18032 I chatty  : uid=1000(system) com.android.settings expire 1 line
10-18 11:48:28.336   540  2950 D msm8974_platform: platform_send_audio_calibration: sending audio calibration for snd_device(27) acdb_id(4)
10-18 11:48:28.337   540  2950 I ACDB-LOADER: ACDB AFE returned = -19
10-18 11:48:28.337   540  2950 D audio_hw_primary: enable_audio_route: apply and update mixer path: low-latency-playback
10-18 11:48:28.405   540  2950 D AudioFlinger: mixer(0xf3f00000) throttle end: throttle time(12)
10-18 11:48:28.876   540  2950 D audio_hw_primary: disable_audio_route: reset and update mixer path: low-latency-playback
10-18 11:48:28.877   540  2950 D audio_hw_primary: disable_snd_device: snd_device(2: speaker)
10-18 11:48:28.890   540  2950 D audio_hw_primary: disable_snd_device: snd_device(69: vi-feedback)
10-18 11:48:28.890   540  2950 D audio_hw_primary: disable_audio_route: reset and update mixer path: spkr-vi-record
10-18 11:48:28.893   540  2950 I soundtrigger: audio_extn_sound_trigger_update_device_status: device 0x2 of type 0 for Event 0
10-18 11:48:29.211   540  2950 D audio_hw_primary: out_set_parameters: enter: usecase(1: low-latency-playback) kvpairs: routing=2
10-18 11:48:29.223   540  2950 D audio_hw_primary: select_devices: out_snd_device(2: speaker) in_snd_device(0: none)
10-18 11:48:29.223   540  2950 D msm8974_platform: platform_send_audio_calibration: sending audio calibration for snd_device(2) acdb_id(101)
10-18 11:48:29.224   540  2950 I soundtrigger: audio_extn_sound_trigger_update_device_status: device 0x2 of type 0 for Event 1
10-18 11:48:29.227   540  2950 D msm8974_platform: platform_send_audio_calibration: sending audio calibration for snd_device(69) acdb_id(102)
10-18 11:48:29.227   540  2950 D audio_hw_primary: enable_snd_device: snd_device(69: vi-feedback)
10-18 11:48:29.227   540  2950 D audio_hw_primary: enable_audio_route: apply and update mixer path: spkr-vi-record
10-18 11:48:29.230 18861 18861 D FirebaseApp: Notifying background state change listeners.
10-18 11:48:29.232 18861 18861 D HopeBay : OverviewFragment(onResume): 
10-18 11:48:29.232 18861 18861 D HopeBay : OverviewFragment(onPause): UiRefreshThread is started
10-18 11:48:29.255   540  2950 D msm8974_platform: platform_send_audio_calibration: sending audio calibration for snd_device(27) acdb_id(4)
10-18 11:48:29.255 18861 18861 D HopeBay : TeraMgmtService(onStartCommand): action=hbt.intent.action.ONGOING_NOTIFICATION
10-18 11:48:29.255   540  2950 I ACDB-LOADER: ACDB AFE returned = -19
10-18 11:48:29.255   540  2950 D audio_hw_primary: enable_audio_route: apply and update mixer path: low-latency-playback
10-18 11:48:29.323   540  2950 D AudioFlinger: mixer(0xf3f00000) throttle end: throttle time(12)
10-18 11:48:29.796   540  2950 D audio_hw_primary: disable_audio_route: reset and update mixer path: low-latency-playback
10-18 11:48:29.797   540  2950 D audio_hw_primary: disable_snd_device: snd_device(2: speaker)
