10-18 10:20:36.434   953   967 I ActivityManager: Waited long enough for: ServiceRecord{b2d8066 u0 com.qualcomm.qcrilmsgtunnel/.QcrilMsgTunnelService}
10-18 10:20:36.453   953  3602 I ActivityManager: Start proc 5793:com.hopebaytech.updater/u0a10 for broadcast com.hopebaytech.updater/.receiver.UpdateCheckReceiver
10-18 10:20:36.456  4290  5792 E ActivityThread: Failed to find provider info for com.android.contacts.metadata
10-18 10:20:36.593   953  3602 D ConnectivityService: listenForNetwork for Listen from uid/pid:10017/4290 for NetworkRequest [ id=5, legacyType=-1, [ Capabilities: INTERNET&NOT_RESTRICTED&TRUSTED&NOT_VPN] ]
10-18 10:20:36.845  3044  5825 W ActivityThread: ClassLoader.loadClass: The class loader returned by Thread.getContextClassLoader() may fail for processes that host multiple applications. You should explicitly specify a context class loader. For example: Thread.setContextClassLoader(getClass().getClassLoader());
10-18 10:20:36.888   953  5266 I ActivityManager: Killing 4575:com.google.android.partnersetup/u0a27 (adj 15): empty #17
10-18 10:20:44.183   953  2962 D ConnectivityService: handlePromptUnvalidated 100
10-18 10:20:53.467   953  3612 I ActivityManager: Start proc 5969:com.google.android.gms:car/u0a17 for service com.google.android.gms/.car.CarService
10-18 10:20:54.024   953  3071 W ActivityManager: Unable to start service Intent { act=local_action cmp=com.google.android.gms/.car.InCallService2 } U=0: not found
10-18 10:20:54.725   953   967 I ActivityManager: Waited long enough for: ServiceRecord{5cd0e11 u0 com.android.providers.downloads/.DownloadService}
10-18 10:20:55.384   953   989 I ActivityManager: Start proc 5996:com.android.defcontainer/u0a6 for service com.android.defcontainer/.DefaultContainerService
10-18 10:20:56.490   953  3612 I ActivityManager: Killing 4647:com.google.android.configupdater/u0a29 (adj 15): empty #17
10-18 10:20:59.439  5969  5969 E ActivityThread: Service com.google.android.gms.car.CarService has leaked ServiceConnection com.google.android.gms.car.CarCallService@acd99b5 that was originally bound here
10-18 10:20:59.439  5969  5969 E ActivityThread: android.app.ServiceConnectionLeaked: Service com.google.android.gms.car.CarService has leaked ServiceConnection com.google.android.gms.car.CarCallService@acd99b5 that was originally bound here
10-18 10:20:59.439  5969  5969 E ActivityThread: 	at android.app.LoadedApk$ServiceDispatcher.<init>(LoadedApk.java:1092)
10-18 10:20:59.439  5969  5969 E ActivityThread: 	at android.app.LoadedApk.getServiceDispatcher(LoadedApk.java:986)
10-18 10:20:59.439  5969  5969 E ActivityThread: 	at android.app.ContextImpl.bindServiceCommon(ContextImpl.java:1303)
10-18 10:20:59.439  5969  5969 E ActivityThread: 	at android.app.ContextImpl.bindService(ContextImpl.java:1286)
10-18 10:20:59.439  5969  5969 E ActivityThread: 	at android.content.ContextWrapper.bindService(ContextWrapper.java:604)
10-18 10:20:59.439  5969  5969 E ActivityThread: 	at android.content.ContextWrapper.bindService(ContextWrapper.java:604)
10-18 10:20:59.439  5969  5969 E ActivityThread: 	at android.content.ContextWrapper.bindService(ContextWrapper.java:604)
10-18 10:20:59.439  5969  5969 E ActivityThread: 	at irv.a(:com.google.android.gms:120)
10-18 10:20:59.439  5969  5969 E ActivityThread: 	at irv.a(:com.google.android.gms:137)
10-18 10:20:59.439  5969  5969 E ActivityThread: 	at com.google.android.gms.car.CarCallService.h(:com.google.android.gms:76)
10-18 10:20:59.439  5969  5969 E ActivityThread: 	at com.google.android.gms.car.CarCallService.<init>(:com.google.android.gms:64)
10-18 10:20:59.439  5969  5969 E ActivityThread: 	at fgl.i(:com.google.android.gms:551)
10-18 10:20:59.439  5969  5969 E ActivityThread: 	at com.google.android.gms.car.CarChimeraService.onBind(:com.google.android.gms:163)
10-18 10:20:59.439  5969  5969 E ActivityThread: 	at com.google.android.chimera.container.ServiceProxy.onBind(:com.google.android.gms:160)
10-18 10:20:59.439  5969  5969 E ActivityThread: 	at android.app.ActivityThread.handleBindService(ActivityThread.java:2904)
10-18 10:20:59.439  5969  5969 E ActivityThread: 	at android.app.ActivityThread.-wrap2(ActivityThread.java)
10-18 10:20:59.439  5969  5969 E ActivityThread: 	at android.app.ActivityThread$H.handleMessage(ActivityThread.java:1432)
10-18 10:20:59.439  5969  5969 E ActivityThread: 	at android.os.Handler.dispatchMessage(Handler.java:102)
10-18 10:20:59.439  5969  5969 E ActivityThread: 	at android.os.Looper.loop(Looper.java:148)
10-18 10:20:59.439  5969  5969 E ActivityThread: 	at android.app.ActivityThread.main(ActivityThread.java:5417)
10-18 10:20:59.439  5969  5969 E ActivityThread: 	at java.lang.reflect.Method.invoke(Native Method)
10-18 10:20:59.439  5969  5969 E ActivityThread: 	at com.android.internal.os.ZygoteInit$MethodAndArgsCaller.run(ZygoteInit.java:726)
10-18 10:20:59.439  5969  5969 E ActivityThread: 	at com.android.internal.os.ZygoteInit.main(ZygoteInit.java:616)
10-18 10:20:59.441   953  3821 W ActivityManager: Unbind failed: could not find connection for android.os.BinderProxy@78fba46
10-18 10:21:05.005   953  3071 I ActivityManager: Killing 4770:com.android.exchange/u0a40 (adj 15): empty #17
10-18 10:21:05.141   953  2961 D WifiService: New client listening to asynchronous messages
10-18 10:21:05.646   953  3602 I ActivityManager: Killing 4999:com.google.process.gapps/u0a62 (adj 15): empty #17
10-18 10:21:12.445   953   967 I ActivityManager: Start proc 6112:com.android.musicfx/u0a16 for broadcast com.android.musicfx/.ControlPanelReceiver
10-18 10:21:12.496   953  3821 I ActivityManager: Killing 3760:com.android.music/u0a48 (adj 15): empty #17
10-18 10:21:19.861   953   967 I ActivityManager: Force stopping com.google.android.tts appid=10057 user=-1: replace sys pkg
10-18 10:21:19.897   953   989 W PackageManager: Trying to update system app code path from /system/app/GoogleTTS to /data/app/com.google.android.tts-1
10-18 10:21:19.922   953   989 W PackageManager: Code path for com.google.android.tts changing from /system/app/GoogleTTS to /data/app/com.google.android.tts-1
10-18 10:21:19.922   953   967 I ActivityManager: Force stopping com.google.android.tts appid=10057 user=-1: replace pkg
10-18 10:21:19.922   953   989 W PackageManager: Resource path for com.google.android.tts changing from /system/app/GoogleTTS to /data/app/com.google.android.tts-1
10-18 10:21:20.693   953  3821 I ActivityManager: Killing 4821:com.lge.HiddenMenu/1000 (adj 15): empty #17
10-18 10:21:20.830   953   989 I ActivityManager: Force stopping com.google.android.tts appid=10057 user=0: pkg removed
10-18 10:21:20.836   953   953 D JobSchedulerService: Receieved: android.intent.action.PACKAGE_REMOVED
10-18 10:21:21.125   953  3071 I ActivityManager: Start proc 6168:com.android.keychain/1000 for broadcast com.android.keychain/.KeyChainBroadcastReceiver
10-18 10:21:21.195   953   966 W VoiceInteractionManagerService: no available voice recognition services found for user 0
10-18 10:21:21.221  6168  6168 W ContextImpl: Calling a method in the system process without a qualified user: android.app.ContextImpl.startService:1221 android.content.ContextWrapper.startService:581 android.content.ContextWrapper.startService:581 com.android.keychain.KeyChainBroadcastReceiver.onReceive:12 android.app.ActivityThread.handleReceiver:2725 
10-18 10:21:21.277   953  3070 I ActivityManager: Start proc 6185:com.google.android.partnersetup/u0a27 for broadcast com.google.android.partnersetup/.RlzPingBroadcastReceiver
10-18 10:21:21.502   953  3612 I ActivityManager: Killing 4882:com.android.messaging/u0a60 (adj 15): empty #17
10-18 10:21:21.574   953   964 I ActivityManager: Start proc 6206:com.svox.pico/u0a54 for broadcast com.svox.pico/.VoiceDataInstallerReceiver
10-18 10:21:21.675   953  3473 I ActivityManager: Killing 5133:com.verizon.omadm/u0a4 (adj 15): empty #17
10-18 10:21:21.815   953  3473 I ActivityManager: Killing 5148:com.android.settings/1000 (adj 15): empty #17
10-18 10:21:25.014   953  2933 I ActivityManager: START u0 {act=android.intent.action.MAIN cat=[android.intent.category.HOME] flg=0x10200000 cmp=com.android.launcher3/.Launcher (has extras)} from uid 1000 on display 0
10-18 10:21:26.408   953  2933 I ActivityManager: START u0 {act=android.intent.action.MAIN cat=[android.intent.category.HOME] flg=0x10200000 cmp=com.android.launcher3/.Launcher (has extras)} from uid 1000 on display 0
10-18 10:21:37.212   953   967 I ActivityManager: Waited long enough for: ServiceRecord{f947923 u0 com.android.providers.downloads/.DownloadService}
10-18 10:21:49.910  5996  6007 D DefContainer: Copying /data/local/tmp/datausage.apk to base.apk
10-18 10:21:52.377   953  3602 I ActivityManager: Start proc 6414:com.google.android.gms.unstable/u0a17 for service com.google.android.gms/.droidguard.DroidGuardService
10-18 10:22:07.350   953   965 I ActivityManager: START u0 {act=android.intent.action.MAIN cat=[android.intent.category.LAUNCHER] flg=0x10200000 cmp=com.hopebaytech.hcfsmgmt/.main.MainActivity (has extras)} from uid 10013 on display 0
10-18 10:22:07.360   953   967 W BroadcastQueue: Permission Denial: broadcasting Intent { act=com.android.launcher3.action.LAUNCH flg=0x10 (has extras) } from com.android.launcher3 (pid=3606, uid=10013) requires com.google.android.launcher.permission.RECEIVE_LAUNCH_BROADCASTS due to receiver com.google.android.gms/.icing.proxy.ApplicationLauncherReceiver
10-18 10:22:10.432   953   989 V BackupManagerService: restoreAtInstall pkg=com.andcreate.app.trafficmonitor token=2 restoreSet=0
10-18 10:22:10.432   953   989 V BackupManagerService: Finishing install immediately
10-18 10:22:10.699   953   966 W VoiceInteractionManagerService: no available voice recognition services found for user 0
10-18 10:22:23.370   953  2933 I ActivityManager: START u0 {act=android.intent.action.MAIN cat=[android.intent.category.HOME] flg=0x10200000 cmp=com.android.launcher3/.Launcher (has extras)} from uid 1000 on display 0
10-18 10:22:26.150   953   967 E KernelCpuSpeedReader: Failed to read cpu-freq: /sys/devices/system/cpu/cpu4/cpufreq/stats/time_in_state: open failed: ENOENT (No such file or directory)
10-18 10:22:26.159   953   969 E KernelCpuSpeedReader: Failed to read cpu-freq: /sys/devices/system/cpu/cpu4/cpufreq/stats/time_in_state: open failed: ENOENT (No such file or directory)
10-18 10:22:28.158   953   964 I ActivityManager: START u0 {act=android.intent.action.MAIN cat=[android.intent.category.LAUNCHER] flg=0x10200000 cmp=com.andcreate.app.trafficmonitor/.activity.MainActivity (has extras)} from uid 10013 on display 0
10-18 10:22:28.202   953   967 W BroadcastQueue: Permission Denial: broadcasting Intent { act=com.android.launcher3.action.LAUNCH flg=0x10 (has extras) } from com.android.launcher3 (pid=3606, uid=10013) requires com.google.android.launcher.permission.RECEIVE_LAUNCH_BROADCASTS due to receiver com.google.android.gms/.icing.proxy.ApplicationLauncherReceiver
10-18 10:22:28.221   953  3821 I ActivityManager: Start proc 6731:com.andcreate.app.trafficmonitor/u0a67 for activity com.andcreate.app.trafficmonitor/.activity.MainActivity
10-18 10:22:28.838   953  3618 I ActivityManager: START u0 {cmp=com.andcreate.app.trafficmonitor/.activity.AgreementConfirmationActivity} from uid 10067 on display 0
10-18 10:22:30.432   953  3473 I ActivityManager: START u0 {cmp=com.andcreate.app.trafficmonitor/.activity.MainActivity} from uid 10067 on display 0
10-18 10:22:33.340   953  3473 I ActivityManager: START u0 {cmp=com.andcreate.app.trafficmonitor/.setup.SetupActivity} from uid 10067 on display 0
10-18 10:22:33.578   953   965 I ActivityManager: Start proc 6855:com.andcreate.app.trafficmonitor:monitoring/u0a67 for service com.andcreate.app.trafficmonitor/.baudrate.OverlayService
10-18 10:22:36.466   953   964 I ActivityManager: Killing 4724:com.android.email/u0a39 (adj 15): empty #17
10-18 10:22:46.007   953  2928 I ActivityManager: Start proc 7098:com.andcreate.app.trafficmonitor:aggregate_service/u0a67 for service com.andcreate.app.trafficmonitor/.aggregate.TrafficJournalOutputService
10-18 10:22:46.441   953  3618 I ActivityManager: Killing 4695:com.android.calendar/u0a35 (adj 15): empty #17
10-18 10:23:30.429   953  3071 I ActivityManager: START u0 {act=android.intent.action.MAIN cat=[android.intent.category.LAUNCHER] flg=0x10200000 cmp=com.android.settings/.Settings (has extras)} from uid 10013 on display 0
10-18 10:23:30.480   953   967 W BroadcastQueue: Permission Denial: broadcasting Intent { act=com.android.launcher3.action.LAUNCH flg=0x10 (has extras) } from com.android.launcher3 (pid=3606, uid=10013) requires com.google.android.launcher.permission.RECEIVE_LAUNCH_BROADCASTS due to receiver com.google.android.gms/.icing.proxy.ApplicationLauncherReceiver
10-18 10:23:30.511   953   964 I ActivityManager: Start proc 7413:com.android.settings/1000 for activity com.android.settings/.Settings
10-18 10:23:30.732  7413  7413 W ContextImpl: Calling a method in the system process without a qualified user: android.app.ContextImpl.startService:1221 android.content.ContextWrapper.startService:581 com.android.settings.teraapi.TeraService.bindAPIService:75 com.android.settings.teraapi.TeraService.<init>:66 com.android.settings.SettingsActivity.onCreate:556 
10-18 10:23:30.738  7413  7413 W ContextImpl: Calling a method in the system process without a qualified user: android.app.ContextImpl.bindService:1285 android.content.ContextWrapper.bindService:604 com.android.settings.teraapi.TeraService.bindAPIService:77 com.android.settings.teraapi.TeraService.<init>:66 com.android.settings.SettingsActivity.onCreate:556 
10-18 10:23:30.759  7413  7413 W ContextImpl: Calling a method in the system process without a qualified user: android.app.ContextImpl.startService:1221 android.content.ContextWrapper.startService:581 com.android.settings.deviceinfo.StorageTera.bindAPIService:94 com.android.settings.deviceinfo.StorageTera.<init>:81 com.android.settings.SettingsActivity.onCreate:558 
10-18 10:23:30.761  7413  7413 W ContextImpl: Calling a method in the system process without a qualified user: android.app.ContextImpl.bindService:1285 android.content.ContextWrapper.bindService:604 com.android.settings.deviceinfo.StorageTera.bindAPIService:96 com.android.settings.deviceinfo.StorageTera.<init>:81 com.android.settings.SettingsActivity.onCreate:558 
10-18 10:23:30.917  7413  7413 W ContextImpl: Calling a method in the system process without a qualified user: android.app.ContextImpl.startService:1221 android.content.ContextWrapper.startService:581 com.android.settings.teraapi.TeraService.bindAPIService:75 com.android.settings.teraapi.TeraService.<init>:66 com.android.settings.SettingsActivity.onResume:830 
10-18 10:23:30.920  7413  7413 W ContextImpl: Calling a method in the system process without a qualified user: android.app.ContextImpl.bindService:1285 android.content.ContextWrapper.bindService:604 com.android.settings.teraapi.TeraService.bindAPIService:77 com.android.settings.teraapi.TeraService.<init>:66 com.android.settings.SettingsActivity.onResume:830 
10-18 10:23:32.812   953  3618 I ActivityManager: START u0 {act=android.intent.action.MAIN cmp=com.android.settings/.SubSettings (has extras)} from uid 1000 on display 0
10-18 10:23:40.132   533   637 D vold    : Disk at 253:1 changed
10-18 10:23:40.190   953  2962 D ConnectivityService: notifyType CAP_CHANGED for NetworkAgentInfo [WIFI () - 100]
10-18 10:23:51.458   953   967 I ActivityManager: Killing 5793:com.hopebaytech.updater/u0a10 (adj 15): empty #17
10-18 10:23:53.015   953  3821 I ActivityManager: START u0 {act=android.intent.action.MAIN cat=[android.intent.category.LAUNCHER] flg=0x10200000 cmp=com.hopebaytech.hcfsmgmt/.main.MainActivity (has extras)} from uid 10013 on display 0
10-18 10:23:53.029   953   967 W BroadcastQueue: Permission Denial: broadcasting Intent { act=com.android.launcher3.action.LAUNCH flg=0x10 (has extras) } from com.android.launcher3 (pid=3606, uid=10013) requires com.google.android.launcher.permission.RECEIVE_LAUNCH_BROADCASTS due to receiver com.google.android.gms/.icing.proxy.ApplicationLauncherReceiver
10-18 10:24:13.662   953  3070 W InputMethodManagerService: Window already focused, ignoring focus gain of: com.android.internal.view.IInputMethodClient$Stub$Proxy@8346ee7 attribute=null, token = android.os.BinderProxy@2c69683
10-18 10:24:17.717   953  3821 I ActivityManager: START u0 {act=android.intent.action.MAIN cat=[android.intent.category.LAUNCHER] flg=0x10200000 cmp=com.hopebaytech.hcfsmgmt/.main.MainActivity (has extras)} from uid 10013 on display 0
10-18 10:24:17.743   953   967 W BroadcastQueue: Permission Denial: broadcasting Intent { act=com.android.launcher3.action.LAUNCH flg=0x10 (has extras) } from com.android.launcher3 (pid=3606, uid=10013) requires com.google.android.launcher.permission.RECEIVE_LAUNCH_BROADCASTS due to receiver com.google.android.gms/.icing.proxy.ApplicationLauncherReceiver
10-18 10:24:22.352   953  2962 D ConnectivityService: notifyType CAP_CHANGED for NetworkAgentInfo [WIFI () - 100]
10-18 10:25:55.773   953  2962 D ConnectivityService: updateNetworkScore for NetworkAgentInfo [WIFI () - 100] to 56
10-18 10:25:58.731   953  2962 D ConnectivityService: updateNetworkScore for NetworkAgentInfo [WIFI () - 100] to 60
10-18 10:26:45.625   953   967 I ActivityManager: Force stopping com.google.android.gms appid=10017 user=-1: replace sys pkg
10-18 10:26:45.645   953   967 I ActivityManager: Killing 6731:com.andcreate.app.trafficmonitor/u0a67 (adj 9): stop com.google.android.gms
10-18 10:26:45.733   953   967 I ActivityManager: Killing 3471:com.google.android.gms.persistent/u0a17 (adj 1): stop com.google.android.gms
10-18 10:26:45.753   953   989 W PackageManager: Trying to update system app code path from /system/priv-app/PrebuiltGmsCore to /data/app/com.google.android.gms-1
10-18 10:26:45.753   953   989 W PackageManager: Package com.google.android.gms desires unavailable shared library com.google.android.ble; ignoring!
10-18 10:26:45.757   953   989 W PackageManager: Code path for com.google.android.gms changing from /system/priv-app/PrebuiltGmsCore to /data/app/com.google.android.gms-1
10-18 10:26:45.758   953   989 W PackageManager: Resource path for com.google.android.gms changing from /system/priv-app/PrebuiltGmsCore to /data/app/com.google.android.gms-1
10-18 10:26:45.772   953   989 W PackageManager: Permission group com.google.android.gms.permission.CAR_INFORMATION from package com.google.android.gms ignored: original from com.google.android.gms
10-18 10:26:45.772   953   989 W PackageManager: Permission com.google.android.gms.permission.ACTIVITY_RECOGNITION from package com.google.android.gms in an unknown group android.permission-group.PERSONAL_INFO
10-18 10:26:45.799   953   953 V BackupManagerService: Disconnected from transport ComponentInfo{com.google.android.gms/com.google.android.gms.backup.BackupTransportService}
10-18 10:26:45.810   953   953 V BackupManagerService: Registering transport com.google.android.gms/.backup.BackupTransportService::null = null
10-18 10:26:45.845   953   967 W ActivityManager: Scheduling restart of crashed service com.google.android.gms/.deviceconnection.service.DeviceConnectionServiceBroker in 1000ms
10-18 10:26:45.845   953   967 W ActivityManager: Scheduling restart of crashed service com.google.android.gms/.auth.setup.devicesignals.LockScreenService in 11000ms
10-18 10:26:45.845   953   967 W ActivityManager: Scheduling restart of crashed service com.google.android.gms/.nearby.discovery.service.ScreenOnListenerService in 21000ms
10-18 10:26:45.845   953   967 W ActivityManager: Scheduling restart of crashed service com.google.android.gms/com.google.android.contextmanager.service.ContextManagerService in 30999ms
10-18 10:26:45.846   953   967 W ActivityManager: Scheduling restart of crashed service com.google.android.gms/com.google.android.location.internal.GoogleLocationManagerService in 40999ms
10-18 10:26:45.846   953   967 W ActivityManager: Scheduling restart of crashed service com.google.android.gms/com.google.android.location.internal.server.HardwareArProviderService in 50999ms
10-18 10:26:45.846   953   967 W ActivityManager: Scheduling restart of crashed service com.google.android.gms/.backup.BackupTransportService in 60999ms
10-18 10:26:45.846   953   967 W ActivityManager: Scheduling restart of crashed service com.google.android.gms/.common.stats.GmsCoreStatsService in 70999ms
10-18 10:26:45.846   953   967 W ActivityManager: Scheduling restart of crashed service com.google.android.gms/com.google.android.location.geocode.GeocodeService in 80999ms
10-18 10:26:45.846   953   967 W ActivityManager: Scheduling restart of crashed service com.google.android.gms/.clearcut.service.ClearcutLoggerService in 90999ms
10-18 10:26:45.847   953   967 W ActivityManager: Scheduling restart of crashed service com.google.android.gms/com.google.android.location.fused.FusedLocationService in 100998ms
10-18 10:26:45.847   953   967 W ActivityManager: Scheduling restart of crashed service com.google.android.gms/com.google.android.location.geofencer.service.GeofenceProviderService in 110998ms
10-18 10:26:45.847   953   967 W ActivityManager: Scheduling restart of crashed service com.google.android.gms/.gcm.GcmService in 120998ms
10-18 10:26:45.847   953   967 W ActivityManager: Scheduling restart of crashed service com.google.android.gms/com.google.android.location.fused.service.FusedProviderService in 130998ms
10-18 10:26:45.847   953   967 W ActivityManager: Scheduling restart of crashed service com.google.android.gms/com.google.android.location.internal.server.GoogleLocationService in 140998ms
10-18 10:26:45.847   953   967 W ActivityManager: Scheduling restart of crashed service com.google.android.gms/com.google.android.location.network.NetworkLocationService in 150998ms
10-18 10:26:45.848   953   967 I ActivityManager: Killing 5969:com.google.android.gms:car/u0a17 (adj 13): stop com.google.android.gms
10-18 10:26:45.882   953   967 I ActivityManager: Killing 6414:com.google.android.gms.unstable/u0a17 (adj 13): stop com.google.android.gms
10-18 10:26:45.908   953  3019 D RttService: Client connection lost with reason: 4
10-18 10:26:45.908   953  2961 D WifiService: Client connection lost with reason: 4
10-18 10:26:45.914   953  3019 D RttService: closing client android.os.Messenger@5521954
10-18 10:26:45.926   953   967 I ActivityManager: Killing 4290:com.google.android.gms/u0a17 (adj 1): stop com.google.android.gms
10-18 10:26:45.980   953   967 W ActivityManager: Scheduling restart of crashed service com.google.android.gms/.measurement.service.MeasurementBrokerService in 160865ms
10-18 10:26:45.983   953   967 I ActivityManager:   Force stopping service ServiceRecord{8d114d4 u0 com.google.android.gms/.backup.BackupTransportService}
10-18 10:26:45.983   953   967 I ActivityManager:   Force stopping service ServiceRecord{9bb8159 u0 com.google.android.gms/com.google.android.location.internal.server.HardwareArProviderService}
10-18 10:26:45.983   953   967 I ActivityManager:   Force stopping service ServiceRecord{88c864c u0 com.google.android.gms/.common.stats.GmsCoreStatsService}
10-18 10:26:45.983   953   967 I ActivityManager:   Force stopping service ServiceRecord{f888695 u0 com.google.android.gms/.deviceconnection.service.DeviceConnectionServiceBroker}
10-18 10:26:45.983   953   967 I ActivityManager:   Force stopping service ServiceRecord{c86b848 u0 com.google.android.gms/com.google.android.location.internal.GoogleLocationManagerService}
10-18 10:26:45.983   953   967 I ActivityManager:   Force stopping service ServiceRecord{72006e u0 com.google.android.gms/com.google.android.location.network.NetworkLocationService}
10-18 10:26:45.983   953   967 I ActivityManager:   Force stopping service ServiceRecord{e520037 u0 com.google.android.gms/com.google.android.contextmanager.service.ContextManagerService}
10-18 10:26:45.983   953   967 I ActivityManager:   Force stopping service ServiceRecord{7dfa51 u0 com.google.android.gms/com.google.android.location.internal.server.GoogleLocationService}
10-18 10:26:45.984   953   967 I ActivityManager:   Force stopping service ServiceRecord{57d79d2 u0 com.google.android.gms/com.google.android.location.geofencer.service.GeofenceProviderService}
10-18 10:26:45.984   953   967 I ActivityManager:   Force stopping service ServiceRecord{5a53da5 u0 com.google.android.gms/com.google.android.location.fused.FusedLocationService}
10-18 10:26:45.984   953   967 I ActivityManager:   Force stopping service ServiceRecord{972507 u0 com.google.android.gms/com.google.android.location.fused.service.FusedProviderService}
10-18 10:26:45.984   953   967 I ActivityManager:   Force stopping service ServiceRecord{1790e32 u0 com.google.android.gms/.gcm.GcmService}
10-18 10:26:45.984   953   967 I ActivityManager:   Force stopping service ServiceRecord{f327607 u0 com.google.android.gms/.auth.setup.devicesignals.LockScreenService}
10-18 10:26:45.984   953   967 I ActivityManager:   Force stopping service ServiceRecord{ea5db7e u0 com.google.android.gms/.nearby.discovery.service.ScreenOnListenerService}
10-18 10:26:45.984   953   967 I ActivityManager:   Force stopping service ServiceRecord{7aee988 u0 com.google.android.gms/com.google.android.location.geocode.GeocodeService}
10-18 10:26:45.984   953   967 I ActivityManager:   Force stopping service ServiceRecord{2d41c2 u0 com.google.android.gms/.measurement.service.MeasurementBrokerService}
10-18 10:26:45.987   953  3602 W ActivityManager: Spurious death for ProcessRecord{87b3908 0:com.andcreate.app.trafficmonitor/u0a67}, curProc for 6731: null
10-18 10:26:45.987   953  3070 W ActivityManager: Spurious death for ProcessRecord{57ef71 0:com.google.android.gms.persistent/u0a17}, curProc for 3471: null
10-18 10:26:45.988   953  8119 W ActivityManager: Spurious death for ProcessRecord{a73a98 0:com.google.android.gms:car/u0a17}, curProc for 5969: null
10-18 10:26:45.988   953  8120 W ActivityManager: Spurious death for ProcessRecord{49e72f1 0:com.google.android.gms.unstable/u0a17}, curProc for 6414: null
10-18 10:26:45.989   953   967 I ActivityManager: Force stopping com.google.android.gms appid=10017 user=-1: replace pkg
10-18 10:26:45.990   953  3071 D ConnectivityService: ConnectivityService NetworkRequestInfo binderDied(NetworkRequest [ id=5, legacyType=-1, [ Capabilities: INTERNET&NOT_RESTRICTED&TRUSTED&NOT_VPN] ], android.os.BinderProxy@5e28ed6)
10-18 10:26:45.991   953  2961 D WifiService: Client connection lost with reason: 4
10-18 10:26:45.991   953  2962 D ConnectivityService: releasing NetworkRequest NetworkRequest [ id=5, legacyType=-1, [ Capabilities: INTERNET&NOT_RESTRICTED&TRUSTED&NOT_VPN] ]
10-18 10:26:46.050   953  2962 E ConnectivityService: RemoteException caught trying to send a callback msg for NetworkRequest [ id=5, legacyType=-1, [ Capabilities: INTERNET&NOT_RESTRICTED&TRUSTED&NOT_VPN] ]
10-18 10:26:46.581   953   989 W PackageManager: Unknown permission android.permission.MANAGE_SOUND_TRIGGER in package com.google.android.gms
10-18 10:26:46.581   953   989 W PackageManager: Unknown permission com.google.android.apps.enterprise.dmagent.permission.AutoSyncPermission in package com.google.android.gms
10-18 10:26:46.581   953   989 W PackageManager: Unknown permission android.permission.CONNECTIVITY_USE_RESTRICTED_NETWORKS in package com.google.android.gms
10-18 10:26:46.582   953   989 W PackageManager: Unknown permission android.permission.SEND_SMS_NO_CONFIRMATION in package com.google.android.gms
10-18 10:26:46.582   953   989 W PackageManager: Unknown permission com.google.android.googlequicksearchbox.permission.PAUSE_HOTWORD in package com.google.android.gms
10-18 10:26:46.582   953   989 W PackageManager: Unknown permission android.permission.TETHER_PRIVILEGED in package com.google.android.gms
10-18 10:26:46.582   953   989 W PackageManager: Unknown permission com.google.android.hangouts.START_HANGOUT in package com.google.android.gms
10-18 10:26:46.582   953   989 W PackageManager: Unknown permission android.permission.READ_OEM_UNLOCK_STATE in package com.google.android.gms
10-18 10:26:46.582   953   989 W PackageManager: Unknown permission com.google.android.wearable.READ_SETTINGS in package com.google.android.gms
10-18 10:26:46.583   953   989 W PackageManager: Unknown permission com.google.android.wh.supervisor.permission.ACCESS_METADATA_SERVICE in package com.google.android.gms
10-18 10:26:46.583   953   989 W PackageManager: Unknown permission android.permission.SUBSTITUTE_NOTIFICATION_APP_NAME in package com.google.android.gms
10-18 10:26:46.583   953   989 W PackageManager: Unknown permission com.google.android.launcher.permission.RECEIVE_LAUNCH_BROADCASTS in package com.google.android.gms
10-18 10:26:46.583   953   989 W PackageManager: Unknown permission com.google.android.gm.permission.READ_GMAIL in package com.google.android.gms
10-18 10:26:46.835   953   967 I ActivityManager: Start proc 8138:com.google.android.gms/u0a17 for broadcast com.google.android.gms/.statementservice.IntentFilterVerificationReceiver
10-18 10:26:47.015   953   989 I ActivityManager: Force stopping com.google.android.gms appid=10017 user=0: pkg removed
10-18 10:26:47.015   953   989 I ActivityManager: Killing 8138:com.google.android.gms/u0a17 (adj 0): stop com.google.android.gms
10-18 10:26:47.057   953  8118 W ActivityManager: Spurious death for ProcessRecord{beec4b0 0:com.google.android.gms/u0a17}, curProc for 8138: null
10-18 10:26:47.064   953   953 D JobSchedulerService: Receieved: android.intent.action.PACKAGE_REMOVED
10-18 10:26:47.206   953  8120 I ActivityManager: Start proc 8151:com.google.android.gms.persistent/u0a17 for service com.google.android.gms/.deviceconnection.service.DeviceConnectionServiceBroker
10-18 10:26:47.397  6168  6168 W ContextImpl: Calling a method in the system process without a qualified user: android.app.ContextImpl.startService:1221 android.content.ContextWrapper.startService:581 android.content.ContextWrapper.startService:581 com.android.keychain.KeyChainBroadcastReceiver.onReceive:12 android.app.ActivityThread.handleReceiver:2725 
10-18 10:26:48.378   953   966 W VoiceInteractionManagerService: no available voice recognition services found for user 0
10-18 10:26:50.076   953  2961 D WifiService: New client listening to asynchronous messages
10-18 10:26:53.833   953  3618 I ActivityManager: Start proc 8225:com.google.android.gms/u0a17 for service com.google.android.gms/.chimera.GmsIntentOperationService
10-18 10:26:54.695   953  2961 D WifiService: New client listening to asynchronous messages
10-18 10:26:56.359   953   953 V BackupManagerService: Connected to transport ComponentInfo{com.google.android.gms/com.google.android.gms.backup.BackupTransportService}
10-18 10:26:56.360   953   953 V BackupManagerService: Registering transport com.google.android.gms/.backup.BackupTransportService::com.google.android.gms/.backup.BackupTransportService = com.android.internal.backup.IBackupTransport$Stub$Proxy@72890e8
10-18 10:26:58.944   953  3019 D RttService: New client listening to asynchronous messages: android.os.Messenger@29eeb63
10-18 10:26:59.917   953  3602 I ActivityManager: Start proc 8340:com.andcreate.app.trafficmonitor/u0a67 for broadcast com.andcreate.app.trafficmonitor/.receiver.AppInstalledReceiver
10-18 10:27:03.332   953  8119 I ActivityManager: Start proc 8437:com.google.android.gms.feedback/u0a17 for service com.google.android.gms/.feedback.OfflineReportSendTaskService
10-18 10:27:03.805   953  2961 D WifiService: New client listening to asynchronous messages
10-18 10:27:05.780   953  3071 W BroadcastQueue: Permission Denial: broadcasting Intent { act=com.google.android.gms.GMS_UPDATED flg=0x10 pkg=com.google.android.gms } from com.android.vending (pid=5018, uid=10018) is not exported from uid 10017 due to receiver com.google.android.gms/.wallet.receiver.SystemEventBroadcastReceiver
10-18 10:27:08.759   953   953 V BackupManagerService: Connected to transport ComponentInfo{com.google.android.gms/com.google.android.gms.backup.BackupTransportService}
10-18 10:27:08.760   953   953 V BackupManagerService: Registering transport com.google.android.gms/.backup.BackupTransportService::com.google.android.gms/.backup.BackupTransportService = com.android.internal.backup.IBackupTransport$Stub$Proxy@5a65839
10-18 10:27:08.796   953   965 V BackupManagerService: selectBackupTransport() set com.google.android.gms/.backup.BackupTransportService returning android/com.android.internal.backup.LocalTransport
10-18 10:27:14.489  8225  8576 E ActivityThread: Failed to find provider info for com.google.android.wearable.settings
10-18 10:27:16.985   953  8119 I ActivityManager: Start proc 8726:com.google.android.gms.unstable/u0a17 for service com.google.android.gms/.droidguard.DroidGuardService
10-18 10:27:17.520   953  2961 D WifiService: New client listening to asynchronous messages
10-18 10:27:35.332  8225  8576 E ActivityThread: Failed to find provider info for com.google.android.wearable.settings
10-18 10:27:35.485   953  8118 I ActivityManager: Start proc 8918:com.google.android.configupdater/u0a29 for broadcast com.google.android.configupdater/.CertPin.CertPinUpdateRequestReceiver
10-18 10:27:35.853   953  3473 I ActivityManager: Killing 5162:com.android.sdm.plugins.sprintdm/1001 (adj 15): empty #17
10-18 10:27:35.977   953  8119 I ActivityManager: Killing 4454:com.android.providers.calendar/u0a1 (adj 15): empty #17
10-18 10:27:37.609   953   964 W ActivityManager: Unable to start service Intent { cmp=com.google.android.gms/.analytics.service.RefreshEnabledStateService } U=0: not found
--------- beginning of main
10-18 10:27:42.665  8151  8669 W Conscrypt: Could not set socket write timeout: null
10-18 10:27:43.225  8151  8151 W ContentTaskController: Invalid task was provided to stopTracking.
10-18 10:27:43.226  8151  8151 E NetworkScheduler.ATC: Provided calling package not found: com.google.android.apps.photos
10-18 10:27:43.323  8151  8151 W ContentTaskController: Invalid newTask was provided to startTracking.
10-18 10:27:44.477  8151  8151 W ContentTaskController: Invalid task was provided to stopTracking.
10-18 10:27:44.513  8151  8151 W ContentTaskController: Invalid task was provided to stopTracking.
10-18 10:27:44.529  8225  9023 I GCM-GMS : Registering GMS 745476177629
10-18 10:27:44.703   953   965 I chatty  : uid=1000(system) Binder_2 expire 2 lines
10-18 10:27:44.772  8151  8151 I Auth    : [AuthDelegateWrapper] Service intent: Intent { cmp=com.google.android.gms/.auth.account.authenticator.DefaultAuthDelegateService }.
10-18 10:27:44.773  8151  8151 I Auth    : [AuthDelegateWrapper] Service intent: Intent { cmp=com.google.android.gms/.auth.account.authenticator.DefaultAuthDelegateService }.
10-18 10:27:44.915  8225  9025 I GAv4-SVC: Google Analytics 9.8.77 is starting up.
10-18 10:27:44.916  8151  8303 W Conscrypt: Could not set socket write timeout: null
10-18 10:27:44.972  8151  8303 W Conscrypt: Could not set socket write timeout: null
10-18 10:27:45.217  8225  8233 E DataBuffer: Internal data leak within a DataBuffer object detected!  Be sure to explicitly call release() on all DataBuffer extending objects when you are done with them. (internal object: com.google.android.gms.common.data.DataHolder@f3f08d9)
10-18 10:27:45.405  8225  9023 I GCM-GMS : Got GMS registration
10-18 10:27:45.809   953  3473 I chatty  : uid=1000(system) Binder_5 expire 3 lines
10-18 10:27:46.677  8959  8959 W dex2oat : Compilation of void maps.T.w.a(long) took 120.586ms
10-18 10:27:48.184   953  2934 I chatty  : uid=1000(system) InputReader expire 1 line
10-18 10:27:48.291   953   966 I chatty  : uid=1000(system) android.bg expire 1 line
10-18 10:27:48.333  8151  8151 I GCoreNlp: shouldConfirmNlp, NLP off. Ensuring opt-in disabled
10-18 10:27:53.221  8959  8959 I dex2oat : dex2oat took 15.572s (threads: 2) arena alloc=2MB java alloc=3MB native alloc=12MB free=2MB
10-18 10:27:53.959  9059  9059 I dex2oat : /system/bin/dex2oat -j2 --dex-file=/data/user/0/com.google.android.gms/app_chimera/m/00000005/DynamiteModulesC_GmsCore_prodmnc_alldpi_release.apk --oat-file=/data/user/0/com.google.android.gms/app_chimera/m/00000005/oat/arm64/DynamiteModulesC_GmsCore_prodmnc_alldpi_release.dex
10-18 10:27:55.188   612   612 E QCALOG  : [MessageQ] ProcessNewMessage: [LOWI-SERVER] unknown deliver target [OS-Agent]
10-18 10:27:58.741  9059  9059 W dex2oat : Compilation of boolean arh.a(java.lang.String, long) took 149.822ms
10-18 10:27:59.533  9059  9061 W dex2oat : Compilation of void axp.<init>(android.content.Context, java.lang.String, bga, bgg, avn, ave) took 126.862ms
10-18 10:28:04.427  9059  9059 I dex2oat : dex2oat took 10.483s (threads: 2) arena alloc=3MB java alloc=3MB native alloc=12MB free=2MB
10-18 10:28:05.579  8225  8266 W art     : Long monitor contention event with owner method=void java.lang.Object.wait!(long, int) from Object.java:4294967294 waiters=0 for 29.379s
10-18 10:28:05.620  8225  9134 I OcrModelUpStIntentOp: Updating ocr activity enabled=false (gservicesFlag=false, lowRamDevice=false, prereqCheck=true)
10-18 10:28:05.883   953   963 I chatty  : uid=1000(system) HeapTaskDaemon expire 2 lines
10-18 10:28:05.888  8225  8403 I Icing   : updateResources: need to parse qwq{com.google.android.gms}
10-18 10:28:06.355  8225  9146 W IcingInternalCorpora: getNumBytesRead when not calculated.
10-18 10:28:06.368  8225  8278 I Icing   : Usage reports 0 indexed 0 rejected 0 imm upload false
10-18 10:28:06.410  8225  8278 I Icing   : Usage reports 0 indexed 0 rejected 0 imm upload false
10-18 10:28:07.476  8225  8278 I Icing   : Indexing C4E51CC9188CA84A24D469175CE46DAEE25D8A0B from com.google.android.gms
10-18 10:28:08.121  8225  8278 I Icing   : Indexing done C4E51CC9188CA84A24D469175CE46DAEE25D8A0B
10-18 10:28:09.406   953  3821 I chatty  : uid=1000(system) Binder_9 expire 2 lines
10-18 10:28:09.428  8151  8151 I Auth    : [AuthDelegateWrapper] Service intent: Intent { cmp=com.google.android.gms/.auth.account.authenticator.DefaultAuthDelegateService }.
10-18 10:28:09.430  8151  8151 I Auth    : [AuthDelegateWrapper] Service intent: Intent { cmp=com.google.android.gms/.auth.account.authenticator.DefaultAuthDelegateService }.
10-18 10:28:09.694  8151  8684 W Conscrypt: Could not set socket write timeout: null
10-18 10:28:09.841  8151  8684 W Conscrypt: Could not set socket write timeout: null
10-18 10:28:10.552   953  8119 I chatty  : uid=1000(system) Binder_D expire 3 lines
10-18 10:28:10.554   953  3618 I chatty  : uid=1000(system) Binder_8 expire 1 line
10-18 10:28:14.257   953  2962 D ConnectivityService: updateNetworkScore for NetworkAgentInfo [WIFI () - 100] to 56
10-18 10:28:17.278   953  2962 D ConnectivityService: updateNetworkScore for NetworkAgentInfo [WIFI () - 100] to 60
10-18 10:28:17.654   953  8120 I ActivityManager: Killing 7413:com.android.settings/1000 (adj 15): empty #17
10-18 10:28:55.190   612   612 E QCALOG  : [MessageQ] ProcessNewMessage: [LOWI-SERVER] unknown deliver target [OS-Agent]
10-18 10:29:12.168  8151  8151 W ContentTaskController: Invalid task was provided to stopTracking.
10-18 10:29:12.178   953  8115 I chatty  : uid=1000(system) Binder_B expire 1 line
10-18 10:29:12.391  8225  9453 I ChimeraConfigService: Scheduling checkin every 43200 seconds, with flex of 1800 seconds
10-18 10:29:12.448   953   964 I chatty  : uid=1000(system) Binder_1 expire 3 lines
10-18 10:29:12.465  8151  8303 W ContentTaskController: Invalid newTask was provided to startTracking.
10-18 10:29:12.477  8151  8151 I Auth    : [AuthDelegateWrapper] Service intent: Intent { cmp=com.google.android.gms/.auth.account.authenticator.DefaultAuthDelegateService }.
10-18 10:29:12.480  8151  8151 I Auth    : [AuthDelegateWrapper] Service intent: Intent { cmp=com.google.android.gms/.auth.account.authenticator.DefaultAuthDelegateService }.
10-18 10:29:12.705  8151  8151 I WearableService: Wear is not allowed to run on this device. Not starting Wear service.
10-18 10:29:12.760  8151  9455 I CheckinUtil: Classify the device as Phone.
10-18 10:29:12.862  8151  8159 E DataBuffer: Internal data leak within a DataBuffer object detected!  Be sure to explicitly call release() on all DataBuffer extending objects when you are done with them. (internal object: com.google.android.gms.common.data.DataHolder@82e2ed)
10-18 10:29:12.872  8225  9450 W art     : Long monitor contention event with owner method=void java.lang.Thread.unpark$() from Thread.java:1161 waiters=0 for 668ms
10-18 10:29:12.881   953  5266 I chatty  : uid=1000(system) Binder_A expire 1 line
10-18 10:29:12.899   953  3071 I chatty  : uid=1000(system) Binder_4 expire 1 line
10-18 10:29:12.900   953  3602 I chatty  : uid=1000(system) Binder_6 expire 3 lines
10-18 10:29:14.279  8151  9455 W Conscrypt: Could not set socket write timeout: null
10-18 10:29:14.406  8151  9455 W Conscrypt: Could not set socket write timeout: null
10-18 10:29:14.845  8151  8151 W ContentTaskController: Invalid task was provided to stopTracking.
10-18 10:29:15.655  8151  9466 I PhenotypeFlagCommitter: Experiment Configs successfully retrieved for com.google.android.gms.playlog.uploader
10-18 10:29:15.689  8151  9466 I GoogleURLConnFactory: Using platform SSLCertificateSocketFactory
10-18 10:29:16.185   371   371 I rmt_storage: rmt_storage_connect_cb: clnt_h=0xf conn_h=0x7f8a83a010
10-18 10:29:16.185   371   371 I rmt_storage: rmt_storage_rw_iovec_cb: /boot/modem_fs1: clnt_h=0x6: req_h=0xf msg_id=3: R/W request received
10-18 10:29:16.185   371   371 I rmt_storage: wakelock acquired: 1, error no: 42
10-18 10:29:16.186   371   476 I rmt_storage: rmt_storage_client_thread: /boot/modem_fs1: clnt_h=0x6 Unblock worker thread (th_id: 547781080128)
10-18 10:29:16.306   371   476 I rmt_storage: rmt_storage_client_thread: /boot/modem_fs1: clnt_h=0x6: req_h=0xf msg_id=3: Bytes written = 1572864
10-18 10:29:16.306   371   476 I rmt_storage: rmt_storage_client_thread: /boot/modem_fs1: clnt_h=0x6: req_h=0xf msg_id=3: Send response: res=0 err=0
10-18 10:29:16.306   371   476 I rmt_storage: rmt_storage_client_thread: /boot/modem_fs1: clnt_h=0x6 About to block rmt_storage client thread (th_id: 547781080128) wakelock released: 1, error no: 0
10-18 10:29:16.306   371   476 I rmt_storage: 
10-18 10:29:16.309   371   371 I rmt_storage: rmt_storage_disconnect_cb: clnt_h=0xf conn_h=0x7f8a83a010
10-18 10:29:17.410  8151  8151 W ContentTaskController: Invalid newTask was provided to startTracking.
10-18 10:29:42.438  4429  4429 D HopeBay : OverviewFragment(setMenuVisibility): 
10-18 10:29:42.451  4429  7758 D HopeBay : OverviewFragment->Runnable(run): UiRefreshThread is interrupted
10-18 10:29:42.999  4429  9562 D HopeBay : FileMgmtFragment(onCreate): mApiExecutorThread is interrupted
10-18 10:29:42.999  4429  9564 D HopeBay : FileMgmtFragment(mCheckPinStatusRunnable): mCheckPinStatusRunnable is interrupted
10-18 10:29:43.001  4429  9563 D HopeBay : FileMgmtFragment(AutoUiRefreshRunnable): mAutoUiRefreshThread is interrupted
10-18 10:29:43.206   540  2950 I chatty  : uid=1013(media) AudioOut_2 expire 31 lines
10-18 10:29:43.365  4429  4429 D HopeBay : AboutFragment(onViewCreated): imei_1=353627075455728
10-18 10:29:45.660  4429  9597 D HopeBay : FileMgmtFragment(mCheckPinStatusRunnable): mCheckPinStatusRunnable is interrupted
10-18 10:29:45.660  4429  9596 D HopeBay : FileMgmtFragment(AutoUiRefreshRunnable): mAutoUiRefreshThread is interrupted
10-18 10:29:45.660  4429  9595 D HopeBay : FileMgmtFragment(onCreate): mApiExecutorThread is interrupted
10-18 10:29:45.662  4429  4429 D HopeBay : OverviewFragment(setMenuVisibility): 
10-18 10:29:45.664  4429  4429 D HopeBay : OverviewFragment(setMenuVisibility): UiRefreshThread is started
10-18 10:29:55.191   612   612 E QCALOG  : [MessageQ] ProcessNewMessage: [LOWI-SERVER] unknown deliver target [OS-Agent]
10-18 10:30:02.802   953  2962 D ConnectivityService: updateNetworkScore for NetworkAgentInfo [WIFI () - 100] to 56
10-18 10:30:05.812   953  2962 D ConnectivityService: updateNetworkScore for NetworkAgentInfo [WIFI () - 100] to 60
10-18 10:30:16.675  4429  4429 D HopeBay : HCFSMgmtReceiver(onReceive): action=hbt.intent.action.NOTIFY_INSUFFICIENT_PIN_SPACE
10-18 10:30:16.675  4429  4429 D HopeBay : HCFSMgmtReceiver(onReceive): isTeraAppLogin=true
10-18 10:30:16.680  4429  4429 D HopeBay : TeraMgmtService(onStartCommand): action=hbt.intent.action.NOTIFY_INSUFFICIENT_PIN_SPACE
10-18 10:30:17.323  4429  9698 D HopeBay : TeraMgmtService(onStartCommand): notifyRatio=80, ratio=6.920112042658053
10-18 10:30:55.191   612   612 E QCALOG  : [MessageQ] ProcessNewMessage: [LOWI-SERVER] unknown deliver target [OS-Agent]
10-18 10:30:56.801  5018  6013 I PlayCommon: [224] com.google.android.play.a.g.e(790): Preparing logs for uploading
10-18 10:30:56.802  5018  6013 I PlayCommon: [224] com.google.android.play.a.g.e(792): No file ready to send
10-18 10:31:08.815   371   371 I rmt_storage: rmt_storage_connect_cb: clnt_h=0x10 conn_h=0x7f8a83a010
10-18 10:31:08.815   371   371 I rmt_storage: rmt_storage_rw_iovec_cb: /boot/modem_fs2: clnt_h=0x6: req_h=0x10 msg_id=3: R/W request received
10-18 10:31:08.815   371   371 I rmt_storage: wakelock acquired: 1, error no: 42
10-18 10:31:08.816   371   477 I rmt_storage: rmt_storage_client_thread: /boot/modem_fs2: clnt_h=0x6 Unblock worker thread (th_id: 547780035648)
10-18 10:31:08.925   371   477 I rmt_storage: rmt_storage_client_thread: /boot/modem_fs2: clnt_h=0x6: req_h=0x10 msg_id=3: Bytes written = 1572864
10-18 10:31:08.925   371   477 I rmt_storage: rmt_storage_client_thread: /boot/modem_fs2: clnt_h=0x6: req_h=0x10 msg_id=3: Send response: res=0 err=0
10-18 10:31:08.925   371   477 I rmt_storage: rmt_storage_client_thread: /boot/modem_fs2: clnt_h=0x6 About to block rmt_storage client thread (th_id: 547780035648) wakelock released: 1, error no: 0
10-18 10:31:08.925   371   477 I rmt_storage: 
10-18 10:31:08.928   371   371 I rmt_storage: rmt_storage_disconnect_cb: clnt_h=0x10 conn_h=0x7f8a83a010
10-18 10:31:55.193   612   612 E QCALOG  : [MessageQ] ProcessNewMessage: [LOWI-SERVER] unknown deliver target [OS-Agent]
10-18 10:32:55.193   612   612 E QCALOG  : [MessageQ] ProcessNewMessage: [LOWI-SERVER] unknown deliver target [OS-Agent]
10-18 10:33:01.447   371   371 I rmt_storage: rmt_storage_connect_cb: clnt_h=0x11 conn_h=0x7f8a83a010
10-18 10:33:01.447   371   371 I rmt_storage: rmt_storage_rw_iovec_cb: /boot/modem_fs1: clnt_h=0x6: req_h=0x11 msg_id=3: R/W request received
10-18 10:33:01.448   371   371 I rmt_storage: wakelock acquired: 1, error no: 42
10-18 10:33:01.448   371   476 I rmt_storage: rmt_storage_client_thread: /boot/modem_fs1: clnt_h=0x6 Unblock worker thread (th_id: 547781080128)
10-18 10:33:01.545   371   476 I rmt_storage: rmt_storage_client_thread: /boot/modem_fs1: clnt_h=0x6: req_h=0x11 msg_id=3: Bytes written = 1572864
10-18 10:33:01.545   371   476 I rmt_storage: rmt_storage_client_thread: /boot/modem_fs1: clnt_h=0x6: req_h=0x11 msg_id=3: Send response: res=0 err=0
10-18 10:33:01.546   371   476 I rmt_storage: rmt_storage_client_thread: /boot/modem_fs1: clnt_h=0x6 About to block rmt_storage client thread (th_id: 547781080128) wakelock released: 1, error no: 0
10-18 10:33:01.546   371   476 I rmt_storage: 
10-18 10:33:01.548   371   371 I rmt_storage: rmt_storage_disconnect_cb: clnt_h=0x11 conn_h=0x7f8a83a010
10-18 10:33:37.925   953   969 E KernelCpuSpeedReader: Failed to read cpu-freq: /sys/devices/system/cpu/cpu4/cpufreq/stats/time_in_state: open failed: ENOENT (No such file or directory)
10-18 10:33:40.935   953   967 E KernelCpuSpeedReader: Failed to read cpu-freq: /sys/devices/system/cpu/cpu4/cpufreq/stats/time_in_state: open failed: ENOENT (No such file or directory)
10-18 10:33:40.941   953   969 E KernelCpuSpeedReader: Failed to read cpu-freq: /sys/devices/system/cpu/cpu4/cpufreq/stats/time_in_state: open failed: ENOENT (No such file or directory)
10-18 10:33:43.887   953   967 E KernelCpuSpeedReader: Failed to read cpu-freq: /sys/devices/system/cpu/cpu4/cpufreq/stats/time_in_state: open failed: ENOENT (No such file or directory)
10-18 10:33:43.898   953   969 E KernelCpuSpeedReader: Failed to read cpu-freq: /sys/devices/system/cpu/cpu4/cpufreq/stats/time_in_state: open failed: ENOENT (No such file or directory)
10-18 10:33:49.112   953   967 E KernelCpuSpeedReader: Failed to read cpu-freq: /sys/devices/system/cpu/cpu4/cpufreq/stats/time_in_state: open failed: ENOENT (No such file or directory)
10-18 10:33:52.143   953  2962 D ConnectivityService: notifyType CAP_CHANGED for NetworkAgentInfo [WIFI () - 100]
10-18 10:33:55.194   612   612 E QCALOG  : [MessageQ] ProcessNewMessage: [LOWI-SERVER] unknown deliver target [OS-Agent]
10-18 10:33:55.195   953  2962 D ConnectivityService: notifyType CAP_CHANGED for NetworkAgentInfo [WIFI () - 100]
10-18 10:34:26.153   953   969 E KernelCpuSpeedReader: Failed to read cpu-freq: /sys/devices/system/cpu/cpu4/cpufreq/stats/time_in_state: open failed: ENOENT (No such file or directory)
10-18 10:34:27.220   953   967 E KernelCpuSpeedReader: Failed to read cpu-freq: /sys/devices/system/cpu/cpu4/cpufreq/stats/time_in_state: open failed: ENOENT (No such file or directory)
10-18 10:34:54.126   371   371 I rmt_storage: rmt_storage_connect_cb: clnt_h=0x12 conn_h=0x7f8a83a010
10-18 10:34:54.127   371   371 I rmt_storage: rmt_storage_rw_iovec_cb: /boot/modem_fs2: clnt_h=0x6: req_h=0x12 msg_id=3: R/W request received
